<html>
<body>
<pre>
<h1>µVision Build Log</h1>
<h2>Tool Versions:</h2>
IDE-Version: µVision V5.21.1.0
Copyright (C) 2016 ARM Ltd and ARM Germany GmbH. All rights reserved.
License Information: Rene Armes emz Hanauer Flex license: MDK-ARM Professional: 3 user(s) (mdk_pro) Support: Sep 2017
 
Tool Versions:
Toolchain:       MDK-ARM Professional: 3 user(s)  Version: 5.21a
Toolchain Path:  C:\PRG\KEIL_521\ARM\ARMCC\Bin
C Compiler:      Armcc.exe V5.06 update 3 (build 300)
Assembler:       Armasm.exe V5.06 update 3 (build 300)
Linker/Locator:  ArmLink.exe V5.06 update 3 (build 300)
Library Manager: ArmAr.exe V5.06 update 3 (build 300)
Hex Converter:   FromElf.exe V5.06 update 3 (build 300)
CPU DLL:         
Dialog DLL:      
Target DLL:      STLink\ST-LINKIII-KEIL_SWO.dll V2.0.18.0
Dialog DLL:      TCM.DLL V1.14.14.0
 
<h2>Project:</h2>
C:\SWProjekte\ET_Tools\trunk\test\sensor\branches\iaq_timing_versuche\ble_app_blinky_pca10040_s132.uvprojx
Project File Date:  10/25/2017

<h2>Output:</h2>
*** Using Compiler 'V5.06 update 3 (build 300)', folder: 'C:\PRG\KEIL_521\ARM\ARMCC\Bin'
Build target 'nrf52832_xxaa'
compiling main.c...
main.c(644): warning:  #167-D: argument of type "char *" is incompatible with parameter of type "const uint8_t *"
  		err_code = sd_ble_gap_device_name_set(&sec_mode, str_buff, strlen(str_buff));
main.c(519): warning:  #177-D: function "log_init" was declared but never referenced
  static void log_init(void)
main.c: 2 warnings, 0 errors
linking...
Program Size: Code=42548 RO-data=2724 RW-data=120 ZI-data=10256  
FromELF: creating hex file...
".\_build\nrf52832_xxaa.axf" - 0 Error(s), 2 Warning(s).

<h2>Software Packages used:</h2>

Package Vendor: ARM
                http://www.keil.com/pack/ARM.CMSIS.4.5.0.pack
                ARM::CMSIS:CORE:4.3.0
                CMSIS (Cortex Microcontroller Software Interface Standard)
   * Component: CORE Version: 4.3.0

Package Vendor: NordicSemiconductor
                http://developer.nordicsemi.com/nRF5_SDK/pieces/nRF_DeviceFamilyPack/NordicSemiconductor.nRF_DeviceFamilyPack.8.14.1.pack
                NordicSemiconductor::Device:Startup:8.14.1
                Nordic Semiconductor nRF ARM devices Device Family Pack.
   * Component: Startup Version: 8.14.1

<h2>Collection of Component include folders:</h2>
  C:\SWProjekte\ET_Tools\trunk\test\sensor\branches\iaq_timing_versuche\RTE
  C:\PRG\KEIL_521\ARM\PACK\ARM\CMSIS\4.5.0\CMSIS\Include
  C:\PRG\KEIL_521\ARM\PACK\NordicSemiconductor\nRF_DeviceFamilyPack\8.14.1\Device\Include

<h2>Collection of Component Files used:</h2>

   * Component: ARM::CMSIS:CORE:4.3.0

   * Component: NordicSemiconductor::Device:Startup:8.14.1
      Source file:   Device\Source\arm\arm_startup_nrf52.s
      Source file:   Device\Source\system_nrf52.c
      Include file:  Device\Include\system_nrf52.h
Build Time Elapsed:  00:00:03
</pre>
</body>
</html>
