Component: ARM Compiler 5.06 update 3 (build 300) Tool: armlink [4d35c9]

==============================================================================

Section Cross References

    main.o(i.advertising_start) refers to app_error.o(i.app_error_handler_bare) for app_error_handler_bare
    main.o(i.advertising_start) refers to boards.o(i.bsp_board_led_on) for bsp_board_led_on
    main.o(i.assert_nrf_callback) refers to app_error.o(i.app_error_handler) for app_error_handler
    main.o(i.ble_evt_handler) refers to app_error.o(i.app_error_handler_bare) for app_error_handler_bare
    main.o(i.ble_evt_handler) refers to boards.o(i.bsp_board_led_on) for bsp_board_led_on
    main.o(i.ble_evt_handler) refers to boards.o(i.bsp_board_led_off) for bsp_board_led_off
    main.o(i.ble_evt_handler) refers to app_button.o(i.app_button_enable) for app_button_enable
    main.o(i.ble_evt_handler) refers to app_button.o(i.app_button_disable) for app_button_disable
    main.o(i.ble_evt_handler) refers to main.o(i.advertising_start) for advertising_start
    main.o(i.ble_evt_handler) refers to memcpya.o(.text) for __aeabi_memcpy
    main.o(i.ble_evt_handler) refers to main.o(.data) for .data
    main.o(i.bus_read) refers to nrf_drv_twi.o(i.nrf_drv_twi_tx) for nrf_drv_twi_tx
    main.o(i.bus_read) refers to nrf_drv_twi.o(i.nrf_drv_twi_rx) for nrf_drv_twi_rx
    main.o(i.bus_read) refers to main.o(.data) for .data
    main.o(i.bus_read) refers to main.o(.constdata) for .constdata
    main.o(i.bus_write) refers to memseta.o(.text) for __aeabi_memclr4
    main.o(i.bus_write) refers to memcpya.o(.text) for __aeabi_memcpy
    main.o(i.bus_write) refers to nrf_drv_twi.o(i.nrf_drv_twi_tx) for nrf_drv_twi_tx
    main.o(i.bus_write) refers to main.o(.data) for .data
    main.o(i.bus_write) refers to main.o(.constdata) for .constdata
    main.o(i.calc_lux) refers to dfltui.o(.text) for __aeabi_ui2d
    main.o(i.calc_lux) refers to pow.o(i.__hardfp_pow) for __hardfp_pow
    main.o(i.calc_lux) refers to dmul.o(.text) for __aeabi_dmul
    main.o(i.calc_lux) refers to d2f.o(.text) for __aeabi_d2f
    main.o(i.conn_params_error_handler) refers to app_error.o(i.app_error_handler_bare) for app_error_handler_bare
    main.o(i.get_timestamp_us) refers to main.o(.data) for .data
    main.o(i.led_write_handler) refers to boards.o(i.bsp_board_led_on) for bsp_board_led_on
    main.o(i.led_write_handler) refers to boards.o(i.bsp_board_led_off) for bsp_board_led_off
    main.o(i.main) refers to app_timer.o(i.app_timer_init) for app_timer_init
    main.o(i.main) refers to app_error.o(i.app_error_handler_bare) for app_error_handler_bare
    main.o(i.main) refers to app_timer.o(i.app_timer_create) for app_timer_create
    main.o(i.main) refers to main.o(i.twi_init) for twi_init
    main.o(i.main) refers to nrf_sdh.o(i.nrf_sdh_enable_request) for nrf_sdh_enable_request
    main.o(i.main) refers to nrf_sdh_ble.o(i.nrf_sdh_ble_default_cfg_set) for nrf_sdh_ble_default_cfg_set
    main.o(i.main) refers to nrf_sdh_ble.o(i.nrf_sdh_ble_enable) for nrf_sdh_ble_enable
    main.o(i.main) refers to nrf_ble_gatt.o(i.nrf_ble_gatt_init) for nrf_ble_gatt_init
    main.o(i.main) refers to ble_lbs.o(i.ble_lbs_init) for ble_lbs_init
    main.o(i.main) refers to memseta.o(.text) for __aeabi_memclr4
    main.o(i.main) refers to ble_advdata.o(i.ble_advdata_set) for ble_advdata_set
    main.o(i.main) refers to ble_conn_params.o(i.ble_conn_params_init) for ble_conn_params_init
    main.o(i.main) refers to bsec_integration.o(i.bsec_iot_init) for bsec_iot_init
    main.o(i.main) refers to app_timer.o(i.app_timer_start) for app_timer_start
    main.o(i.main) refers to main.o(i.mein_timer_timeout_handler) for mein_timer_timeout_handler
    main.o(i.main) refers to main.o(.constdata) for .constdata
    main.o(i.main) refers to main.o(.bss) for .bss
    main.o(i.main) refers to main.o(i.led_write_handler) for led_write_handler
    main.o(i.main) refers to main.o(i.on_conn_params_evt) for on_conn_params_evt
    main.o(i.main) refers to main.o(i.conn_params_error_handler) for conn_params_error_handler
    main.o(i.main) refers to main.o(i.sleep) for sleep
    main.o(i.main) refers to main.o(i.bus_read) for bus_read
    main.o(i.main) refers to main.o(i.bus_write) for bus_write
    main.o(i.max44009_read) refers to nrf_drv_twi.o(i.nrf_drv_twi_tx) for nrf_drv_twi_tx
    main.o(i.max44009_read) refers to nrf_drv_twi.o(i.nrf_drv_twi_rx) for nrf_drv_twi_rx
    main.o(i.max44009_read) refers to main.o(.data) for .data
    main.o(i.max44009_read) refers to main.o(.constdata) for .constdata
    main.o(i.mein_timer_timeout_handler) refers to memseta.o(.text) for __aeabi_memclr4
    main.o(i.mein_timer_timeout_handler) refers to main.o(i.get_timestamp_us) for get_timestamp_us
    main.o(i.mein_timer_timeout_handler) refers to bsec_interface.o(i.bsec_sensor_control) for bsec_sensor_control
[...]
    bsec_library                             0x200026a8   Data         864  bsec_interface.o(.bss)
    STACK                                    0x20002a08   Section     8192  arm_startup_nrf52.o(STACK)

    Global Symbols

    Symbol Name                              Value     Ov Type        Size  Object(Section)

    BuildAttributes$$THM_ISAv4$E$P$D$K$B$S$7EM$VFPi3$EXTD16$VFPS$VFMA$PE$A:L22UL41UL21$X:L11$S22US41US21$IEEE1$IW$USESV6$~STKCKD$USESV7$~SHL$OTIME$ROPI$IEEEX$EBA8$MICROLIB$REQ8$PRES8$EABIv2 0x00000000   Number         0  anon$$obj.o ABSOLUTE
    __ARM_use_no_argv                        0x00000000   Number         0  main.o ABSOLUTE
    _printf_a                                0x00000000   Number         0  stubs.o ABSOLUTE
    _printf_c                                0x00000000   Number         0  stubs.o ABSOLUTE
    _printf_charcount                        0x00000000   Number         0  stubs.o ABSOLUTE
    _printf_d                                0x00000000   Number         0  stubs.o ABSOLUTE
    _printf_e                                0x00000000   Number         0  stubs.o ABSOLUTE
    _printf_f                                0x00000000   Number         0  stubs.o ABSOLUTE
    _printf_flags                            0x00000000   Number         0  stubs.o ABSOLUTE
    _printf_fp_dec                           0x00000000   Number         0  stubs.o ABSOLUTE
    _printf_fp_hex                           0x00000000   Number         0  stubs.o ABSOLUTE
    _printf_g                                0x00000000   Number         0  stubs.o ABSOLUTE
    _printf_i                                0x00000000   Number         0  stubs.o ABSOLUTE
    _printf_int_dec                          0x00000000   Number         0  stubs.o ABSOLUTE
    _printf_l                                0x00000000   Number         0  stubs.o ABSOLUTE
    _printf_lc                               0x00000000   Number         0  stubs.o ABSOLUTE
    _printf_ll                               0x00000000   Number         0  stubs.o ABSOLUTE
    _printf_lld                              0x00000000   Number         0  stubs.o ABSOLUTE
    _printf_lli                              0x00000000   Number         0  stubs.o ABSOLUTE
    _printf_llo                              0x00000000   Number         0  stubs.o ABSOLUTE
    _printf_llu                              0x00000000   Number         0  stubs.o ABSOLUTE
    _printf_llx                              0x00000000   Number         0  stubs.o ABSOLUTE
    _printf_longlong_dec                     0x00000000   Number         0  stubs.o ABSOLUTE
    _printf_longlong_hex                     0x00000000   Number         0  stubs.o ABSOLUTE
    _printf_longlong_oct                     0x00000000   Number         0  stubs.o ABSOLUTE
    _printf_ls                               0x00000000   Number         0  stubs.o ABSOLUTE
    _printf_mbtowc                           0x00000000   Number         0  stubs.o ABSOLUTE
    _printf_n                                0x00000000   Number         0  stubs.o ABSOLUTE
    _printf_o                                0x00000000   Number         0  stubs.o ABSOLUTE
    _printf_p                                0x00000000   Number         0  stubs.o ABSOLUTE
    _printf_percent                          0x00000000   Number         0  stubs.o ABSOLUTE
    _printf_pre_padding                      0x00000000   Number         0  stubs.o ABSOLUTE
    _printf_return_value                     0x00000000   Number         0  stubs.o ABSOLUTE
    _printf_s                                0x00000000   Number         0  stubs.o ABSOLUTE
    _printf_sizespec                         0x00000000   Number         0  stubs.o ABSOLUTE
    _printf_str                              0x00000000   Number         0  stubs.o ABSOLUTE
    _printf_truncate_signed                  0x00000000   Number         0  stubs.o ABSOLUTE
    _printf_truncate_unsigned                0x00000000   Number         0  stubs.o ABSOLUTE
    _printf_u                                0x00000000   Number         0  stubs.o ABSOLUTE
    _printf_wc                               0x00000000   Number         0  stubs.o ABSOLUTE
    _printf_wctomb                           0x00000000   Number         0  stubs.o ABSOLUTE
    _printf_widthprec                        0x00000000   Number         0  stubs.o ABSOLUTE
    _printf_x                                0x00000000   Number         0  stubs.o ABSOLUTE
    __cpp_initialize__aeabi_                  - Undefined Weak Reference
    __cxa_finalize                            - Undefined Weak Reference
    __decompress                              - Undefined Weak Reference
    _clock_init                               - Undefined Weak Reference
    _microlib_exit                            - Undefined Weak Reference
    pwr_mgmt_data0$$Base                      - Undefined Reference
    pwr_mgmt_data0$$Limit                     - Undefined Reference
    pwr_mgmt_data1$$Base                      - Undefined Reference
    pwr_mgmt_data1$$Limit                     - Undefined Reference
    pwr_mgmt_data2$$Base                      - Undefined Reference
    pwr_mgmt_data2$$Limit                     - Undefined Reference
    sdh_req_observers0$$Base                  - Undefined Reference
    sdh_req_observers0$$Limit                 - Undefined Reference
    sdh_req_observers1$$Base                  - Undefined Reference
    sdh_req_observers1$$Limit                 - Undefined Reference
    sdh_soc_observers1$$Base                  - Undefined Reference
    sdh_soc_observers1$$Limit                 - Undefined Reference
    sdh_stack_observers1$$Base                - Undefined Reference
    sdh_stack_observers1$$Limit               - Undefined Reference
    sdh_state_observers1$$Base                - Undefined Reference
    sdh_state_observers1$$Limit               - Undefined Reference
    __Vectors_Size                           0x00000200   Number         0  arm_startup_nrf52.o ABSOLUTE
    __Vectors                                0x00023000   Data           4  arm_startup_nrf52.o(RESET)
    __Vectors_End                            0x00023200   Data           0  arm_startup_nrf52.o(RESET)
    __main                                   0x00023201   Thumb Code     0  entry.o(.ARM.Collect$$$$00000000)
    _main_stk                                0x00023201   Thumb Code     0  entry2.o(.ARM.Collect$$$$00000001)
    _main_scatterload                        0x00023205   Thumb Code     0  entry5.o(.ARM.Collect$$$$00000004)
    __main_after_scatterload                 0x00023209   Thumb Code     0  entry5.o(.ARM.Collect$$$$00000004)
    _main_clock                              0x00023209   Thumb Code     0  entry7b.o(.ARM.Collect$$$$00000008)
    _main_cpp_init                           0x00023209   Thumb Code     0  entry8b.o(.ARM.Collect$$$$0000000A)
    _main_init                               0x00023209   Thumb Code     0  entry9a.o(.ARM.Collect$$$$0000000B)
    __rt_final_cpp                           0x00023211   Thumb Code     0  entry10a.o(.ARM.Collect$$$$0000000D)
    __rt_final_exit                          0x00023211   Thumb Code     0  entry11a.o(.ARM.Collect$$$$0000000F)
    Reset_Handler                            0x00023215   Thumb Code     8  arm_startup_nrf52.o(.text)
    NMI_Handler                              0x0002321d   Thumb Code     2  arm_startup_nrf52.o(.text)
    HardFault_Handler                        0x0002321f   Thumb Code     2  arm_startup_nrf52.o(.text)
    MemoryManagement_Handler                 0x00023221   Thumb Code     2  arm_startup_nrf52.o(.text)
    BusFault_Handler                         0x00023223   Thumb Code     2  arm_startup_nrf52.o(.text)
    UsageFault_Handler                       0x00023225   Thumb Code     2  arm_startup_nrf52.o(.text)
    SVC_Handler                              0x00023227   Thumb Code     2  arm_startup_nrf52.o(.text)
    DebugMon_Handler                         0x00023229   Thumb Code     2  arm_startup_nrf52.o(.text)
    PendSV_Handler                           0x0002322b   Thumb Code     2  arm_startup_nrf52.o(.text)
    SysTick_Handler                          0x0002322d   Thumb Code     2  arm_startup_nrf52.o(.text)
    CCM_AAR_IRQHandler                       0x0002322f   Thumb Code     0  arm_startup_nrf52.o(.text)
    COMP_LPCOMP_IRQHandler                   0x0002322f   Thumb Code     0  arm_startup_nrf52.o(.text)
    ECB_IRQHandler                           0x0002322f   Thumb Code     0  arm_startup_nrf52.o(.text)
    FPU_IRQHandler                           0x0002322f   Thumb Code     0  arm_startup_nrf52.o(.text)
    I2S_IRQHandler                           0x0002322f   Thumb Code     0  arm_startup_nrf52.o(.text)
    MWU_IRQHandler                           0x0002322f   Thumb Code     0  arm_startup_nrf52.o(.text)
    NFCT_IRQHandler                          0x0002322f   Thumb Code     0  arm_startup_nrf52.o(.text)
    PDM_IRQHandler                           0x0002322f   Thumb Code     0  arm_startup_nrf52.o(.text)
    PWM0_IRQHandler                          0x0002322f   Thumb Code     0  arm_startup_nrf52.o(.text)
    PWM1_IRQHandler                          0x0002322f   Thumb Code     0  arm_startup_nrf52.o(.text)
    PWM2_IRQHandler                          0x0002322f   Thumb Code     0  arm_startup_nrf52.o(.text)
    QDEC_IRQHandler                          0x0002322f   Thumb Code     0  arm_startup_nrf52.o(.text)
    RADIO_IRQHandler                         0x0002322f   Thumb Code     0  arm_startup_nrf52.o(.text)
    RNG_IRQHandler                           0x0002322f   Thumb Code     0  arm_startup_nrf52.o(.text)
    RTC0_IRQHandler                          0x0002322f   Thumb Code     0  arm_startup_nrf52.o(.text)
    RTC2_IRQHandler                          0x0002322f   Thumb Code     0  arm_startup_nrf52.o(.text)
    SAADC_IRQHandler                         0x0002322f   Thumb Code     0  arm_startup_nrf52.o(.text)
    SPIM1_SPIS1_TWIM1_TWIS1_SPI1_TWI1_IRQHandler 0x0002322f   Thumb Code     0  arm_startup_nrf52.o(.text)
    SPIM2_SPIS2_SPI2_IRQHandler              0x0002322f   Thumb Code     0  arm_startup_nrf52.o(.text)
    SWI1_EGU1_IRQHandler                     0x0002322f   Thumb Code     0  arm_startup_nrf52.o(.text)
    SWI3_EGU3_IRQHandler                     0x0002322f   Thumb Code     0  arm_startup_nrf52.o(.text)
    SWI4_EGU4_IRQHandler                     0x0002322f   Thumb Code     0  arm_startup_nrf52.o(.text)
    SWI5_EGU5_IRQHandler                     0x0002322f   Thumb Code     0  arm_startup_nrf52.o(.text)
    TEMP_IRQHandler                          0x0002322f   Thumb Code     0  arm_startup_nrf52.o(.text)
    TIMER0_IRQHandler                        0x0002322f   Thumb Code     0  arm_startup_nrf52.o(.text)
    TIMER1_IRQHandler                        0x0002322f   Thumb Code     0  arm_startup_nrf52.o(.text)
    TIMER2_IRQHandler                        0x0002322f   Thumb Code     0  arm_startup_nrf52.o(.text)
    TIMER3_IRQHandler                        0x0002322f   Thumb Code     0  arm_startup_nrf52.o(.text)
    TIMER4_IRQHandler                        0x0002322f   Thumb Code     0  arm_startup_nrf52.o(.text)
    WDT_IRQHandler                           0x0002322f   Thumb Code     0  arm_startup_nrf52.o(.text)
    __aeabi_uldivmod                         0x00023239   Thumb Code    98  uldiv.o(.text)
    __aeabi_ldivmod                          0x0002329b   Thumb Code    98  ldiv.o(.text)
    __aeabi_llsl                             0x000232fd   Thumb Code    30  llshl.o(.text)
    _ll_shift_l                              0x000232fd   Thumb Code     0  llshl.o(.text)
    __aeabi_llsr                             0x0002331b   Thumb Code    32  llushr.o(.text)
    _ll_ushift_r                             0x0002331b   Thumb Code     0  llushr.o(.text)
    __aeabi_memcpy                           0x0002333b   Thumb Code    36  memcpya.o(.text)
    __aeabi_memcpy4                          0x0002333b   Thumb Code     0  memcpya.o(.text)
    __aeabi_memcpy8                          0x0002333b   Thumb Code     0  memcpya.o(.text)
    __aeabi_memset                           0x0002335f   Thumb Code    14  memseta.o(.text)
    __aeabi_memset4                          0x0002335f   Thumb Code     0  memseta.o(.text)
    __aeabi_memset8                          0x0002335f   Thumb Code     0  memseta.o(.text)
    __aeabi_memclr                           0x0002336d   Thumb Code     4  memseta.o(.text)
    __aeabi_memclr4                          0x0002336d   Thumb Code     0  memseta.o(.text)
    __aeabi_memclr8                          0x0002336d   Thumb Code     0  memseta.o(.text)
    _memset$wrapper                          0x00023371   Thumb Code    18  memseta.o(.text)
    strlen                                   0x00023383   Thumb Code    14  strlen.o(.text)
    __aeabi_dadd                             0x00023391   Thumb Code   322  dadd.o(.text)
    __aeabi_dsub                             0x000234d3   Thumb Code     6  dadd.o(.text)
    __aeabi_drsub                            0x000234d9   Thumb Code     6  dadd.o(.text)
    __aeabi_dmul                             0x000234df   Thumb Code   228  dmul.o(.text)
    __aeabi_ddiv                             0x000235c3   Thumb Code   222  ddiv.o(.text)
    __aeabi_l2f                              0x000236a1   Thumb Code    44  ffltl.o(.text)
    __aeabi_i2d                              0x000236cd   Thumb Code    34  dflti.o(.text)
    __aeabi_ui2d                             0x000236ef   Thumb Code    26  dfltui.o(.text)
    __aeabi_d2iz                             0x00023709   Thumb Code    62  dfixi.o(.text)
    __aeabi_d2uiz                            0x00023747   Thumb Code    50  dfixui.o(.text)
    __aeabi_d2lz                             0x00023779   Thumb Code    74  dfixl.o(.text)
    __aeabi_d2ulz                            0x000237c3   Thumb Code    48  dfixul.o(.text)
    __aeabi_f2d                              0x000237f3   Thumb Code    38  f2d.o(.text)
    __aeabi_cdcmpeq                          0x00023819   Thumb Code     0  cdcmple.o(.text)
    __aeabi_cdcmple                          0x00023819   Thumb Code    48  cdcmple.o(.text)
    __aeabi_cdrcmple                         0x00023849   Thumb Code    48  cdrcmple.o(.text)
    __aeabi_d2f                              0x00023879   Thumb Code    56  d2f.o(.text)
    __aeabi_uidiv                            0x000238b1   Thumb Code     0  uidiv.o(.text)
    __aeabi_uidivmod                         0x000238b1   Thumb Code    44  uidiv.o(.text)
    __aeabi_lasr                             0x000238dd   Thumb Code    36  llsshr.o(.text)
    _ll_sshift_r                             0x000238dd   Thumb Code     0  llsshr.o(.text)
    __I$use$fp                               0x00023901   Thumb Code     0  iusefp.o(.text)
    _float_round                             0x00023901   Thumb Code    18  fepilogue.o(.text)
    _float_epilogue                          0x00023913   Thumb Code    92  fepilogue.o(.text)
    _frnd                                    0x0002396f   Thumb Code    60  frnd.o(.text)
    _double_round                            0x000239ab   Thumb Code    30  depilogue.o(.text)
    _double_epilogue                         0x000239c9   Thumb Code   156  depilogue.o(.text)
    __ARM_scalbn                             0x00023a65   Thumb Code    46  dscalb.o(.text)
    scalbn                                   0x00023a65   Thumb Code     0  dscalb.o(.text)
    __ARM_fcmp4                              0x00023a93   Thumb Code    54  fcmp4.o(.text)
    _fcmp4                                   0x00023a93   Thumb Code     0  fcmp4.o(.text)
    __fp_status                              0x00023ac9   Thumb Code     4  fpstat.o(.text)
    __ieee_status                            0x00023ac9   Thumb Code     0  fpstat.o(.text)
    __scatterload                            0x00023acd   Thumb Code    28  init.o(.text)
    __scatterload_rt2                        0x00023acd   Thumb Code     0  init.o(.text)
    _dsqrt                                   0x00023af1   Thumb Code   162  dsqrt.o(.text)
    GPIOTE_IRQHandler                        0x00023b95   Thumb Code   362  nrf_drv_gpiote.o(i.GPIOTE_IRQHandler)
    POWER_CLOCK_IRQHandler                   0x00023d6d   Thumb Code    84  nrf_drv_clock.o(i.POWER_CLOCK_IRQHandler)
    RTC1_IRQHandler                          0x00023dc5   Thumb Code    32  app_timer.o(i.RTC1_IRQHandler)
    SPIM0_SPIS0_TWIM0_TWIS0_SPI0_TWI0_IRQHandler 0x00023de9   Thumb Code     8  nrf_drv_twi.o(i.SPIM0_SPIS0_TWIM0_TWIS0_SPI0_TWI0_IRQHandler)
    SWI0_EGU0_IRQHandler                     0x00023df9   Thumb Code     4  app_timer.o(i.SWI0_EGU0_IRQHandler)
    SWI2_EGU2_IRQHandler                     0x00023dfd   Thumb Code     4  nrf_sdh.o(i.SWI2_EGU2_IRQHandler)
    SystemInit                               0x00023e01   Thumb Code   700  system_nrf52.o(i.SystemInit)
    UARTE0_UART0_IRQHandler                  0x000240fd   Thumb Code    20  nrf_drv_uart.o(i.UARTE0_UART0_IRQHandler)
    __0sprintf$1                             0x00024119   Thumb Code    34  printf1.o(i.__0sprintf$1)
    __1sprintf$1                             0x00024119   Thumb Code     0  printf1.o(i.__0sprintf$1)
    __2sprintf                               0x00024119   Thumb Code     0  printf1.o(i.__0sprintf$1)
    __ARM_fpclassify                         0x00024141   Thumb Code    48  fpclassify.o(i.__ARM_fpclassify)
    __ARM_fpclassifyf                        0x00024171   Thumb Code    38  fpclassifyf.o(i.__ARM_fpclassifyf)
    __hardfp_ceil                            0x00024199   Thumb Code   252  ceil.o(i.__hardfp_ceil)
    __hardfp_expf                            0x000242b1   Thumb Code   426  expf.o(i.__hardfp_expf)
    __mathlib_expf                           0x000242b1   Thumb Code     0  expf.o(i.__hardfp_expf)
    __hardfp_fabs                            0x00024499   Thumb Code    20  fabs.o(i.__hardfp_fabs)
    __hardfp_floor                           0x000244b1   Thumb Code   252  floor.o(i.__hardfp_floor)
    __hardfp_fmaxf                           0x000245c9   Thumb Code    72  fmaxf.o(i.__hardfp_fmaxf)
    __hardfp_fminf                           0x00024611   Thumb Code    72  fminf.o(i.__hardfp_fminf)
    __hardfp_frexp                           0x00024659   Thumb Code   116  frexp.o(i.__hardfp_frexp)
    __hardfp_log10f                          0x000246e5   Thumb Code   332  log10f.o(i.__hardfp_log10f)
    __hardfp_logf                            0x00024865   Thumb Code   320  logf.o(i.__hardfp_logf)
    __mathlib_logf                           0x00024865   Thumb Code     0  logf.o(i.__hardfp_logf)
    __hardfp_pow                             0x000249d1   Thumb Code  3072  pow.o(i.__hardfp_pow)
    __hardfp_powf                            0x00025621   Thumb Code  1606  powf.o(i.__hardfp_powf)
    __mathlib_powf                           0x00025621   Thumb Code     0  powf.o(i.__hardfp_powf)
    __hardfp_roundf                          0x00025c85   Thumb Code   154  roundf.o(i.__hardfp_roundf)
    __hardfp_sinf                            0x00025d21   Thumb Code   344  sinf.o(i.__hardfp_sinf)
    __hardfp_sqrtf                           0x00025eb1   Thumb Code    58  sqrtf.o(i.__hardfp_sqrtf)
    __kernel_poly                            0x00025eeb   Thumb Code   248  poly.o(i.__kernel_poly)
    __mathlib_dbl_divzero                    0x00025fe9   Thumb Code    28  dunder.o(i.__mathlib_dbl_divzero)
    __mathlib_dbl_infnan2                    0x00026019   Thumb Code    20  dunder.o(i.__mathlib_dbl_infnan2)
    __mathlib_dbl_invalid                    0x00026031   Thumb Code    24  dunder.o(i.__mathlib_dbl_invalid)
    __mathlib_dbl_overflow                   0x00026051   Thumb Code    24  dunder.o(i.__mathlib_dbl_overflow)
    __mathlib_dbl_underflow                  0x00026071   Thumb Code    24  dunder.o(i.__mathlib_dbl_underflow)
    __mathlib_flt_divzero                    0x00026091   Thumb Code    14  funder.o(i.__mathlib_flt_divzero)
    __mathlib_flt_infnan                     0x000260a5   Thumb Code     6  funder.o(i.__mathlib_flt_infnan)
    __mathlib_flt_infnan2                    0x000260ab   Thumb Code     6  funder.o(i.__mathlib_flt_infnan2)
    __mathlib_flt_invalid                    0x000260b1   Thumb Code    10  funder.o(i.__mathlib_flt_invalid)
    __mathlib_flt_overflow                   0x000260c1   Thumb Code    10  funder.o(i.__mathlib_flt_overflow)
    __mathlib_flt_underflow                  0x000260d1   Thumb Code    10  funder.o(i.__mathlib_flt_underflow)
    __mathlib_rredf2                         0x000260e1   Thumb Code   316  rredf.o(i.__mathlib_rredf2)
    __scatterload_copy                       0x00026235   Thumb Code    14  handlers.o(i.__scatterload_copy)
    __scatterload_null                       0x00026243   Thumb Code     2  handlers.o(i.__scatterload_null)
    __scatterload_zeroinit                   0x00026245   Thumb Code    14  handlers.o(i.__scatterload_zeroinit)
    __set_errno                              0x00026279   Thumb Code     6  errno.o(i.__set_errno)
    app_button_disable                       0x00026419   Thumb Code    38  app_button.o(i.app_button_disable)
    app_button_enable                        0x00026449   Thumb Code    32  app_button.o(i.app_button_enable)
    app_error_fault_handler                  0x0002646d   Thumb Code    38  app_error_weak.o(i.app_error_fault_handler)
    app_error_handler_bare                   0x0002649d   Thumb Code    22  app_error.o(i.app_error_handler_bare)
    app_timer_create                         0x000264b5   Thumb Code    32  app_timer.o(i.app_timer_create)
    app_timer_init                           0x000264d9   Thumb Code    70  app_timer.o(i.app_timer_init)
    app_timer_start                          0x0002652d   Thumb Code   128  app_timer.o(i.app_timer_start)
    app_timer_stop                           0x000265b5   Thumb Code    26  app_timer.o(i.app_timer_stop)
    app_util_critical_region_enter           0x000265d5   Thumb Code    64  app_util_platform.o(i.app_util_critical_region_enter)
    app_util_critical_region_exit            0x0002661d   Thumb Code    46  app_util_platform.o(i.app_util_critical_region_exit)
    ble_advdata_encode                       0x00026651   Thumb Code   386  ble_advdata.o(i.ble_advdata_encode)
    ble_advdata_set                          0x000267d3   Thumb Code   104  ble_advdata.o(i.ble_advdata_set)
    ble_conn_params_init                     0x0002683d   Thumb Code    90  ble_conn_params.o(i.ble_conn_params_init)
    ble_lbs_init                             0x00026c0d   Thumb Code    82  ble_lbs.o(i.ble_lbs_init)
    ble_lbs_on_ble_evt                       0x00026c65   Thumb Code    46  ble_lbs.o(i.ble_lbs_on_ble_evt)
    ble_srv_is_notification_enabled          0x00026c93   Thumb Code     8  ble_srv_common.o(i.ble_srv_is_notification_enabled)
    bme680_align_uncomp_data                 0x00026ff5   Thumb Code   128  bme680.o(i.bme680_align_uncomp_data)
    bme680_bsec_process_data                 0x00027075   Thumb Code   224  bsec_integration.o(i.bme680_bsec_process_data)
    bme680_bsec_read_data                    0x00027159   Thumb Code   354  bsec_integration.o(i.bme680_bsec_read_data)
    bme680_bsec_trigger_measurement          0x000272c5   Thumb Code   326  bsec_integration.o(i.bme680_bsec_trigger_measurement)
    bme680_bsec_update_subscription          0x00027429   Thumb Code    92  bsec_integration.o(i.bme680_bsec_update_subscription)
    bme680_compensate_data                   0x000274bd   Thumb Code   430  bme680.o(i.bme680_compensate_data)
    bme680_compensate_gas_double             0x0002766d   Thumb Code   266  bme680_calculations.o(i.bme680_compensate_gas_double)
    bme680_compensate_humidity_double        0x000277ad   Thumb Code   380  bme680_calculations.o(i.bme680_compensate_humidity_double)
    bme680_compensate_pressure_double        0x00027971   Thumb Code   630  bme680_calculations.o(i.bme680_compensate_pressure_double)
    bme680_compensate_temperature_double     0x00027c79   Thumb Code   314  bme680_calculations.o(i.bme680_compensate_temperature_double)
    bme680_convert_temperature_to_resistance_double 0x00027de5   Thumb Code   358  bme680_calculations.o(i.bme680_convert_temperature_to_resistance_double)
    bme680_get_new_data                      0x00028359   Thumb Code   124  bme680.o(i.bme680_get_new_data)
    bme680_get_power_mode                    0x000283d5   Thumb Code    64  bme680.o(i.bme680_get_power_mode)
    bme680_get_uncomp_data                   0x00028415   Thumb Code   268  bme680.o(i.bme680_get_uncomp_data)
    bme680_init                              0x00028521   Thumb Code    88  bme680.o(i.bme680_init)
    bme680_read_status_fields                0x000285ef   Thumb Code   164  bme680.o(i.bme680_read_status_fields)
    bme680_set_gas_heater_config             0x000286af   Thumb Code   212  bme680.o(i.bme680_set_gas_heater_config)
    bme680_set_power_mode                    0x000287cf   Thumb Code    82  bme680.o(i.bme680_set_power_mode)
    bme680_set_sensor_config                 0x00028821   Thumb Code   214  bme680.o(i.bme680_set_sensor_config)
    bsec_Bsec_applyUpdateSubscription        0x000288f9   Thumb Code   220  Bsec.o(i.bsec_Bsec_applyUpdateSubscription)
    bsec_Bsec_checkIfGasPulseRequired        0x000289d9   Thumb Code    56  Bsec.o(i.bsec_Bsec_checkIfGasPulseRequired)
    bsec_Bsec_checkIfSensorRequired          0x00028a11   Thumb Code    70  Bsec.o(i.bsec_Bsec_checkIfSensorRequired)
    bsec_Bsec_checkSamplIntvlCompatibilty    0x00028a5d   Thumb Code   418  Bsec.o(i.bsec_Bsec_checkSamplIntvlCompatibilty)
    bsec_Bsec_requestOutput                  0x00028c0d   Thumb Code    48  Bsec.o(i.bsec_Bsec_requestOutput)
    bsec_Bsec_setHyperConfiguration          0x00028c41   Thumb Code   522  Bsec.o(i.bsec_Bsec_setHyperConfiguration)
    bsec_Bsec_setHyperState                  0x00028e69   Thumb Code    64  Bsec.o(i.bsec_Bsec_setHyperState)
    bsec_ChannelHub_ChannelHub               0x00028ea9   Thumb Code    64  ChannelHub.o(i.bsec_ChannelHub_ChannelHub)
    bsec_ChannelHub_do                       0x00028ee9   Thumb Code   808  ChannelHub.o(i.bsec_ChannelHub_do)
    bsec_ChannelHub_getOutput                0x00029215   Thumb Code    66  ChannelHub.o(i.bsec_ChannelHub_getOutput)
    bsec_ChannelHub_isOutputValid            0x000292dd   Thumb Code    22  ChannelHub.o(i.bsec_ChannelHub_isOutputValid)
    bsec_ChannelHub_recalculateDownsampling  0x000292f5   Thumb Code   218  ChannelHub.o(i.bsec_ChannelHub_recalculateDownsampling)
    bsec_ChannelHub_resetSamplIntvls         0x00029449   Thumb Code    90  ChannelHub.o(i.bsec_ChannelHub_resetSamplIntvls)
    bsec_ChannelHub_setInput                 0x000294a5   Thumb Code    64  ChannelHub.o(i.bsec_ChannelHub_setInput)
    bsec_ChannelHub_updateChannelInterfaceDependency 0x0002953d   Thumb Code    84  ChannelHub.o(i.bsec_ChannelHub_updateChannelInterfaceDependency)
    bsec_ChannelHub_updateOutputSamplIntvl   0x00029595   Thumb Code   148  ChannelHub.o(i.bsec_ChannelHub_updateOutputSamplIntvl)
    bsec_Channel_reset                       0x0002962d   Thumb Code    34  Channel.o(i.bsec_Channel_reset)
    bsec_ExpSmoothingBsec_ExpSmoothingBsec   0x00029651   Thumb Code    48  ExpSmoothingBsec.o(i.bsec_ExpSmoothingBsec_ExpSmoothingBsec)
    bsec_ExpSmoothing_setCoeffFromBandwidth  0x00029685   Thumb Code   184  ExpSmoothing.o(i.bsec_ExpSmoothing_setCoeffFromBandwidth)
    bsec_ExpSmoothing_setState               0x00029741   Thumb Code    28  ExpSmoothing.o(i.bsec_ExpSmoothing_setState)
    bsec_GasHumidityBaselineTracker_GasHumidityBaselineTracker 0x00029761   Thumb Code   174  GasHumidityBaselineTracker.o(i.bsec_GasHumidityBaselineTracker_GasHumidityBaselineTracker)
    bsec_GasHumidityBaselineTracker_doStep   0x00029821   Thumb Code   288  GasHumidityBaselineTracker.o(i.bsec_GasHumidityBaselineTracker_doStep)
    bsec_GasHumidityBaselineTracker_setState 0x00029b01   Thumb Code    20  GasHumidityBaselineTracker.o(i.bsec_GasHumidityBaselineTracker_setState)
    bsec_GasHumidityBaselineTracker_updateInterfaceDependency 0x00029b19   Thumb Code    82  GasHumidityBaselineTracker.o(i.bsec_GasHumidityBaselineTracker_updateInterfaceDependency)
    bsec_GasHumidityPreProcessor_doStep      0x00029c71   Thumb Code    36  GasHumidityPreProcessor.o(i.bsec_GasHumidityPreProcessor_doStep)
    bsec_HumidityTemperatureCorrector_HumidityTemperatureCorrector 0x00029c99   Thumb Code    76  HumidityTemperatureCorrector.o(i.bsec_HumidityTemperatureCorrector_HumidityTemperatureCorrector)
    bsec_HumidityTemperatureCorrector_doStep 0x00029ce9   Thumb Code   178  HumidityTemperatureCorrector.o(i.bsec_HumidityTemperatureCorrector_doStep)
    bsec_HumidityTemperatureCorrector_updateInterfaceDependency 0x00029db1   Thumb Code   118  HumidityTemperatureCorrector.o(i.bsec_HumidityTemperatureCorrector_updateInterfaceDependency)
    bsec_IaqEstimator_IaqEstimator           0x00029e35   Thumb Code    54  IaqEstimator.o(i.bsec_IaqEstimator_IaqEstimator)
    bsec_IaqEstimator_doStep                 0x00029e79   Thumb Code   292  IaqEstimator.o(i.bsec_IaqEstimator_doStep)
    bsec_IaqEstimator_updateInterfaceDependency 0x00029f9d   Thumb Code    98  IaqEstimator.o(i.bsec_IaqEstimator_updateInterfaceDependency)
    bsec_RingBufferBsec_RingBufferBsec       0x0002a011   Thumb Code    34  RingBufferBsec.o(i.bsec_RingBufferBsec_RingBufferBsec)
    bsec_RingBuffer_do                       0x0002a039   Thumb Code   164  RingBuffer.o(i.bsec_RingBuffer_do)
    bsec_RingBuffer_getAt                    0x0002a0dd   Thumb Code    40  RingBuffer.o(i.bsec_RingBuffer_getAt)
    bsec_RingBuffer_reset                    0x0002a105   Thumb Code    66  RingBuffer.o(i.bsec_RingBuffer_reset)
    bsec_RingBuffer_setLength                0x0002a14d   Thumb Code    22  RingBuffer.o(i.bsec_RingBuffer_setLength)
    bsec_SensorHeatCompensator_SensorHeatCompensator 0x0002a163   Thumb Code    32  SensorHeatCompensator.o(i.bsec_SensorHeatCompensator_SensorHeatCompensator)
    bsec_SensorHeatCompensator_configure     0x0002a185   Thumb Code   226  SensorHeatCompensator.o(i.bsec_SensorHeatCompensator_configure)
    bsec_SensorHeatCompensator_doStep        0x0002a279   Thumb Code   374  SensorHeatCompensator.o(i.bsec_SensorHeatCompensator_doStep)
    bsec_SensorHeatCompensator_updateInterfaceDependency 0x0002a3f5   Thumb Code    42  SensorHeatCompensator.o(i.bsec_SensorHeatCompensator_updateInterfaceDependency)
    bsec_SensorStatusTracker_SensorStatusTracker 0x0002a425   Thumb Code    56  SensorStatusTracker.o(i.bsec_SensorStatusTracker_SensorStatusTracker)
    bsec_SensorStatusTracker_doStep          0x0002a465   Thumb Code   248  SensorStatusTracker.o(i.bsec_SensorStatusTracker_doStep)
    bsec_SensorStatusTracker_updateInterfaceDependency 0x0002a575   Thumb Code    62  SensorStatusTracker.o(i.bsec_SensorStatusTracker_updateInterfaceDependency)
    bsec_absHum                              0x0002a5c1   Thumb Code    80  absHum.o(i.bsec_absHum)
    bsec_b_ExpSmoothingBsec_ExpSmoothingBsec 0x0002a679   Thumb Code    22  ExpSmoothingBsec.o(i.bsec_b_ExpSmoothingBsec_ExpSmoothingBsec)
    bsec_codegen_do_steps                    0x0002a695   Thumb Code   428  bsec_codegen_do_steps.o(i.bsec_codegen_do_steps)
    bsec_codegen_init                        0x0002a84d   Thumb Code     4  bsec_codegen_init.o(i.bsec_codegen_init)
    bsec_codegen_sensor_control              0x0002a851   Thumb Code   512  bsec_codegen_sensor_control.o(i.bsec_codegen_sensor_control)
    bsec_codegen_update_subscription         0x0002aa61   Thumb Code   610  bsec_codegen_update_subscription.o(i.bsec_codegen_update_subscription)
    bsec_constructor_bsec                    0x0002ace1   Thumb Code    24  constructor_bsec.o(i.bsec_constructor_bsec)
    bsec_convertHumidity                     0x0002acf9   Thumb Code    86  convertHumidity.o(i.bsec_convertHumidity)
    bsec_dewPoint                            0x0002add9   Thumb Code    84  dewPoint.o(i.bsec_dewPoint)
    bsec_do_steps                            0x0002ae8d   Thumb Code    26  bsec_interface.o(i.bsec_do_steps)
    bsec_init                                0x0002b035   Thumb Code    12  bsec_interface.o(i.bsec_init)
    bsec_iot_init                            0x0002b045   Thumb Code    64  bsec_integration.o(i.bsec_iot_init)
    bsec_normalizeFilterBw                   0x0002b08d   Thumb Code    60  normalizeFilterBw.o(i.bsec_normalizeFilterBw)
    bsec_polyval                             0x0002b0c9   Thumb Code    38  polyval.o(i.bsec_polyval)
    bsec_rt_roundd                           0x0002b0f1   Thumb Code   148  bsec_codegen_rtwutil.o(i.bsec_rt_roundd)
    bsec_sensor_control                      0x0002b1a5   Thumb Code    24  bsec_interface.o(i.bsec_sensor_control)
    bsec_sin                                 0x0002b1c1   Thumb Code    30  sin.o(i.bsec_sin)
    bsec_sqrt                                0x0002b1df   Thumb Code    30  sqrt.o(i.bsec_sqrt)
    bsec_update_subscription                 0x0002b1fd   Thumb Code    26  bsec_interface.o(i.bsec_update_subscription)
    bsp_board_led_off                        0x0002b21d   Thumb Code    10  boards.o(i.bsp_board_led_off)
    bsp_board_led_on                         0x0002b22d   Thumb Code    10  boards.o(i.bsp_board_led_on)
    bus_read                                 0x0002b23d   Thumb Code    60  main.o(i.bus_read)
    bus_write                                0x0002b281   Thumb Code    70  main.o(i.bus_write)
    calc_lux                                 0x0002b3a5   Thumb Code    92  main.o(i.calc_lux)
    fabs                                     0x0002b609   Thumb Code    24  fabs.o(i.fabs)
    get_timestamp_us                         0x0002b621   Thumb Code    28  main.o(i.get_timestamp_us)
    main                                     0x0002b9c9   Thumb Code   380  main.o(i.main)
    max44009_read                            0x0002bbf1   Thumb Code   108  main.o(i.max44009_read)
    nrf_ble_gatt_init                        0x0002be25   Thumb Code    34  nrf_ble_gatt.o(i.nrf_ble_gatt_init)
    nrf_ble_gatt_on_ble_evt                  0x0002be49   Thumb Code   332  nrf_ble_gatt.o(i.nrf_ble_gatt_on_ble_evt)
    nrf_drv_clock_init                       0x0002c15d   Thumb Code    64  nrf_drv_clock.o(i.nrf_drv_clock_init)
    nrf_drv_clock_lfclk_release              0x0002c1a5   Thumb Code    40  nrf_drv_clock.o(i.nrf_drv_clock_lfclk_release)
    nrf_drv_common_irq_enable                0x0002c1d1   Thumb Code    56  nrf_drv_common.o(i.nrf_drv_common_irq_enable)
    nrf_drv_gpiote_in_event_disable          0x0002c209   Thumb Code    66  nrf_drv_gpiote.o(i.nrf_drv_gpiote_in_event_disable)
    nrf_drv_gpiote_in_event_enable           0x0002c251   Thumb Code   156  nrf_drv_gpiote.o(i.nrf_drv_gpiote_in_event_enable)
    nrf_drv_twi_enable                       0x0002c305   Thumb Code    28  nrf_drv_twi.o(i.nrf_drv_twi_enable)
    nrf_drv_twi_init                         0x0002c325   Thumb Code   134  nrf_drv_twi.o(i.nrf_drv_twi_init)
    nrf_drv_twi_rx                           0x0002c3b1   Thumb Code    32  nrf_drv_twi.o(i.nrf_drv_twi_rx)
    nrf_drv_twi_tx                           0x0002c3d5   Thumb Code    36  nrf_drv_twi.o(i.nrf_drv_twi_tx)
    nrf_drv_twi_xfer                         0x0002c3f9   Thumb Code    30  nrf_drv_twi.o(i.nrf_drv_twi_xfer)
    nrf_sdh_ble_app_ram_start_get            0x0002c4b1   Thumb Code    16  nrf_sdh_ble.o(i.nrf_sdh_ble_app_ram_start_get)
    nrf_sdh_ble_default_cfg_set              0x0002c4c5   Thumb Code   134  nrf_sdh_ble.o(i.nrf_sdh_ble_default_cfg_set)
    nrf_sdh_ble_enable                       0x0002c551   Thumb Code     4  nrf_sdh_ble.o(i.nrf_sdh_ble_enable)
    nrf_sdh_enable_request                   0x0002c5a5   Thumb Code    74  nrf_sdh.o(i.nrf_sdh_enable_request)
    nrf_sdh_evts_poll                        0x0002c5fd   Thumb Code    32  nrf_sdh.o(i.nrf_sdh_evts_poll)
    nrf_sdh_is_enabled                       0x0002c621   Thumb Code     6  nrf_sdh.o(i.nrf_sdh_is_enabled)
    nrf_section_iter_init                    0x0002c669   Thumb Code    10  nrf_section_iter.o(i.nrf_section_iter_init)
    nrf_section_iter_next                    0x0002c697   Thumb Code    32  nrf_section_iter.o(i.nrf_section_iter_next)
    output_ready                             0x0002c785   Thumb Code    22  main.o(i.output_ready)
    sdk_mapped_flags_bulk_update_by_key      0x0002c979   Thumb Code    68  sdk_mapped_flags.o(i.sdk_mapped_flags_bulk_update_by_key)
    sdk_mapped_flags_first_key_index_get     0x0002c9bd   Thumb Code    34  sdk_mapped_flags.o(i.sdk_mapped_flags_first_key_index_get)
    sdk_mapped_flags_key_list_get            0x0002c9ef   Thumb Code    74  sdk_mapped_flags.o(i.sdk_mapped_flags_key_list_get)
    sdk_mapped_flags_update_by_key           0x0002ca39   Thumb Code    14  sdk_mapped_flags.o(i.sdk_mapped_flags_update_by_key)
    sleep                                    0x0002cae1   Thumb Code    30  main.o(i.sleep)
    sqrt                                     0x0002cb0f   Thumb Code   110  sqrt.o(i.sqrt)
    twi_handler                              0x0002ce01   Thumb Code    12  main.o(i.twi_handler)
    twi_init                                 0x0002ce11   Thumb Code    40  main.o(i.twi_init)
    m_ram_start                              0x0002d610   Data           4  nrf_sdh_ble.o(.constdata)
    __mathlib_zero                           0x0002dc48   Data           8  qnan.o(.constdata)
    Region$$Table$$Base                      0x0002dc70   Number         0  anon$$obj.o(Region$$Table)
    Region$$Table$$Limit                     0x0002dc90   Number         0  anon$$obj.o(Region$$Table)
    sdh_ble_observers0$$Base                 0x0002dc90   Number         0  ble_conn_state.o(sdh_ble_observers0)
    sdh_ble_observers0$$Limit                0x0002dc98   Number         0  ble_conn_state.o(sdh_ble_observers0)
    sdh_ble_observers1$$Base                 0x0002dc98   Number         0  main.o(sdh_ble_observers1)
    sdh_ble_observers1$$Limit                0x0002dca0   Number         0  main.o(sdh_ble_observers1)
    sdh_ble_observers2$$Base                 0x0002dca0   Number         0  main.o(sdh_ble_observers2)
    sdh_ble_observers2$$Limit                0x0002dcb8   Number         0  ble_conn_params.o(sdh_ble_observers2)
    sdh_soc_observers0$$Base                 0x0002dcb8   Number         0  nrf_drv_clock.o(sdh_soc_observers0)
    sdh_soc_observers0$$Limit                0x0002dcc0   Number         0  nrf_drv_clock.o(sdh_soc_observers0)
    sdh_stack_observers0$$Base               0x0002dcc0   Number         0  nrf_sdh_ble.o(sdh_stack_observers0)
    sdh_stack_observers0$$Limit              0x0002dcd0   Number         0  nrf_sdh_soc.o(sdh_stack_observers0)
    sdh_state_observers0$$Base               0x0002dcd0   Number         0  nrf_drv_clock.o(sdh_state_observers0)
    sdh_state_observers0$$Limit              0x0002dcd8   Number         0  nrf_drv_clock.o(sdh_state_observers0)
    Image$$RW_IRAM1$$Base                    0x20002180   Number         0  anon$$obj.o ABSOLUTE
    TransferPending                          0x20002180   Data           1  main.o(.data)
    bme680_iaq_acc                           0x20002181   Data           1  main.o(.data)
    num_bsec_inputs                          0x20002182   Data           1  main.o(.data)
    bsec_status                              0x20002183   Data           1  main.o(.data)
    bme680_temp                              0x20002188   Data           4  main.o(.data)
    bme680_press                             0x2000218c   Data           4  main.o(.data)
    bme680_humi                              0x20002190   Data           4  main.o(.data)
    bme680_iaq                               0x20002194   Data           4  main.o(.data)
    max44009_data                            0x20002198   Data           8  main.o(.data)
    system_time                              0x200021a0   Data           8  main.o(.data)
    time_stamp                               0x200021a8   Data           8  main.o(.data)
    time_stamp_interval_ms                   0x200021b0   Data           8  main.o(.data)
    SystemCoreClock                          0x200021f0   Data           4  system_nrf52.o(.data)
    bsec_inputs                              0x20002258   Data          80  main.o(.bss)
    sensor_settings                          0x200022a8   Data          24  main.o(.bss)
    nrf_nvic_state                           0x2000269c   Data          12  app_util_platform.o(.bss)
    __initial_sp                             0x20004a08   Data           0  arm_startup_nrf52.o(STACK)



==============================================================================

Memory Map of the image

  Image Entry point : 0x00023201

  Load Region LR_IROM1 (Base: 0x00023000, Size: 0x0000ad50, Max: 0x0005d000, ABSOLUTE)

    Execution Region ER_IROM1 (Base: 0x00023000, Size: 0x0000acd8, Max: 0x0005d000, ABSOLUTE)

    Base Addr    Size         Type   Attr      Idx    E Section Name        Object

    0x00023000   0x00000200   Data   RO         3641    RESET               arm_startup_nrf52.o
    0x00023200   0x00000000   Code   RO         4096  * .ARM.Collect$$$$00000000  mc_w.l(entry.o)
    0x00023200   0x00000004   Code   RO         4456    .ARM.Collect$$$$00000001  mc_w.l(entry2.o)
    0x00023204   0x00000004   Code   RO         4459    .ARM.Collect$$$$00000004  mc_w.l(entry5.o)
    0x00023208   0x00000000   Code   RO         4461    .ARM.Collect$$$$00000008  mc_w.l(entry7b.o)
    0x00023208   0x00000000   Code   RO         4463    .ARM.Collect$$$$0000000A  mc_w.l(entry8b.o)
    0x00023208   0x00000008   Code   RO         4464    .ARM.Collect$$$$0000000B  mc_w.l(entry9a.o)
    0x00023210   0x00000000   Code   RO         4466    .ARM.Collect$$$$0000000D  mc_w.l(entry10a.o)
    0x00023210   0x00000000   Code   RO         4468    .ARM.Collect$$$$0000000F  mc_w.l(entry11a.o)
    0x00023210   0x00000004   Code   RO         4457    .ARM.Collect$$$$00002712  mc_w.l(entry2.o)
    0x00023214   0x00000024   Code   RO         3642    .text               arm_startup_nrf52.o
    0x00023238   0x00000062   Code   RO         4099    .text               mc_w.l(uldiv.o)
    0x0002329a   0x00000062   Code   RO         4101    .text               mc_w.l(ldiv.o)
    0x000232fc   0x0000001e   Code   RO         4103    .text               mc_w.l(llshl.o)
    0x0002331a   0x00000020   Code   RO         4105    .text               mc_w.l(llushr.o)
    0x0002333a   0x00000024   Code   RO         4107    .text               mc_w.l(memcpya.o)
    0x0002335e   0x00000024   Code   RO         4109    .text               mc_w.l(memseta.o)
    0x00023382   0x0000000e   Code   RO         4111    .text               mc_w.l(strlen.o)
    0x00023390   0x0000014e   Code   RO         4378    .text               mf_w.l(dadd.o)
    0x000234de   0x000000e4   Code   RO         4380    .text               mf_w.l(dmul.o)
    0x000235c2   0x000000de   Code   RO         4382    .text               mf_w.l(ddiv.o)
    0x000236a0   0x0000002c   Code   RO         4384    .text               mf_w.l(ffltl.o)
    0x000236cc   0x00000022   Code   RO         4386    .text               mf_w.l(dflti.o)
    0x000236ee   0x0000001a   Code   RO         4388    .text               mf_w.l(dfltui.o)
    0x00023708   0x0000003e   Code   RO         4390    .text               mf_w.l(dfixi.o)
    0x00023746   0x00000032   Code   RO         4392    .text               mf_w.l(dfixui.o)
    0x00023778   0x0000004a   Code   RO         4394    .text               mf_w.l(dfixl.o)
    0x000237c2   0x00000030   Code   RO         4396    .text               mf_w.l(dfixul.o)
    0x000237f2   0x00000026   Code   RO         4398    .text               mf_w.l(f2d.o)
    0x00023818   0x00000030   Code   RO         4400    .text               mf_w.l(cdcmple.o)
    0x00023848   0x00000030   Code   RO         4402    .text               mf_w.l(cdrcmple.o)
    0x00023878   0x00000038   Code   RO         4404    .text               mf_w.l(d2f.o)
    0x000238b0   0x0000002c   Code   RO         4473    .text               mc_w.l(uidiv.o)
    0x000238dc   0x00000024   Code   RO         4475    .text               mc_w.l(llsshr.o)
    0x00023900   0x00000000   Code   RO         4484    .text               mc_w.l(iusefp.o)
    0x00023900   0x0000006e   Code   RO         4485    .text               mf_w.l(fepilogue.o)
    0x0002396e   0x0000003c   Code   RO         4487    .text               mf_w.l(frnd.o)
    0x000239aa   0x000000ba   Code   RO         4489    .text               mf_w.l(depilogue.o)
    0x00023a64   0x0000002e   Code   RO         4493    .text               mf_w.l(dscalb.o)
    0x00023a92   0x00000036   Code   RO         4495    .text               mf_w.l(fcmp4.o)
    0x00023ac8   0x00000004   Code   RO         4497    .text               mf_w.l(fpstat.o)
    0x00023acc   0x00000024   Code   RO         4499    .text               mc_w.l(init.o)
    0x00023af0   0x000000a2   Code   RO         4503    .text               mf_w.l(dsqrt.o)
    0x00023b92   0x00000002   PAD
    0x00023b94   0x00000174   Code   RO         1492    i.GPIOTE_IRQHandler  nrf_drv_gpiote.o
    0x00023d08   0x00000016   Code   RO         2311    i.NVIC_ClearPendingIRQ  app_timer.o
    0x00023d1e   0x00000016   Code   RO         2312    i.NVIC_EnableIRQ    app_timer.o
    0x00023d34   0x00000016   Code   RO         2313    i.NVIC_SetPendingIRQ  app_timer.o
    0x00023d4a   0x00000020   Code   RO         2314    i.NVIC_SetPriority  app_timer.o
    0x00023d6a   0x00000002   PAD
    0x00023d6c   0x00000058   Code   RO         1283    i.POWER_CLOCK_IRQHandler  nrf_drv_clock.o
    0x00023dc4   0x00000024   Code   RO         2315    i.RTC1_IRQHandler   app_timer.o
    0x00023de8   0x00000010   Code   RO         1970    i.SPIM0_SPIS0_TWIM0_TWIS0_SPI0_TWI0_IRQHandler  nrf_drv_twi.o
    0x00023df8   0x00000004   Code   RO         2316    i.SWI0_EGU0_IRQHandler  app_timer.o
    0x00023dfc   0x00000004   Code   RO         3436    i.SWI2_EGU2_IRQHandler  nrf_sdh.o
    0x00023e00   0x000002fc   Code   RO         3650    i.SystemInit        system_nrf52.o
    0x000240fc   0x0000001c   Code   RO         1739    i.UARTE0_UART0_IRQHandler  nrf_drv_uart.o
    0x00024118   0x00000028   Code   RO         4164    i.__0sprintf$1      mc_w.l(printf1.o)
    0x00024140   0x00000030   Code   RO         4420    i.__ARM_fpclassify  m_wm.l(fpclassify.o)
    0x00024170   0x00000026   Code   RO         4422    i.__ARM_fpclassifyf  m_wm.l(fpclassifyf.o)
    0x00024196   0x00000002   PAD
    0x00024198   0x00000118   Code   RO         3966    i.__hardfp_ceil     m_wm.l(ceil.o)
    0x000242b0   0x000001e8   Code   RO         3972    i.__hardfp_expf     m_wm.l(expf.o)
    0x00024498   0x00000014   Code   RO         3986    i.__hardfp_fabs     m_wm.l(fabs.o)
    0x000244ac   0x00000004   PAD
    0x000244b0   0x00000118   Code   RO         3992    i.__hardfp_floor    m_wm.l(floor.o)
    0x000245c8   0x00000048   Code   RO         4084    i.__hardfp_fmaxf    m_wm.l(fmaxf.o)
    0x00024610   0x00000048   Code   RO         4088    i.__hardfp_fminf    m_wm.l(fminf.o)
    0x00024658   0x0000008c   Code   RO         3998    i.__hardfp_frexp    m_wm.l(frexp.o)
    0x000246e4   0x00000180   Code   RO         4004    i.__hardfp_log10f   m_wm.l(log10f.o)
    0x00024864   0x0000016c   Code   RO         4018    i.__hardfp_logf     m_wm.l(logf.o)
    0x000249d0   0x00000c50   Code   RO         4032    i.__hardfp_pow      m_wm.l(pow.o)
    0x00025620   0x00000664   Code   RO         4046    i.__hardfp_powf     m_wm.l(powf.o)
    0x00025c84   0x0000009a   Code   RO         4092    i.__hardfp_roundf   m_wm.l(roundf.o)
    0x00025d1e   0x00000002   PAD
    0x00025d20   0x00000190   Code   RO         4060    i.__hardfp_sinf     m_wm.l(sinf.o)
    0x00025eb0   0x0000003a   Code   RO         4072    i.__hardfp_sqrtf    m_wm.l(sqrtf.o)
    0x00025eea   0x000000f8   Code   RO         4438    i.__kernel_poly     m_wm.l(poly.o)
    0x00025fe2   0x00000006   PAD
    0x00025fe8   0x00000030   Code   RO         4406    i.__mathlib_dbl_divzero  m_wm.l(dunder.o)
    0x00026018   0x00000014   Code   RO         4408    i.__mathlib_dbl_infnan2  m_wm.l(dunder.o)
    0x0002602c   0x00000004   PAD
    0x00026030   0x00000020   Code   RO         4409    i.__mathlib_dbl_invalid  m_wm.l(dunder.o)
    0x00026050   0x00000020   Code   RO         4410    i.__mathlib_dbl_overflow  m_wm.l(dunder.o)
    0x00026070   0x00000020   Code   RO         4412    i.__mathlib_dbl_underflow  m_wm.l(dunder.o)
    0x00026090   0x00000014   Code   RO         4424    i.__mathlib_flt_divzero  m_wm.l(funder.o)
    0x000260a4   0x00000006   Code   RO         4425    i.__mathlib_flt_infnan  m_wm.l(funder.o)
    0x000260aa   0x00000006   Code   RO         4426    i.__mathlib_flt_infnan2  m_wm.l(funder.o)
    0x000260b0   0x00000010   Code   RO         4427    i.__mathlib_flt_invalid  m_wm.l(funder.o)
    0x000260c0   0x00000010   Code   RO         4428    i.__mathlib_flt_overflow  m_wm.l(funder.o)
    0x000260d0   0x00000010   Code   RO         4430    i.__mathlib_flt_underflow  m_wm.l(funder.o)
    0x000260e0   0x00000154   Code   RO         4441    i.__mathlib_rredf2  m_wm.l(rredf.o)
    0x00026234   0x0000000e   Code   RO         4507    i.__scatterload_copy  mc_w.l(handlers.o)
    0x00026242   0x00000002   Code   RO         4508    i.__scatterload_null  mc_w.l(handlers.o)
    0x00026244   0x0000000e   Code   RO         4509    i.__scatterload_zeroinit  mc_w.l(handlers.o)
    0x00026252   0x00000002   PAD
    0x00026254   0x00000024   Code   RO         3437    i.__sd_nvic_app_accessible_irq  nrf_sdh.o
    0x00026278   0x0000000c   Code   RO         4479    i.__set_errno       mc_w.l(errno.o)
    0x00026284   0x00000154   Code   RO         4169    i._printf_core      mc_w.l(printf1.o)
    0x000263d8   0x0000000a   Code   RO         4171    i._sputc            mc_w.l(printf1.o)
    0x000263e2   0x00000034   Code   RO            4    i.advertising_start  main.o
    0x00026416   0x00000002   PAD
    0x00026418   0x00000030   Code   RO         2121    i.app_button_disable  app_button.o
    0x00026448   0x00000024   Code   RO         2122    i.app_button_enable  app_button.o
    0x0002646c   0x00000030   Code   RO         2223    i.app_error_fault_handler  app_error_weak.o
    0x0002649c   0x00000016   Code   RO         2184    i.app_error_handler_bare  app_error.o
    0x000264b2   0x00000002   PAD
    0x000264b4   0x00000024   Code   RO         2319    i.app_timer_create  app_timer.o
    0x000264d8   0x00000054   Code   RO         2320    i.app_timer_init    app_timer.o
    0x0002652c   0x00000088   Code   RO         2323    i.app_timer_start   app_timer.o
    0x000265b4   0x00000020   Code   RO         2324    i.app_timer_stop    app_timer.o
    0x000265d4   0x00000048   Code   RO         2477    i.app_util_critical_region_enter  app_util_platform.o
    0x0002661c   0x00000034   Code   RO         2478    i.app_util_critical_region_exit  app_util_platform.o
    0x00026650   0x00000182   Code   RO          755    i.ble_advdata_encode  ble_advdata.o
    0x000267d2   0x00000068   Code   RO          756    i.ble_advdata_set   ble_advdata.o
    0x0002683a   0x00000002   PAD
    0x0002683c   0x00000068   Code   RO          851    i.ble_conn_params_init  ble_conn_params.o
    0x000268a4   0x00000060   Code   RO          757    i.ble_device_addr_encode  ble_advdata.o
    0x00026904   0x00000100   Code   RO            6    i.ble_evt_handler   main.o
    0x00026a04   0x000000fc   Code   RO          853    i.ble_evt_handler   ble_conn_params.o
    0x00026b00   0x0000010c   Code   RO          953    i.ble_evt_handler   ble_conn_state.o
    0x00026c0c   0x00000058   Code   RO         1233    i.ble_lbs_init      ble_lbs.o
    0x00026c64   0x0000002e   Code   RO         1234    i.ble_lbs_on_ble_evt  ble_lbs.o
    0x00026c92   0x00000008   Code   RO         1089    i.ble_srv_is_notification_enabled  ble_srv_common.o
    0x00026c9a   0x00000084   Code   RO          374    i.bme680_Gas_field_specific_uncomp_read  bme680.o
    0x00026d1e   0x00000084   Code   RO          375    i.bme680_Humidity_field_specific_uncomp_read  bme680.o
    0x00026da2   0x00000086   Code   RO          376    i.bme680_Pressure_field_specific_uncomp_read  bme680.o
    0x00026e28   0x000000e4   Code   RO          377    i.bme680_Temp_field_specific_uncomp_read  bme680.o
    0x00026f0c   0x000000e6   Code   RO          378    i.bme680_align_sensor_type_uncomp_data  bme680.o
    0x00026ff2   0x00000002   PAD
    0x00026ff4   0x00000080   Code   RO          379    i.bme680_align_uncomp_data  bme680.o
    0x00027074   0x000000e4   Code   RO          578    i.bme680_bsec_process_data  bsec_integration.o
    0x00027158   0x0000016c   Code   RO          579    i.bme680_bsec_read_data  bsec_integration.o
    0x000272c4   0x00000164   Code   RO          580    i.bme680_bsec_trigger_measurement  bsec_integration.o
    0x00027428   0x0000005c   Code   RO          581    i.bme680_bsec_update_subscription  bsec_integration.o
    0x00027484   0x00000036   Code   RO          380    i.bme680_buffer_restruct_burst_write  bme680.o
    0x000274ba   0x00000002   PAD
    0x000274bc   0x000001ae   Code   RO          381    i.bme680_compensate_data  bme680.o
    0x0002766a   0x00000002   PAD
    0x0002766c   0x00000140   Code   RO          541    i.bme680_compensate_gas_double  bme680_calculations.o
    0x000277ac   0x000001c4   Code   RO          542    i.bme680_compensate_humidity_double  bme680_calculations.o
    0x00027970   0x00000308   Code   RO          543    i.bme680_compensate_pressure_double  bme680_calculations.o
    0x00027c78   0x0000016c   Code   RO          544    i.bme680_compensate_temperature_double  bme680_calculations.o
    0x00027de4   0x000001c8   Code   RO          545    i.bme680_convert_temperature_to_resistance_double  bme680_calculations.o
    0x00027fac   0x00000198   Code   RO          382    i.bme680_copy_ordered_sensor_field_data  bme680.o
    0x00028144   0x000000e0   Code   RO          383    i.bme680_get_calib_param  bme680.o
    0x00028224   0x00000072   Code   RO          384    i.bme680_get_field_specific_uncomp_data  bme680.o
    0x00028296   0x00000002   PAD
    0x00028298   0x000000c0   Code   RO          386    i.bme680_get_latest_recent_old_field_index  bme680.o
    0x00028358   0x0000007c   Code   RO          387    i.bme680_get_new_data  bme680.o
    0x000283d4   0x00000040   Code   RO          388    i.bme680_get_power_mode  bme680.o
    0x00028414   0x0000010c   Code   RO          390    i.bme680_get_uncomp_data  bme680.o
    0x00028520   0x00000058   Code   RO          391    i.bme680_init       bme680.o
    0x00028578   0x00000076   Code   RO          392    i.bme680_packing_calib_param  bme680.o
    0x000285ee   0x000000a4   Code   RO          394    i.bme680_read_status_fields  bme680.o
    0x00028692   0x0000001c   Code   RO          395    i.bme680_scale_to_multiplication_factor  bme680.o
    0x000286ae   0x000000d4   Code   RO          396    i.bme680_set_gas_heater_config  bme680.o
    0x00028782   0x0000004c   Code   RO          397    i.bme680_set_memory_page  bme680.o
    0x000287ce   0x00000052   Code   RO          398    i.bme680_set_power_mode  bme680.o
    0x00028820   0x000000d6   Code   RO          399    i.bme680_set_sensor_config  bme680.o
    0x000288f6   0x00000002   PAD
    0x000288f8   0x000000e0   Code   RO         3726    i.bsec_Bsec_applyUpdateSubscription  libalgobsec.lib(Bsec.o)
    0x000289d8   0x00000038   Code   RO         3727    i.bsec_Bsec_checkIfGasPulseRequired  libalgobsec.lib(Bsec.o)
    0x00028a10   0x0000004c   Code   RO         3728    i.bsec_Bsec_checkIfSensorRequired  libalgobsec.lib(Bsec.o)
    0x00028a5c   0x000001b0   Code   RO         3729    i.bsec_Bsec_checkSamplIntvlCompatibilty  libalgobsec.lib(Bsec.o)
    0x00028c0c   0x00000034   Code   RO         3733    i.bsec_Bsec_requestOutput  libalgobsec.lib(Bsec.o)
    0x00028c40   0x00000228   Code   RO         3734    i.bsec_Bsec_setHyperConfiguration  libalgobsec.lib(Bsec.o)
    0x00028e68   0x00000040   Code   RO         3735    i.bsec_Bsec_setHyperState  libalgobsec.lib(Bsec.o)
    0x00028ea8   0x00000040   Code   RO         3755    i.bsec_ChannelHub_ChannelHub  libalgobsec.lib(ChannelHub.o)
    0x00028ee8   0x0000032c   Code   RO         3757    i.bsec_ChannelHub_do  libalgobsec.lib(ChannelHub.o)
    0x00029214   0x00000048   Code   RO         3759    i.bsec_ChannelHub_getOutput  libalgobsec.lib(ChannelHub.o)
    0x0002925c   0x00000080   Code   RO         3760    i.bsec_ChannelHub_isChannelReady  libalgobsec.lib(ChannelHub.o)
    0x000292dc   0x00000016   Code   RO         3761    i.bsec_ChannelHub_isOutputValid  libalgobsec.lib(ChannelHub.o)
    0x000292f2   0x00000002   PAD
    0x000292f4   0x000000e0   Code   RO         3762    i.bsec_ChannelHub_recalculateDownsampling  libalgobsec.lib(ChannelHub.o)
    0x000293d4   0x00000074   Code   RO         3763    i.bsec_ChannelHub_resetInputOutputData  libalgobsec.lib(ChannelHub.o)
    0x00029448   0x0000005a   Code   RO         3764    i.bsec_ChannelHub_resetSamplIntvls  libalgobsec.lib(ChannelHub.o)
    0x000294a2   0x00000002   PAD
    0x000294a4   0x00000044   Code   RO         3766    i.bsec_ChannelHub_setInput  libalgobsec.lib(ChannelHub.o)
    0x000294e8   0x00000054   Code   RO         3767    i.bsec_ChannelHub_setOutput  libalgobsec.lib(ChannelHub.o)
    0x0002953c   0x00000058   Code   RO         3768    i.bsec_ChannelHub_updateChannelInterfaceDependency  libalgobsec.lib(ChannelHub.o)
    0x00029594   0x00000098   Code   RO         3769    i.bsec_ChannelHub_updateOutputSamplIntvl  libalgobsec.lib(ChannelHub.o)
    0x0002962c   0x00000022   Code   RO         3934    i.bsec_Channel_reset  libalgobsec.lib(Channel.o)
    0x0002964e   0x00000002   PAD
    0x00029650   0x00000034   Code   RO         3940    i.bsec_ExpSmoothingBsec_ExpSmoothingBsec  libalgobsec.lib(ExpSmoothingBsec.o)
    0x00029684   0x000000bc   Code   RO         3936    i.bsec_ExpSmoothing_setCoeffFromBandwidth  libalgobsec.lib(ExpSmoothing.o)
    0x00029740   0x00000020   Code   RO         3937    i.bsec_ExpSmoothing_setState  libalgobsec.lib(ExpSmoothing.o)
    0x00029760   0x000000c0   Code   RO         3843    i.bsec_GasHumidityBaselineTracker_GasHumidityBaselineTracker  libalgobsec.lib(GasHumidityBaselineTracker.o)
    0x00029820   0x0000012c   Code   RO         3845    i.bsec_GasHumidityBaselineTracker_doStep  libalgobsec.lib(GasHumidityBaselineTracker.o)
    0x0002994c   0x000000dc   Code   RO         3846    i.bsec_GasHumidityBaselineTracker_filterRobustMaxMin  libalgobsec.lib(GasHumidityBaselineTracker.o)
    0x00029a28   0x000000d8   Code   RO         3847    i.bsec_GasHumidityBaselineTracker_getFitParam  libalgobsec.lib(GasHumidityBaselineTracker.o)
    0x00029b00   0x00000018   Code   RO         3848    i.bsec_GasHumidityBaselineTracker_setState  libalgobsec.lib(GasHumidityBaselineTracker.o)
    0x00029b18   0x00000068   Code   RO         3849    i.bsec_GasHumidityBaselineTracker_updateInterfaceDependency  libalgobsec.lib(GasHumidityBaselineTracker.o)
    0x00029b80   0x000000f0   Code   RO         3850    i.bsec_GasHumidityBaselineTracker_vocFeatureTempHumComp  libalgobsec.lib(GasHumidityBaselineTracker.o)
    0x00029c70   0x00000028   Code   RO         3904    i.bsec_GasHumidityPreProcessor_doStep  libalgobsec.lib(GasHumidityPreProcessor.o)
    0x00029c98   0x00000050   Code   RO         3906    i.bsec_HumidityTemperatureCorrector_HumidityTemperatureCorrector  libalgobsec.lib(HumidityTemperatureCorrector.o)
    0x00029ce8   0x000000c8   Code   RO         3907    i.bsec_HumidityTemperatureCorrector_doStep  libalgobsec.lib(HumidityTemperatureCorrector.o)
    0x00029db0   0x00000084   Code   RO         3909    i.bsec_HumidityTemperatureCorrector_updateInterfaceDependency  libalgobsec.lib(HumidityTemperatureCorrector.o)
    0x00029e34   0x00000044   Code   RO         3862    i.bsec_IaqEstimator_IaqEstimator  libalgobsec.lib(IaqEstimator.o)
    0x00029e78   0x00000124   Code   RO         3863    i.bsec_IaqEstimator_doStep  libalgobsec.lib(IaqEstimator.o)
    0x00029f9c   0x00000074   Code   RO         3867    i.bsec_IaqEstimator_updateInterfaceDependency  libalgobsec.lib(IaqEstimator.o)
    0x0002a010   0x00000028   Code   RO         3952    i.bsec_RingBufferBsec_RingBufferBsec  libalgobsec.lib(RingBufferBsec.o)
    0x0002a038   0x000000a4   Code   RO         3944    i.bsec_RingBuffer_do  libalgobsec.lib(RingBuffer.o)
    0x0002a0dc   0x00000028   Code   RO         3945    i.bsec_RingBuffer_getAt  libalgobsec.lib(RingBuffer.o)
    0x0002a104   0x00000048   Code   RO         3946    i.bsec_RingBuffer_reset  libalgobsec.lib(RingBuffer.o)
    0x0002a14c   0x00000016   Code   RO         3947    i.bsec_RingBuffer_setLength  libalgobsec.lib(RingBuffer.o)
    0x0002a162   0x00000020   Code   RO         3916    i.bsec_SensorHeatCompensator_SensorHeatCompensator  libalgobsec.lib(SensorHeatCompensator.o)
    0x0002a182   0x00000002   PAD
    0x0002a184   0x000000f4   Code   RO         3917    i.bsec_SensorHeatCompensator_configure  libalgobsec.lib(SensorHeatCompensator.o)
    0x0002a278   0x0000017c   Code   RO         3918    i.bsec_SensorHeatCompensator_doStep  libalgobsec.lib(SensorHeatCompensator.o)
    0x0002a3f4   0x00000030   Code   RO         3920    i.bsec_SensorHeatCompensator_updateInterfaceDependency  libalgobsec.lib(SensorHeatCompensator.o)
    0x0002a424   0x00000040   Code   RO         3876    i.bsec_SensorStatusTracker_SensorStatusTracker  libalgobsec.lib(SensorStatusTracker.o)
    0x0002a464   0x000000f8   Code   RO         3877    i.bsec_SensorStatusTracker_doStep  libalgobsec.lib(SensorStatusTracker.o)
    0x0002a55c   0x00000018   Code   RO         3880    i.bsec_SensorStatusTracker_resetRunInState  libalgobsec.lib(SensorStatusTracker.o)
    0x0002a574   0x0000004c   Code   RO         3882    i.bsec_SensorStatusTracker_updateInterfaceDependency  libalgobsec.lib(SensorStatusTracker.o)
    0x0002a5c0   0x00000068   Code   RO         3929    i.bsec_absHum       libalgobsec.lib(absHum.o)
    0x0002a628   0x00000050   Code   RO         3770    i.bsec_b_ChannelHub_setOutput  libalgobsec.lib(ChannelHub.o)
    0x0002a678   0x0000001c   Code   RO         3941    i.bsec_b_ExpSmoothingBsec_ExpSmoothingBsec  libalgobsec.lib(ExpSmoothingBsec.o)
    0x0002a694   0x000001b8   Code   RO         3703    i.bsec_codegen_do_steps  libalgobsec.lib(bsec_codegen_do_steps.o)
    0x0002a84c   0x00000004   Code   RO         3712    i.bsec_codegen_init  libalgobsec.lib(bsec_codegen_init.o)
    0x0002a850   0x00000210   Code   RO         3716    i.bsec_codegen_sensor_control  libalgobsec.lib(bsec_codegen_sensor_control.o)
    0x0002aa60   0x00000280   Code   RO         3722    i.bsec_codegen_update_subscription  libalgobsec.lib(bsec_codegen_update_subscription.o)
    0x0002ace0   0x00000018   Code   RO         3902    i.bsec_constructor_bsec  libalgobsec.lib(constructor_bsec.o)
    0x0002acf8   0x00000068   Code   RO         3954    i.bsec_convertHumidity  libalgobsec.lib(convertHumidity.o)
    0x0002ad60   0x00000076   Code   RO         3738    i.bsec_convert_to_enum_OutputIdentifier  libalgobsec.lib(Bsec.o)
    0x0002add6   0x00000002   PAD
    0x0002add8   0x00000060   Code   RO         3956    i.bsec_dewPoint     libalgobsec.lib(dewPoint.o)
    0x0002ae38   0x00000052   Code   RO         3772    i.bsec_div_nzp_s64  libalgobsec.lib(ChannelHub.o)
    0x0002ae8a   0x00000002   PAD
    0x0002ae8c   0x00000020   Code   RO         3682    i.bsec_do_steps     libalgobsec.lib(bsec_interface.o)
    0x0002aeac   0x00000188   Code   RO         3773    i.bsec_eml_mixed_uint64_mul  libalgobsec.lib(ChannelHub.o)
    0x0002b034   0x00000010   Code   RO         3686    i.bsec_init         libalgobsec.lib(bsec_interface.o)
    0x0002b044   0x00000048   Code   RO          582    i.bsec_iot_init     bsec_integration.o
    0x0002b08c   0x0000003c   Code   RO         3958    i.bsec_normalizeFilterBw  libalgobsec.lib(normalizeFilterBw.o)
    0x0002b0c8   0x00000026   Code   RO         3960    i.bsec_polyval      libalgobsec.lib(polyval.o)
    0x0002b0ee   0x00000002   PAD
    0x0002b0f0   0x000000b4   Code   RO         3900    i.bsec_rt_roundd    libalgobsec.lib(bsec_codegen_rtwutil.o)
    0x0002b1a4   0x0000001c   Code   RO         3688    i.bsec_sensor_control  libalgobsec.lib(bsec_interface.o)
    0x0002b1c0   0x0000001e   Code   RO         3962    i.bsec_sin          libalgobsec.lib(sin.o)
    0x0002b1de   0x0000001e   Code   RO         3964    i.bsec_sqrt         libalgobsec.lib(sqrt.o)
    0x0002b1fc   0x00000020   Code   RO         3691    i.bsec_update_subscription  libalgobsec.lib(bsec_interface.o)
    0x0002b21c   0x00000010   Code   RO          644    i.bsp_board_led_off  boards.o
    0x0002b22c   0x00000010   Code   RO          645    i.bsp_board_led_on  boards.o
    0x0002b23c   0x00000044   Code   RO            7    i.bus_read          main.o
    0x0002b280   0x00000050   Code   RO            8    i.bus_write         main.o
    0x0002b2d0   0x000000d2   Code   RO         1236    i.button_char_add   ble_lbs.o
    0x0002b3a2   0x00000002   PAD
    0x0002b3a4   0x0000006c   Code   RO            9    i.calc_lux          main.o
    0x0002b410   0x00000010   Code   RO         1495    i.channel_port_get  nrf_drv_gpiote.o
    0x0002b420   0x00000028   Code   RO         1284    i.clock_clk_started_notify  nrf_drv_clock.o
    0x0002b448   0x000000ac   Code   RO         2326    i.compare_reg_update  app_timer.o
    0x0002b4f4   0x00000088   Code   RO          758    i.conn_int_encode   ble_advdata.o
    0x0002b57c   0x00000004   Code   RO           10    i.conn_params_error_handler  main.o
    0x0002b580   0x00000048   Code   RO          854    i.conn_params_negotiation  ble_conn_params.o
    0x0002b5c8   0x00000040   Code   RO         2327    i.elapsed_ticks_acquire  app_timer.o
    0x0002b608   0x00000018   Code   RO         3988    i.fabs              m_wm.l(fabs.o)
    0x0002b620   0x00000020   Code   RO           11    i.get_timestamp_us  main.o
    0x0002b640   0x00000014   Code   RO          855    i.instance_get      ble_conn_params.o
    0x0002b654   0x0000014e   Code   RO         1971    i.irq_handler_twim  nrf_drv_twi.o
    0x0002b7a2   0x00000044   Code   RO          856    i.is_conn_params_ok  ble_conn_params.o
    0x0002b7e6   0x0000009e   Code   RO         1237    i.led_char_add      ble_lbs.o
    0x0002b884   0x0000000e   Code   RO           12    i.led_write_handler  main.o
    0x0002b892   0x00000002   PAD
    0x0002b894   0x00000028   Code   RO         1287    i.lfclk_stop        nrf_drv_clock.o
    0x0002b8bc   0x00000014   Code   RO         1146    i.link_init         nrf_ble_gatt.o
    0x0002b8d0   0x000000f8   Code   RO         2328    i.list_insertions_handler  app_timer.o
    0x0002b9c8   0x000001c4   Code   RO           13    i.main              main.o
    0x0002bb8c   0x00000064   Code   RO          759    i.manuf_specific_data_encode  ble_advdata.o
    0x0002bbf0   0x00000074   Code   RO           14    i.max44009_read     main.o
    0x0002bc64   0x00000114   Code   RO           15    i.mein_timer_timeout_handler  main.o
    0x0002bd78   0x0000009c   Code   RO          760    i.name_encode       ble_advdata.o
    0x0002be14   0x00000010   Code   RO         1496    i.nrf_bitmask_bit_is_set  nrf_drv_gpiote.o
    0x0002be24   0x00000022   Code   RO         1152    i.nrf_ble_gatt_init  nrf_ble_gatt.o
    0x0002be46   0x00000002   PAD
    0x0002be48   0x00000150   Code   RO         1153    i.nrf_ble_gatt_on_ble_evt  nrf_ble_gatt.o
    0x0002bf98   0x0000000e   Code   RO         1288    i.nrf_clock_event_check  nrf_drv_clock.o
    0x0002bfa6   0x00000010   Code   RO         1289    i.nrf_clock_event_clear  nrf_drv_clock.o
    0x0002bfb6   0x00000002   PAD
    0x0002bfb8   0x0000008c   Code   RO           16    i.nrf_delay_us      main.o
    0x0002c044   0x0000008c   Code   RO         1972    i.nrf_delay_us      nrf_drv_twi.o
    0x0002c0d0   0x0000008c   Code   RO         2329    i.nrf_delay_us      app_timer.o
    0x0002c15c   0x00000048   Code   RO         1296    i.nrf_drv_clock_init  nrf_drv_clock.o
    0x0002c1a4   0x0000002c   Code   RO         1300    i.nrf_drv_clock_lfclk_release  nrf_drv_clock.o
    0x0002c1d0   0x00000038   Code   RO         1456    i.nrf_drv_common_irq_enable  nrf_drv_common.o
    0x0002c208   0x00000048   Code   RO         1500    i.nrf_drv_gpiote_in_event_disable  nrf_drv_gpiote.o
    0x0002c250   0x000000a4   Code   RO         1501    i.nrf_drv_gpiote_in_event_enable  nrf_drv_gpiote.o
    0x0002c2f4   0x00000010   Code   RO         1973    i.nrf_drv_is_in_RAM  nrf_drv_twi.o
    0x0002c304   0x00000020   Code   RO         1976    i.nrf_drv_twi_enable  nrf_drv_twi.o
    0x0002c324   0x0000008c   Code   RO         1977    i.nrf_drv_twi_init  nrf_drv_twi.o
    0x0002c3b0   0x00000024   Code   RO         1979    i.nrf_drv_twi_rx    nrf_drv_twi.o
    0x0002c3d4   0x00000024   Code   RO         1982    i.nrf_drv_twi_tx    nrf_drv_twi.o
    0x0002c3f8   0x00000024   Code   RO         1984    i.nrf_drv_twi_xfer  nrf_drv_twi.o
    0x0002c41c   0x00000022   Code   RO         1522    i.nrf_gpio_cfg_sense_set  nrf_drv_gpiote.o
    0x0002c43e   0x0000000e   Code   RO         1985    i.nrf_gpio_pin_set  nrf_drv_twi.o
    0x0002c44c   0x00000016   Code   RO          653    i.nrf_gpio_pin_write  boards.o
    0x0002c462   0x00000002   PAD
    0x0002c464   0x00000028   Code   RO         1523    i.nrf_gpio_ports_read  nrf_drv_gpiote.o
    0x0002c48c   0x00000014   Code   RO         1524    i.nrf_gpiote_event_clear  nrf_drv_gpiote.o
    0x0002c4a0   0x00000010   Code   RO         1525    i.nrf_gpiote_event_is_set  nrf_drv_gpiote.o
    0x0002c4b0   0x00000014   Code   RO         3560    i.nrf_sdh_ble_app_ram_start_get  nrf_sdh_ble.o
    0x0002c4c4   0x0000008c   Code   RO         3561    i.nrf_sdh_ble_default_cfg_set  nrf_sdh_ble.o
    0x0002c550   0x00000004   Code   RO         3562    i.nrf_sdh_ble_enable  nrf_sdh_ble.o
    0x0002c554   0x00000050   Code   RO         3563    i.nrf_sdh_ble_evts_poll  nrf_sdh_ble.o
    0x0002c5a4   0x00000058   Code   RO         3439    i.nrf_sdh_enable_request  nrf_sdh.o
    0x0002c5fc   0x00000024   Code   RO         3440    i.nrf_sdh_evts_poll  nrf_sdh.o
    0x0002c620   0x0000000c   Code   RO         3441    i.nrf_sdh_is_enabled  nrf_sdh.o
    0x0002c62c   0x0000003c   Code   RO         3610    i.nrf_sdh_soc_evts_poll  nrf_sdh_soc.o
    0x0002c668   0x0000000a   Code   RO         2951    i.nrf_section_iter_init  nrf_section_iter.o
    0x0002c672   0x00000024   Code   RO         2952    i.nrf_section_iter_item_set  nrf_section_iter.o
    0x0002c696   0x00000020   Code   RO         2953    i.nrf_section_iter_next  nrf_section_iter.o
    0x0002c6b6   0x0000000a   Code   RO         1986    i.nrf_twim_event_check  nrf_drv_twi.o
    0x0002c6c0   0x0000000c   Code   RO         1987    i.nrf_twim_event_clear  nrf_drv_twi.o
    0x0002c6cc   0x0000000a   Code   RO         1762    i.nrf_uart_event_check  nrf_drv_uart.o
    0x0002c6d6   0x0000000c   Code   RO         1763    i.nrf_uart_event_clear  nrf_drv_uart.o
    0x0002c6e2   0x0000000c   Code   RO         1764    i.nrf_uart_int_enable_check  nrf_drv_uart.o
    0x0002c6ee   0x0000000a   Code   RO         1765    i.nrf_uarte_event_check  nrf_drv_uart.o
    0x0002c6f8   0x0000000c   Code   RO         1766    i.nrf_uarte_event_clear  nrf_drv_uart.o
    0x0002c704   0x0000001c   Code   RO           17    i.on_conn_params_evt  main.o
    0x0002c720   0x00000062   Code   RO         1154    i.on_connected_evt  nrf_ble_gatt.o
    0x0002c782   0x00000002   PAD
    0x0002c784   0x0000001c   Code   RO           18    i.output_ready      main.o
    0x0002c7a0   0x00000018   Code   RO         1526    i.pin_in_use_by_port  nrf_drv_gpiote.o
    0x0002c7b8   0x00000018   Code   RO         1527    i.pin_in_use_by_te  nrf_drv_gpiote.o
    0x0002c7d0   0x0000003c   Code   RO         2330    i.rtc1_stop         app_timer.o
    0x0002c80c   0x00000032   Code   RO         1768    i.rx_byte           nrf_drv_uart.o
    0x0002c83e   0x00000018   Code   RO         1769    i.rx_done_event     nrf_drv_uart.o
    0x0002c856   0x00000002   PAD
    0x0002c858   0x00000070   Code   RO         3447    i.sd_nvic_EnableIRQ  nrf_sdh.o
    0x0002c8c8   0x00000054   Code   RO         1303    i.sd_state_evt_handler  nrf_drv_clock.o
    0x0002c91c   0x00000030   Code   RO         3448    i.sdh_request_observer_notify  nrf_sdh.o
    0x0002c94c   0x0000002c   Code   RO         3449    i.sdh_state_observer_notify  nrf_sdh.o
    0x0002c978   0x00000044   Code   RO         3022    i.sdk_mapped_flags_bulk_update_by_key  sdk_mapped_flags.o
    0x0002c9bc   0x00000022   Code   RO         3023    i.sdk_mapped_flags_first_key_index_get  sdk_mapped_flags.o
    0x0002c9de   0x00000010   Code   RO         3024    i.sdk_mapped_flags_get_by_index  sdk_mapped_flags.o
    0x0002c9ee   0x0000004a   Code   RO         3027    i.sdk_mapped_flags_key_list_get  sdk_mapped_flags.o
    0x0002ca38   0x0000000e   Code   RO         3029    i.sdk_mapped_flags_update_by_key  sdk_mapped_flags.o
    0x0002ca46   0x00000002   PAD
    0x0002ca48   0x00000010   Code   RO          857    i.send_error_evt    ble_conn_params.o
    0x0002ca58   0x00000088   Code   RO          761    i.service_data_encode  ble_advdata.o
    0x0002cae0   0x00000024   Code   RO           19    i.sleep             main.o
    0x0002cb04   0x0000000a   Code   RO         1304    i.soc_evt_handler   nrf_drv_clock.o
    0x0002cb0e   0x0000006e   Code   RO         4446    i.sqrt              m_wm.l(sqrt.o)
    0x0002cb7c   0x00000080   Code   RO         2331    i.timer_list_handler  app_timer.o
    0x0002cbfc   0x0000003c   Code   RO         2332    i.timer_list_insert  app_timer.o
    0x0002cc38   0x00000060   Code   RO         2333    i.timer_list_remove  app_timer.o
    0x0002cc98   0x00000048   Code   RO         2334    i.timer_stop_op_schedule  app_timer.o
    0x0002cce0   0x00000074   Code   RO         2335    i.timer_timeouts_check  app_timer.o
    0x0002cd54   0x000000aa   Code   RO         1988    i.twi_clear_bus     nrf_drv_twi.o
    0x0002cdfe   0x00000002   PAD
    0x0002ce00   0x00000010   Code   RO           20    i.twi_handler       main.o
    0x0002ce10   0x00000030   Code   RO           21    i.twi_init          main.o
    0x0002ce40   0x00000238   Code   RO         1989    i.twim_xfer         nrf_drv_twi.o
    0x0002d078   0x00000020   Code   RO         1771    i.tx_byte           nrf_drv_uart.o
    0x0002d098   0x0000001c   Code   RO         1772    i.tx_done_event     nrf_drv_uart.o
    0x0002d0b4   0x0000011e   Code   RO         1773    i.uart_irq_handler  nrf_drv_uart.o
    0x0002d1d2   0x000000f0   Code   RO         1774    i.uarte_irq_handler  nrf_drv_uart.o
    0x0002d2c2   0x0000000a   Code   RO          762    i.uint16_encode     ble_advdata.o
    0x0002d2cc   0x00000068   Code   RO          858    i.update_timeout_handler  ble_conn_params.o
    0x0002d334   0x00000030   Code   RO         2336    i.user_op_alloc     app_timer.o
    0x0002d364   0x00000030   Code   RO          763    i.uuid_list_encode  ble_advdata.o
    0x0002d394   0x0000009e   Code   RO          764    i.uuid_list_sized_encode  ble_advdata.o
    0x0002d432   0x00000002   PAD
    0x0002d434   0x00000020   Data   RO           24    .constdata          main.o
    0x0002d454   0x00000004   PAD
    0x0002d458   0x00000100   Data   RO          546    .constdata          bme680_calculations.o
    0x0002d558   0x00000008   Data   RO          654    .constdata          boards.o
    0x0002d560   0x00000016   Data   RO         1155    .constdata          nrf_ble_gatt.o
    0x0002d576   0x00000002   PAD
    0x0002d578   0x00000010   Data   RO         1238    .constdata          ble_lbs.o
    0x0002d588   0x00000004   Data   RO         1529    .constdata          nrf_drv_gpiote.o
    0x0002d58c   0x0000000c   Data   RO         1994    .constdata          nrf_drv_twi.o
    0x0002d598   0x00000008   Data   RO         2128    .constdata          app_button.o
    0x0002d5a0   0x00000010   Data   RO         3450    .constdata          nrf_sdh.o
    0x0002d5b0   0x00000028   Data   RO         3451    .constdata          nrf_sdh.o
    0x0002d5d8   0x00000010   Data   RO         3452    .constdata          nrf_sdh.o
    0x0002d5e8   0x00000010   Data   RO         3453    .constdata          nrf_sdh.o
    0x0002d5f8   0x00000018   Data   RO         3564    .constdata          nrf_sdh_ble.o
    0x0002d610   0x00000014   Data   RO         3565    .constdata          nrf_sdh_ble.o
    0x0002d624   0x00000010   Data   RO         3611    .constdata          nrf_sdh_soc.o
    0x0002d634   0x0000000c   Data   RO         3612    .constdata          nrf_sdh_soc.o
    0x0002d640   0x0000002a   Data   RO         3704    .constdata          libalgobsec.lib(bsec_codegen_do_steps.o)
    0x0002d66a   0x00000002   PAD
    0x0002d66c   0x0000006c   Data   RO         3723    .constdata          libalgobsec.lib(bsec_codegen_update_subscription.o)
    0x0002d6d8   0x0000013a   Data   RO         3740    .constdata          libalgobsec.lib(Bsec.o)
    0x0002d812   0x00000002   PAD
    0x0002d814   0x00000183   Data   RO         3774    .constdata          libalgobsec.lib(ChannelHub.o)
    0x0002d997   0x00000001   PAD
    0x0002d998   0x00000030   Data   RO         3852    .constdata          libalgobsec.lib(GasHumidityBaselineTracker.o)
    0x0002d9c8   0x00000008   Data   RO         3922    .constdata          libalgobsec.lib(SensorHeatCompensator.o)
    0x0002d9d0   0x00000030   Data   RO         3975    .constdata          m_wm.l(expf.o)
    0x0002da00   0x00000040   Data   RO         4007    .constdata          m_wm.l(log10f.o)
    0x0002da40   0x00000040   Data   RO         4021    .constdata          m_wm.l(logf.o)
    0x0002da80   0x00000088   Data   RO         4035    .constdata          m_wm.l(pow.o)
    0x0002db08   0x00000140   Data   RO         4049    .constdata          m_wm.l(powf.o)
    0x0002dc48   0x00000008   Data   RO         4440    .constdata          m_wm.l(qnan.o)
    0x0002dc50   0x00000020   Data   RO         4442    .constdata          m_wm.l(rredf.o)
    0x0002dc70   0x00000020   Data   RO         4505    Region$$Table       anon$$obj.o
    0x0002dc90   0x00000008   Data   RO          956    sdh_ble_observers0  ble_conn_state.o
    0x0002dc98   0x00000008   Data   RO           28    sdh_ble_observers1  main.o
    0x0002dca0   0x00000010   Data   RO           29    sdh_ble_observers2  main.o
    0x0002dcb0   0x00000008   Data   RO          861    sdh_ble_observers2  ble_conn_params.o
    0x0002dcb8   0x00000008   Data   RO         1310    sdh_soc_observers0  nrf_drv_clock.o
    0x0002dcc0   0x00000008   Data   RO         3566    sdh_stack_observers0  nrf_sdh_ble.o
    0x0002dcc8   0x00000008   Data   RO         3613    sdh_stack_observers0  nrf_sdh_soc.o
    0x0002dcd0   0x00000008   Data   RO         1311    sdh_state_observers0  nrf_drv_clock.o


    Execution Region RW_IRAM1 (Base: 0x20002180, Size: 0x00002888, Max: 0x0000de80, ABSOLUTE)

    Base Addr    Size         Type   Attr      Idx    E Section Name        Object

    0x20002180   0x00000038   Data   RW           25    .data               main.o
    0x200021b8   0x00000004   Data   RW          585    .data               bsec_integration.o
    0x200021bc   0x00000008   Data   RW          860    .data               ble_conn_params.o
    0x200021c4   0x00000014   Data   RW         2129    .data               app_button.o
    0x200021d8   0x00000014   Data   RW         2338    .data               app_timer.o
    0x200021ec   0x00000003   Data   RW         3454    .data               nrf_sdh.o
    0x200021ef   0x00000001   PAD
    0x200021f0   0x00000004   Data   RW         3651    .data               system_nrf52.o
    0x200021f4   0x00000004   Data   RW         4480    .data               mc_w.l(errno.o)
    0x200021f8   0x00000020   Zero   RW           22    .bss                main.o
    0x20002218   0x000000d4   Zero   RW           23    .bss                main.o
    0x200022ec   0x00000004   PAD
    0x200022f0   0x000000c4   Zero   RW          584    .bss                bsec_integration.o
    0x200023b4   0x00000050   Zero   RW          859    .bss                ble_conn_params.o
    0x20002404   0x000000b8   Zero   RW          955    .bss                ble_conn_state.o
    0x200024bc   0x00000014   Zero   RW         1305    .bss                nrf_drv_clock.o
    0x200024d0   0x00000058   Zero   RW         1528    .bss                nrf_drv_gpiote.o
    0x20002528   0x00000020   Zero   RW         1775    .bss                nrf_drv_uart.o
    0x20002548   0x00000028   Zero   RW         1990    .bss                nrf_drv_twi.o
    0x20002570   0x00000020   Zero   RW         2127    .bss                app_button.o
    0x20002590   0x0000010c   Zero   RW         2337    .bss                app_timer.o
    0x2000269c   0x0000000c   Zero   RW         2483    .bss                app_util_platform.o
    0x200026a8   0x00000360   Zero   RW         3692    .bss                libalgobsec.lib(bsec_interface.o)
    0x20002a08   0x00002000   Zero   RW         3639    STACK               arm_startup_nrf52.o


==============================================================================

Image component sizes


      Code (inc. data)   RO Data    RW Data    ZI Data      Debug   Object Name

        84         14          8         20         32       1993   app_button.o
        22          0          0          0          0       1941   app_error.o
        48         10          0          0          0      27217   app_error_weak.o
      1630        122          0         20        268      44695   app_timer.o
       124         14          0          0         12       8606   app_util_platform.o
        36          8        512          0       8192        884   arm_startup_nrf52.o
      1330          0          0          0          0      59943   ble_advdata.o
       636         44          8          8         80      12339   ble_conn_params.o
       268          6          8          0        184       2919   ble_conn_state.o
       502          6         16          0          0       4584   ble_lbs.o
         8          0          0          0          0       1118   ble_srv_common.o
      3844         12          0          0          0      27743   bme680.o
      2368        420        256          0          0       5504   bme680_calculations.o
        54         12          8          0          0       5708   boards.o
      1112         52          0          4        196       6959   bsec_integration.o
      1754        186         56         56        244     177663   main.o
       488          4         22          0          0      29618   nrf_ble_gatt.o
       408         40         16          0         20      39611   nrf_drv_clock.o
        56          0          0          0          0      27391   nrf_drv_common.o
       798         52          4          0         88      21687   nrf_drv_gpiote.o
      1560         42         12          0         40      25712   nrf_drv_twi.o
       744          8          0          0         32      21552   nrf_drv_uart.o
       380         44         88          3          0      39723   nrf_sdh.o
       244         16         52          0          0       4352   nrf_sdh_ble.o
        60          4         36          0          0       1740   nrf_sdh_soc.o
        78          0          0          0          0       2052   nrf_section_iter.o
       206          0          0          0          0       4570   sdk_mapped_flags.o
       764         64          0          4          0       2679   system_nrf52.o

    ----------------------------------------------------------------------
     19644       1180       1140        116       9392     610503   Object Totals
         0          0         32          0          0          0   (incl. Generated)
        38          0          6          1          4          0   (incl. Padding)

    ----------------------------------------------------------------------

      Code (inc. data)   RO Data    RW Data    ZI Data      Debug   Library Member Name

      1574         80        314          0          0       1044   Bsec.o
        34          0          0          0          0        124   Channel.o
      2474         78        387          0          0       1956   ChannelHub.o
       220          8          0          0          0        248   ExpSmoothing.o
        80         10          0          0          0        232   ExpSmoothingBsec.o
      1296         92         48          0          0        952   GasHumidityBaselineTracker.o
        40          4          0          0          0        124   GasHumidityPreProcessor.o
       412         40          0          0          0        416   HumidityTemperatureCorrector.o
       476         32          0          0          0        412   IaqEstimator.o
       298          6          0          0          0        492   RingBuffer.o
        40          6          0          0          0        116   RingBufferBsec.o
       704         30          8          0          0        532   SensorHeatCompensator.o
       412         26          0          0          0        484   SensorStatusTracker.o
       104         24          0          0          0        136   absHum.o
       440         12         42          0          0        148   bsec_codegen_do_steps.o
         4          0          0          0          0        116   bsec_codegen_init.o
       180         32          0          0          0        180   bsec_codegen_rtwutil.o
       528         16          0          0          0        164   bsec_codegen_sensor_control.o
       640         30        108          0          0        160   bsec_codegen_update_subscription.o
       108         20          0          0        864        508   bsec_interface.o
        24          0          0          0          0        124   constructor_bsec.o
       104         18          0          0          0        144   convertHumidity.o
        96         12          0          0          0        144   dewPoint.o
        60          0          0          0          0        140   normalizeFilterBw.o
        38          0          0          0          0        116   polyval.o
        30          0          0          0          0        128   sin.o
        30          0          0          0          0        128   sqrt.o
       280         28          0          0          0        156   ceil.o
       164         44          0          0          0        620   dunder.o
       488         62         48          0          0        236   expf.o
        44          0          0          0          0        248   fabs.o
       280         28          0          0          0        156   floor.o
        72          0          0          0          0        148   fmaxf.o
        72          0          0          0          0        148   fminf.o
        48          0          0          0          0        124   fpclassify.o
        38          0          0          0          0        116   fpclassifyf.o
       140         24          0          0          0        140   frexp.o
        80         24          0          0          0        696   funder.o
       384         52         64          0          0        140   log10f.o
       364         44         64          0          0        140   logf.o
       248          0          0          0          0        152   poly.o
      3152        296        136          0          0        352   pow.o
      1636        110        320          0          0        372   powf.o
         0          0          8          0          0          0   qnan.o
       154          0          0          0          0        140   roundf.o
       340         24         32          0          0        160   rredf.o
       400         56          0          0          0        212   sinf.o
       110          0          0          0          0        148   sqrt.o
        58          0          0          0          0        136   sqrtf.o
         0          0          0          0          0          0   entry.o
         0          0          0          0          0          0   entry10a.o
         0          0          0          0          0          0   entry11a.o
         8          4          0          0          0          0   entry2.o
         4          0          0          0          0          0   entry5.o
         0          0          0          0          0          0   entry7b.o
         0          0          0          0          0          0   entry8b.o
         8          4          0          0          0          0   entry9a.o
        12          6          0          4          0         68   errno.o
        30          0          0          0          0          0   handlers.o
        36          8          0          0          0         68   init.o
         0          0          0          0          0          0   iusefp.o
        98          0          0          0          0         84   ldiv.o
        30          0          0          0          0         68   llshl.o
        36          0          0          0          0         68   llsshr.o
        32          0          0          0          0         68   llushr.o
        36          0          0          0          0         68   memcpya.o
        36          0          0          0          0        108   memseta.o
       390         10          0          0          0        252   printf1.o
        14          0          0          0          0         68   strlen.o
        44          0          0          0          0         80   uidiv.o
        98          0          0          0          0         92   uldiv.o
        48          0          0          0          0         68   cdcmple.o
        48          0          0          0          0         68   cdrcmple.o
        56          0          0          0          0         88   d2f.o
       334          0          0          0          0        148   dadd.o
       222          0          0          0          0        100   ddiv.o
       186          0          0          0          0        176   depilogue.o
        62          0          0          0          0         80   dfixi.o
        74          0          0          0          0         80   dfixl.o
        50          0          0          0          0         76   dfixui.o
        48          0          0          0          0         68   dfixul.o
        34          0          0          0          0         76   dflti.o
        26          0          0          0          0         76   dfltui.o
       228          0          0          0          0         96   dmul.o
        46          0          0          0          0         80   dscalb.o
       162          0          0          0          0        100   dsqrt.o
        38          0          0          0          0         68   f2d.o
        54          0          0          0          0         68   fcmp4.o
       110          0          0          0          0        168   fepilogue.o
        44          0          0          0          0         92   ffltl.o
         4          0          0          0          0         68   fpstat.o
        60          0          0          0          0         76   frnd.o

    ----------------------------------------------------------------------
     21880       1400       1584          4        864      17220   Library Totals
        36          0          5          0          0          0   (incl. Padding)

    ----------------------------------------------------------------------

      Code (inc. data)   RO Data    RW Data    ZI Data      Debug   Library Name

     10446        576        907          0        864       9468   libalgobsec.lib
      8552        792        672          0          0       4740   m_wm.l
       912         32          0          4          0       1092   mc_w.l
      1934          0          0          0          0       1920   mf_w.l

    ----------------------------------------------------------------------
     21880       1400       1584          4        864      17220   Library Totals

    ----------------------------------------------------------------------

==============================================================================


      Code (inc. data)   RO Data    RW Data    ZI Data      Debug   

     41524       2580       2724        120      10256     599663   Grand Totals
     41524       2580       2724        120      10256     599663   ELF Image Totals
     41524       2580       2724        120          0          0   ROM Totals

==============================================================================

    Total RO  Size (Code + RO Data)                44248 (  43.21kB)
    Total RW  Size (RW Data + ZI Data)             10376 (  10.13kB)
    Total ROM Size (Code + RO Data + RW Data)      44368 (  43.33kB)

==============================================================================

