Component: ARM Compiler 5.06 update 5 (build 528) Tool: armlink [4d35e2]

==============================================================================

Section Cross References

    main.o(i.advertising_start) refers to app_error.o(i.app_error_handler_bare) for app_error_handler_bare
    main.o(i.advertising_start) refers to boards.o(i.bsp_board_led_on) for bsp_board_led_on
    main.o(i.assert_nrf_callback) refers to app_error.o(i.app_error_handler) for app_error_handler
    main.o(i.ble_evt_handler) refers to app_error.o(i.app_error_handler_bare) for app_error_handler_bare
    main.o(i.ble_evt_handler) refers to boards.o(i.bsp_board_led_on) for bsp_board_led_on
    main.o(i.ble_evt_handler) refers to boards.o(i.bsp_board_led_off) for bsp_board_led_off
    main.o(i.ble_evt_handler) refers to app_button.o(i.app_button_enable) for app_button_enable
    main.o(i.ble_evt_handler) refers to app_button.o(i.app_button_disable) for app_button_disable
    main.o(i.ble_evt_handler) refers to main.o(i.advertising_start) for advertising_start
    main.o(i.ble_evt_handler) refers to memcpya.o(.text) for __aeabi_memcpy
    main.o(i.ble_evt_handler) refers to main.o(.data) for .data
    main.o(i.bme680_read) refers to bme680.o(i.bme680_set_sensor_mode) for bme680_set_sensor_mode
    main.o(i.bme680_read) refers to bme680.o(i.bme680_get_profile_dur) for bme680_get_profile_dur
    main.o(i.bme680_read) refers to main.o(i.user_delay_ms) for user_delay_ms
    main.o(i.bme680_read) refers to bme680.o(i.bme680_get_sensor_data) for bme680_get_sensor_data
    main.o(i.bme680_read) refers to main.o(.bss) for .bss
    main.o(i.bme680_read) refers to main.o(.data) for .data
    main.o(i.bme680_setup) refers to bme680.o(i.bme680_init) for bme680_init
    main.o(i.bme680_setup) refers to bme680.o(i.bme680_set_sensor_settings) for bme680_set_sensor_settings
    main.o(i.bme680_setup) refers to main.o(.bss) for .bss
    main.o(i.bme680_setup) refers to main.o(i.user_i2c_read) for user_i2c_read
    main.o(i.bme680_setup) refers to main.o(i.user_i2c_write) for user_i2c_write
    main.o(i.bme680_setup) refers to main.o(i.user_delay_ms) for user_delay_ms
    main.o(i.calc_lux) refers to dfltui.o(.text) for __aeabi_ui2d
    main.o(i.calc_lux) refers to pow.o(i.__hardfp_pow) for __hardfp_pow
    main.o(i.calc_lux) refers to dmul.o(.text) for __aeabi_dmul
    main.o(i.calc_lux) refers to d2f.o(.text) for __aeabi_d2f
    main.o(i.conn_params_error_handler) refers to app_error.o(i.app_error_handler_bare) for app_error_handler_bare
    main.o(i.led_write_handler) refers to boards.o(i.bsp_board_led_on) for bsp_board_led_on
    main.o(i.led_write_handler) refers to boards.o(i.bsp_board_led_off) for bsp_board_led_off
    main.o(i.main) refers to app_timer.o(i.app_timer_init) for app_timer_init
    main.o(i.main) refers to app_error.o(i.app_error_handler_bare) for app_error_handler_bare
    main.o(i.main) refers to app_timer.o(i.app_timer_create) for app_timer_create
    main.o(i.main) refers to main.o(i.twi_init) for twi_init
    main.o(i.main) refers to nrf_sdh.o(i.nrf_sdh_enable_request) for nrf_sdh_enable_request
    main.o(i.main) refers to nrf_sdh_ble.o(i.nrf_sdh_ble_default_cfg_set) for nrf_sdh_ble_default_cfg_set
    main.o(i.main) refers to nrf_sdh_ble.o(i.nrf_sdh_ble_enable) for nrf_sdh_ble_enable
    main.o(i.main) refers to nrf_ble_gatt.o(i.nrf_ble_gatt_init) for nrf_ble_gatt_init
    main.o(i.main) refers to ble_lbs.o(i.ble_lbs_init) for ble_lbs_init
    main.o(i.main) refers to memseta.o(.text) for __aeabi_memclr4
    main.o(i.main) refers to ble_advdata.o(i.ble_advdata_set) for ble_advdata_set
    main.o(i.main) refers to ble_conn_params.o(i.ble_conn_params_init) for ble_conn_params_init
    main.o(i.main) refers to main.o(i.bme680_setup) for bme680_setup
    main.o(i.main) refers to app_timer.o(i.app_timer_start) for app_timer_start
    main.o(i.main) refers to main.o(i.mein_timer_timeout_handler) for mein_timer_timeout_handler
    main.o(i.main) refers to main.o(.constdata) for .constdata
    main.o(i.main) refers to main.o(.bss) for .bss
    main.o(i.main) refers to main.o(i.led_write_handler) for led_write_handler
    main.o(i.main) refers to main.o(i.on_conn_params_evt) for on_conn_params_evt
    main.o(i.main) refers to main.o(i.conn_params_error_handler) for conn_params_error_handler
    main.o(i.max44009_read) refers to nrf_drv_twi.o(i.nrf_drv_twi_tx) for nrf_drv_twi_tx
    main.o(i.max44009_read) refers to nrf_drv_twi.o(i.nrf_drv_twi_rx) for nrf_drv_twi_rx
    main.o(i.max44009_read) refers to main.o(.data) for .data
    main.o(i.max44009_read) refers to main.o(.constdata) for .constdata
    main.o(i.mein_timer_timeout_handler) refers to memseta.o(.text) for __aeabi_memclr4
    main.o(i.mein_timer_timeout_handler) refers to main.o(i.bme680_read) for bme680_read
    main.o(i.mein_timer_timeout_handler) refers to main.o(i.max44009_read) for max44009_read
[...]
    conn_params_negotiation                  0x00026559   Thumb Code    68  ble_conn_params.o(i.conn_params_negotiation)
    i.elapsed_ticks_acquire                  0x000265a0   Section        0  app_timer.o(i.elapsed_ticks_acquire)
    elapsed_ticks_acquire                    0x000265a1   Thumb Code    58  app_timer.o(i.elapsed_ticks_acquire)
    i.fabs                                   0x000265e0   Section        0  fabs.o(i.fabs)
    i.get_calib_data                         0x000265f8   Section        0  bme680.o(i.get_calib_data)
    get_calib_data                           0x000265f9   Thumb Code   314  bme680.o(i.get_calib_data)
    i.get_mem_page                           0x00026732   Section        0  bme680.o(i.get_mem_page)
    get_mem_page                             0x00026733   Thumb Code    48  bme680.o(i.get_mem_page)
    i.instance_get                           0x00026764   Section        0  ble_conn_params.o(i.instance_get)
    instance_get                             0x00026765   Thumb Code    14  ble_conn_params.o(i.instance_get)
    i.irq_handler_twim                       0x00026778   Section        0  nrf_drv_twi.o(i.irq_handler_twim)
    irq_handler_twim                         0x00026779   Thumb Code   334  nrf_drv_twi.o(i.irq_handler_twim)
    i.is_conn_params_ok                      0x000268c6   Section        0  ble_conn_params.o(i.is_conn_params_ok)
    is_conn_params_ok                        0x000268c7   Thumb Code    68  ble_conn_params.o(i.is_conn_params_ok)
    i.led_char_add                           0x0002690a   Section        0  ble_lbs.o(i.led_char_add)
    led_char_add                             0x0002690b   Thumb Code   158  ble_lbs.o(i.led_char_add)
    i.led_write_handler                      0x000269a8   Section        0  main.o(i.led_write_handler)
    led_write_handler                        0x000269a9   Thumb Code    14  main.o(i.led_write_handler)
    i.lfclk_stop                             0x000269b8   Section        0  nrf_drv_clock.o(i.lfclk_stop)
    lfclk_stop                               0x000269b9   Thumb Code    26  nrf_drv_clock.o(i.lfclk_stop)
    i.link_init                              0x000269e0   Section        0  nrf_ble_gatt.o(i.link_init)
    link_init                                0x000269e1   Thumb Code    20  nrf_ble_gatt.o(i.link_init)
    i.list_insertions_handler                0x000269f4   Section        0  app_timer.o(i.list_insertions_handler)
    list_insertions_handler                  0x000269f5   Thumb Code   234  app_timer.o(i.list_insertions_handler)
    i.main                                   0x00026aec   Section        0  main.o(i.main)
    i.manuf_specific_data_encode             0x00026c6c   Section        0  ble_advdata.o(i.manuf_specific_data_encode)
    manuf_specific_data_encode               0x00026c6d   Thumb Code   100  ble_advdata.o(i.manuf_specific_data_encode)
    i.max44009_read                          0x00026cd0   Section        0  main.o(i.max44009_read)
    i.mein_timer_timeout_handler             0x00026d44   Section        0  main.o(i.mein_timer_timeout_handler)
    mein_timer_timeout_handler               0x00026d45   Thumb Code   226  main.o(i.mein_timer_timeout_handler)
    i.name_encode                            0x00026e60   Section        0  ble_advdata.o(i.name_encode)
    name_encode                              0x00026e61   Thumb Code   156  ble_advdata.o(i.name_encode)
    i.nrf_bitmask_bit_is_set                 0x00026efc   Section        0  nrf_drv_gpiote.o(i.nrf_bitmask_bit_is_set)
    nrf_bitmask_bit_is_set                   0x00026efd   Thumb Code    16  nrf_drv_gpiote.o(i.nrf_bitmask_bit_is_set)
    i.nrf_ble_gatt_init                      0x00026f0c   Section        0  nrf_ble_gatt.o(i.nrf_ble_gatt_init)
    i.nrf_ble_gatt_on_ble_evt                0x00026f30   Section        0  nrf_ble_gatt.o(i.nrf_ble_gatt_on_ble_evt)
    i.nrf_clock_event_check                  0x00027080   Section        0  nrf_drv_clock.o(i.nrf_clock_event_check)
    nrf_clock_event_check                    0x00027081   Thumb Code    14  nrf_drv_clock.o(i.nrf_clock_event_check)
    i.nrf_clock_event_clear                  0x0002708e   Section        0  nrf_drv_clock.o(i.nrf_clock_event_clear)
    nrf_clock_event_clear                    0x0002708f   Thumb Code    16  nrf_drv_clock.o(i.nrf_clock_event_clear)
    i.nrf_delay_us                           0x000270a0   Section        0  main.o(i.nrf_delay_us)
    nrf_delay_us                             0x000270a1   Thumb Code   132  main.o(i.nrf_delay_us)
    i.nrf_delay_us                           0x0002712c   Section        0  nrf_drv_twi.o(i.nrf_delay_us)
    nrf_delay_us                             0x0002712d   Thumb Code   132  nrf_drv_twi.o(i.nrf_delay_us)
    i.nrf_delay_us                           0x000271b8   Section        0  app_timer.o(i.nrf_delay_us)
    nrf_delay_us                             0x000271b9   Thumb Code   132  app_timer.o(i.nrf_delay_us)
    i.nrf_drv_clock_init                     0x00027244   Section        0  nrf_drv_clock.o(i.nrf_drv_clock_init)
    i.nrf_drv_clock_lfclk_release            0x0002728c   Section        0  nrf_drv_clock.o(i.nrf_drv_clock_lfclk_release)
    i.nrf_drv_common_irq_enable              0x000272b8   Section        0  nrf_drv_common.o(i.nrf_drv_common_irq_enable)
    i.nrf_drv_gpiote_in_event_disable        0x000272f0   Section        0  nrf_drv_gpiote.o(i.nrf_drv_gpiote_in_event_disable)
    i.nrf_drv_gpiote_in_event_enable         0x00027338   Section        0  nrf_drv_gpiote.o(i.nrf_drv_gpiote_in_event_enable)
    i.nrf_drv_is_in_RAM                      0x000273dc   Section        0  nrf_drv_twi.o(i.nrf_drv_is_in_RAM)
    nrf_drv_is_in_RAM                        0x000273dd   Thumb Code    16  nrf_drv_twi.o(i.nrf_drv_is_in_RAM)
    i.nrf_drv_twi_enable                     0x000273ec   Section        0  nrf_drv_twi.o(i.nrf_drv_twi_enable)
    i.nrf_drv_twi_init                       0x0002740c   Section        0  nrf_drv_twi.o(i.nrf_drv_twi_init)
    i.nrf_drv_twi_rx                         0x00027498   Section        0  nrf_drv_twi.o(i.nrf_drv_twi_rx)
    i.nrf_drv_twi_tx                         0x000274bc   Section        0  nrf_drv_twi.o(i.nrf_drv_twi_tx)
    i.nrf_drv_twi_xfer                       0x000274e0   Section        0  nrf_drv_twi.o(i.nrf_drv_twi_xfer)
    i.nrf_gpio_cfg_sense_set                 0x00027504   Section        0  nrf_drv_gpiote.o(i.nrf_gpio_cfg_sense_set)
    nrf_gpio_cfg_sense_set                   0x00027505   Thumb Code    34  nrf_drv_gpiote.o(i.nrf_gpio_cfg_sense_set)
    i.nrf_gpio_pin_set                       0x00027526   Section        0  nrf_drv_twi.o(i.nrf_gpio_pin_set)
    nrf_gpio_pin_set                         0x00027527   Thumb Code    14  nrf_drv_twi.o(i.nrf_gpio_pin_set)
    i.nrf_gpio_pin_write                     0x00027534   Section        0  boards.o(i.nrf_gpio_pin_write)
    nrf_gpio_pin_write                       0x00027535   Thumb Code    22  boards.o(i.nrf_gpio_pin_write)
    i.nrf_gpio_ports_read                    0x0002754c   Section        0  nrf_drv_gpiote.o(i.nrf_gpio_ports_read)
    nrf_gpio_ports_read                      0x0002754d   Thumb Code    34  nrf_drv_gpiote.o(i.nrf_gpio_ports_read)
    i.nrf_gpiote_event_clear                 0x00027574   Section        0  nrf_drv_gpiote.o(i.nrf_gpiote_event_clear)
    nrf_gpiote_event_clear                   0x00027575   Thumb Code    16  nrf_drv_gpiote.o(i.nrf_gpiote_event_clear)
    i.nrf_gpiote_event_is_set                0x00027588   Section        0  nrf_drv_gpiote.o(i.nrf_gpiote_event_is_set)
    nrf_gpiote_event_is_set                  0x00027589   Thumb Code    12  nrf_drv_gpiote.o(i.nrf_gpiote_event_is_set)
    i.nrf_sdh_ble_app_ram_start_get          0x00027598   Section        0  nrf_sdh_ble.o(i.nrf_sdh_ble_app_ram_start_get)
    i.nrf_sdh_ble_default_cfg_set            0x000275ac   Section        0  nrf_sdh_ble.o(i.nrf_sdh_ble_default_cfg_set)
    i.nrf_sdh_ble_enable                     0x00027638   Section        0  nrf_sdh_ble.o(i.nrf_sdh_ble_enable)
    i.nrf_sdh_ble_evts_poll                  0x0002763c   Section        0  nrf_sdh_ble.o(i.nrf_sdh_ble_evts_poll)
    nrf_sdh_ble_evts_poll                    0x0002763d   Thumb Code    74  nrf_sdh_ble.o(i.nrf_sdh_ble_evts_poll)
    i.nrf_sdh_enable_request                 0x0002768c   Section        0  nrf_sdh.o(i.nrf_sdh_enable_request)
    i.nrf_sdh_evts_poll                      0x000276e4   Section        0  nrf_sdh.o(i.nrf_sdh_evts_poll)
    i.nrf_sdh_is_enabled                     0x00027708   Section        0  nrf_sdh.o(i.nrf_sdh_is_enabled)
    i.nrf_sdh_soc_evts_poll                  0x00027714   Section        0  nrf_sdh_soc.o(i.nrf_sdh_soc_evts_poll)
    nrf_sdh_soc_evts_poll                    0x00027715   Thumb Code    56  nrf_sdh_soc.o(i.nrf_sdh_soc_evts_poll)
    i.nrf_section_iter_init                  0x00027750   Section        0  nrf_section_iter.o(i.nrf_section_iter_init)
    i.nrf_section_iter_item_set              0x0002775a   Section        0  nrf_section_iter.o(i.nrf_section_iter_item_set)
    nrf_section_iter_item_set                0x0002775b   Thumb Code    36  nrf_section_iter.o(i.nrf_section_iter_item_set)
    i.nrf_section_iter_next                  0x0002777e   Section        0  nrf_section_iter.o(i.nrf_section_iter_next)
    i.nrf_twim_event_check                   0x0002779e   Section        0  nrf_drv_twi.o(i.nrf_twim_event_check)
    nrf_twim_event_check                     0x0002779f   Thumb Code    10  nrf_drv_twi.o(i.nrf_twim_event_check)
    i.nrf_twim_event_clear                   0x000277a8   Section        0  nrf_drv_twi.o(i.nrf_twim_event_clear)
    nrf_twim_event_clear                     0x000277a9   Thumb Code    12  nrf_drv_twi.o(i.nrf_twim_event_clear)
    i.nrf_uart_event_check                   0x000277b4   Section        0  nrf_drv_uart.o(i.nrf_uart_event_check)
    nrf_uart_event_check                     0x000277b5   Thumb Code    10  nrf_drv_uart.o(i.nrf_uart_event_check)
    i.nrf_uart_event_clear                   0x000277be   Section        0  nrf_drv_uart.o(i.nrf_uart_event_clear)
    nrf_uart_event_clear                     0x000277bf   Thumb Code    12  nrf_drv_uart.o(i.nrf_uart_event_clear)
    i.nrf_uart_int_enable_check              0x000277ca   Section        0  nrf_drv_uart.o(i.nrf_uart_int_enable_check)
    nrf_uart_int_enable_check                0x000277cb   Thumb Code    12  nrf_drv_uart.o(i.nrf_uart_int_enable_check)
    i.nrf_uarte_event_check                  0x000277d6   Section        0  nrf_drv_uart.o(i.nrf_uarte_event_check)
    nrf_uarte_event_check                    0x000277d7   Thumb Code    10  nrf_drv_uart.o(i.nrf_uarte_event_check)
    i.nrf_uarte_event_clear                  0x000277e0   Section        0  nrf_drv_uart.o(i.nrf_uarte_event_clear)
    nrf_uarte_event_clear                    0x000277e1   Thumb Code    12  nrf_drv_uart.o(i.nrf_uarte_event_clear)
    i.null_ptr_check                         0x000277ec   Section        0  bme680.o(i.null_ptr_check)
    null_ptr_check                           0x000277ed   Thumb Code    24  bme680.o(i.null_ptr_check)
    i.on_conn_params_evt                     0x00027804   Section        0  main.o(i.on_conn_params_evt)
    on_conn_params_evt                       0x00027805   Thumb Code    24  main.o(i.on_conn_params_evt)
    i.on_connected_evt                       0x00027820   Section        0  nrf_ble_gatt.o(i.on_connected_evt)
    on_connected_evt                         0x00027821   Thumb Code    98  nrf_ble_gatt.o(i.on_connected_evt)
    i.pin_in_use_by_port                     0x00027884   Section        0  nrf_drv_gpiote.o(i.pin_in_use_by_port)
    pin_in_use_by_port                       0x00027885   Thumb Code    20  nrf_drv_gpiote.o(i.pin_in_use_by_port)
    i.pin_in_use_by_te                       0x0002789c   Section        0  nrf_drv_gpiote.o(i.pin_in_use_by_te)
    pin_in_use_by_te                         0x0002789d   Thumb Code    20  nrf_drv_gpiote.o(i.pin_in_use_by_te)
    i.read_field_data                        0x000278b4   Section        0  bme680.o(i.read_field_data)
    read_field_data                          0x000278b5   Thumb Code   236  bme680.o(i.read_field_data)
    i.rtc1_stop                              0x000279a0   Section        0  app_timer.o(i.rtc1_stop)
    rtc1_stop                                0x000279a1   Thumb Code    52  app_timer.o(i.rtc1_stop)
    i.rx_byte                                0x000279dc   Section        0  nrf_drv_uart.o(i.rx_byte)
    rx_byte                                  0x000279dd   Thumb Code    50  nrf_drv_uart.o(i.rx_byte)
    i.rx_done_event                          0x00027a0e   Section        0  nrf_drv_uart.o(i.rx_done_event)
    rx_done_event                            0x00027a0f   Thumb Code    24  nrf_drv_uart.o(i.rx_done_event)
    i.sd_nvic_EnableIRQ                      0x00027a28   Section        0  nrf_sdh.o(i.sd_nvic_EnableIRQ)
    sd_nvic_EnableIRQ                        0x00027a29   Thumb Code   106  nrf_sdh.o(i.sd_nvic_EnableIRQ)
    i.sd_state_evt_handler                   0x00027a98   Section        0  nrf_drv_clock.o(i.sd_state_evt_handler)
    sd_state_evt_handler                     0x00027a99   Thumb Code    80  nrf_drv_clock.o(i.sd_state_evt_handler)
    i.sdh_request_observer_notify            0x00027aec   Section        0  nrf_sdh.o(i.sdh_request_observer_notify)
    sdh_request_observer_notify              0x00027aed   Thumb Code    44  nrf_sdh.o(i.sdh_request_observer_notify)
    i.sdh_state_observer_notify              0x00027b1c   Section        0  nrf_sdh.o(i.sdh_state_observer_notify)
    sdh_state_observer_notify                0x00027b1d   Thumb Code    38  nrf_sdh.o(i.sdh_state_observer_notify)
    i.sdk_mapped_flags_bulk_update_by_key    0x00027b48   Section        0  sdk_mapped_flags.o(i.sdk_mapped_flags_bulk_update_by_key)
    i.sdk_mapped_flags_first_key_index_get   0x00027b8c   Section        0  sdk_mapped_flags.o(i.sdk_mapped_flags_first_key_index_get)
    i.sdk_mapped_flags_get_by_index          0x00027bae   Section        0  sdk_mapped_flags.o(i.sdk_mapped_flags_get_by_index)
    sdk_mapped_flags_get_by_index            0x00027baf   Thumb Code    16  sdk_mapped_flags.o(i.sdk_mapped_flags_get_by_index)
    i.sdk_mapped_flags_key_list_get          0x00027bbe   Section        0  sdk_mapped_flags.o(i.sdk_mapped_flags_key_list_get)
    i.sdk_mapped_flags_update_by_key         0x00027c08   Section        0  sdk_mapped_flags.o(i.sdk_mapped_flags_update_by_key)
    i.send_error_evt                         0x00027c18   Section        0  ble_conn_params.o(i.send_error_evt)
    send_error_evt                           0x00027c19   Thumb Code    12  ble_conn_params.o(i.send_error_evt)
    i.service_data_encode                    0x00027c28   Section        0  ble_advdata.o(i.service_data_encode)
    service_data_encode                      0x00027c29   Thumb Code   136  ble_advdata.o(i.service_data_encode)
    i.set_gas_config                         0x00027cb0   Section        0  bme680.o(i.set_gas_config)
    set_gas_config                           0x00027cb1   Thumb Code   230  bme680.o(i.set_gas_config)
    i.set_mem_page                           0x00027d9c   Section        0  bme680.o(i.set_mem_page)
    set_mem_page                             0x00027d9d   Thumb Code   102  bme680.o(i.set_mem_page)
    i.soc_evt_handler                        0x00027e02   Section        0  nrf_drv_clock.o(i.soc_evt_handler)
    soc_evt_handler                          0x00027e03   Thumb Code    10  nrf_drv_clock.o(i.soc_evt_handler)
    i.sqrt                                   0x00027e0c   Section        0  sqrt.o(i.sqrt)
    i.timer_list_handler                     0x00027e7c   Section        0  app_timer.o(i.timer_list_handler)
    timer_list_handler                       0x00027e7d   Thumb Code   122  app_timer.o(i.timer_list_handler)
    i.timer_list_insert                      0x00027efc   Section        0  app_timer.o(i.timer_list_insert)
    timer_list_insert                        0x00027efd   Thumb Code    56  app_timer.o(i.timer_list_insert)
    i.timer_list_remove                      0x00027f38   Section        0  app_timer.o(i.timer_list_remove)
    timer_list_remove                        0x00027f39   Thumb Code    88  app_timer.o(i.timer_list_remove)
    i.timer_stop_op_schedule                 0x00027f98   Section        0  app_timer.o(i.timer_stop_op_schedule)
    timer_stop_op_schedule                   0x00027f99   Thumb Code    68  app_timer.o(i.timer_stop_op_schedule)
    i.timer_timeouts_check                   0x00027fe0   Section        0  app_timer.o(i.timer_timeouts_check)
    timer_timeouts_check                     0x00027fe1   Thumb Code   106  app_timer.o(i.timer_timeouts_check)
    i.twi_clear_bus                          0x00028054   Section        0  nrf_drv_twi.o(i.twi_clear_bus)
    twi_clear_bus                            0x00028055   Thumb Code   170  nrf_drv_twi.o(i.twi_clear_bus)
    i.twi_handler                            0x00028100   Section        0  main.o(i.twi_handler)
    i.twi_init                               0x00028110   Section        0  main.o(i.twi_init)
    i.twim_xfer                              0x00028140   Section        0  nrf_drv_twi.o(i.twim_xfer)
    twim_xfer                                0x00028141   Thumb Code   562  nrf_drv_twi.o(i.twim_xfer)
    i.tx_byte                                0x00028378   Section        0  nrf_drv_uart.o(i.tx_byte)
    tx_byte                                  0x00028379   Thumb Code    32  nrf_drv_uart.o(i.tx_byte)
    i.tx_done_event                          0x00028398   Section        0  nrf_drv_uart.o(i.tx_done_event)
    tx_done_event                            0x00028399   Thumb Code    28  nrf_drv_uart.o(i.tx_done_event)
    i.uart_irq_handler                       0x000283b4   Section        0  nrf_drv_uart.o(i.uart_irq_handler)
    uart_irq_handler                         0x000283b5   Thumb Code   286  nrf_drv_uart.o(i.uart_irq_handler)
    i.uarte_irq_handler                      0x000284d2   Section        0  nrf_drv_uart.o(i.uarte_irq_handler)
    uarte_irq_handler                        0x000284d3   Thumb Code   240  nrf_drv_uart.o(i.uarte_irq_handler)
    i.uint16_encode                          0x000285c2   Section        0  ble_advdata.o(i.uint16_encode)
    uint16_encode                            0x000285c3   Thumb Code    10  ble_advdata.o(i.uint16_encode)
    i.update_timeout_handler                 0x000285cc   Section        0  ble_conn_params.o(i.update_timeout_handler)
    update_timeout_handler                   0x000285cd   Thumb Code    98  ble_conn_params.o(i.update_timeout_handler)
    i.user_delay_ms                          0x00028634   Section        0  main.o(i.user_delay_ms)
    i.user_i2c_read                          0x00028640   Section        0  main.o(i.user_i2c_read)
    i.user_i2c_write                         0x00028684   Section        0  main.o(i.user_i2c_write)
    i.user_op_alloc                          0x000286d4   Section        0  app_timer.o(i.user_op_alloc)
    user_op_alloc                            0x000286d5   Thumb Code    42  app_timer.o(i.user_op_alloc)
    i.uuid_list_encode                       0x00028704   Section        0  ble_advdata.o(i.uuid_list_encode)
    uuid_list_encode                         0x00028705   Thumb Code    48  ble_advdata.o(i.uuid_list_encode)
    i.uuid_list_sized_encode                 0x00028734   Section        0  ble_advdata.o(i.uuid_list_sized_encode)
    uuid_list_sized_encode                   0x00028735   Thumb Code   158  ble_advdata.o(i.uuid_list_sized_encode)
    .constdata                               0x000287d4   Section       32  main.o(.constdata)
    m_mein_timer_id                          0x000287d4   Data           4  main.o(.constdata)
    m_twi                                    0x000287dc   Data           8  main.o(.constdata)
    .constdata                               0x000287f4   Section        8  boards.o(.constdata)
    m_board_led_list                         0x000287f4   Data           4  boards.o(.constdata)
    m_board_btn_list                         0x000287f8   Data           4  boards.o(.constdata)
    .constdata                               0x000287fc   Section       22  nrf_ble_gatt.o(.constdata)
    .constdata                               0x00028814   Section       16  ble_lbs.o(.constdata)
    .constdata                               0x00028824   Section        4  nrf_drv_gpiote.o(.constdata)
    .constdata                               0x00028828   Section       12  nrf_drv_twi.o(.constdata)
    .constdata                               0x00028834   Section        8  app_button.o(.constdata)
    m_detection_delay_timer_id               0x00028834   Data           4  app_button.o(.constdata)
    .constdata                               0x0002883c   Section       16  nrf_sdh.o(.constdata)
    sdh_req_observers_array                  0x0002883c   Data          16  nrf_sdh.o(.constdata)
    .constdata                               0x0002884c   Section       40  nrf_sdh.o(.constdata)
    sdh_req_observers                        0x00028850   Data          12  nrf_sdh.o(.constdata)
    sdh_state_observers                      0x0002885c   Data          12  nrf_sdh.o(.constdata)
    sdh_stack_observers                      0x00028868   Data          12  nrf_sdh.o(.constdata)
    .constdata                               0x00028874   Section       16  nrf_sdh.o(.constdata)
    sdh_state_observers_array                0x00028874   Data          16  nrf_sdh.o(.constdata)
    .constdata                               0x00028884   Section       16  nrf_sdh.o(.constdata)
    sdh_stack_observers_array                0x00028884   Data          16  nrf_sdh.o(.constdata)
    .constdata                               0x00028894   Section       24  nrf_sdh_ble.o(.constdata)
    sdh_ble_observers_array                  0x00028894   Data          24  nrf_sdh_ble.o(.constdata)
    .constdata                               0x000288ac   Section       20  nrf_sdh_ble.o(.constdata)
    sdh_ble_observers                        0x000288b4   Data          12  nrf_sdh_ble.o(.constdata)
    .constdata                               0x000288c0   Section       16  nrf_sdh_soc.o(.constdata)
    sdh_soc_observers_array                  0x000288c0   Data          16  nrf_sdh_soc.o(.constdata)
    .constdata                               0x000288d0   Section       12  nrf_sdh_soc.o(.constdata)
    sdh_soc_observers                        0x000288d0   Data          12  nrf_sdh_soc.o(.constdata)
    .constdata                               0x000288e0   Section      136  pow.o(.constdata)
    bp                                       0x000288e0   Data          16  pow.o(.constdata)
    dp_h                                     0x000288f0   Data          16  pow.o(.constdata)
    dp_l                                     0x00028900   Data          16  pow.o(.constdata)
    L                                        0x00028910   Data          48  pow.o(.constdata)
    P                                        0x00028940   Data          40  pow.o(.constdata)
    .constdata                               0x00028968   Section        8  qnan.o(.constdata)
    sdh_ble_observers0                       0x00028990   Section        8  ble_conn_state.o(sdh_ble_observers0)
    __tagsym$$used                           0x00028990   Number         0  ble_conn_state.o(sdh_ble_observers0)
    m_ble_evt_observer                       0x00028990   Data           8  ble_conn_state.o(sdh_ble_observers0)
    sdh_ble_observers1                       0x00028998   Section        8  main.o(sdh_ble_observers1)
    __tagsym$$used                           0x00028998   Number         0  main.o(sdh_ble_observers1)
    m_ble_observer                           0x00028998   Data           8  main.o(sdh_ble_observers1)
    sdh_ble_observers2                       0x000289a0   Section       16  main.o(sdh_ble_observers2)
    __tagsym$$used                           0x000289a0   Number         0  main.o(sdh_ble_observers2)
    m_lbs_obs                                0x000289a0   Data           8  main.o(sdh_ble_observers2)
    __tagsym$$used                           0x000289a8   Number         0  main.o(sdh_ble_observers2)
    m_gatt_obs                               0x000289a8   Data           8  main.o(sdh_ble_observers2)
    sdh_ble_observers2                       0x000289b0   Section        8  ble_conn_params.o(sdh_ble_observers2)
    __tagsym$$used                           0x000289b0   Number         0  ble_conn_params.o(sdh_ble_observers2)
    m_ble_observer                           0x000289b0   Data           8  ble_conn_params.o(sdh_ble_observers2)
    sdh_soc_observers0                       0x000289b8   Section        8  nrf_drv_clock.o(sdh_soc_observers0)
    __tagsym$$used                           0x000289b8   Number         0  nrf_drv_clock.o(sdh_soc_observers0)
    m_soc_evt_observer                       0x000289b8   Data           8  nrf_drv_clock.o(sdh_soc_observers0)
    sdh_stack_observers0                     0x000289c0   Section        8  nrf_sdh_ble.o(sdh_stack_observers0)
    __tagsym$$used                           0x000289c0   Number         0  nrf_sdh_ble.o(sdh_stack_observers0)
    m_nrf_sdh_ble_evts_poll                  0x000289c0   Data           8  nrf_sdh_ble.o(sdh_stack_observers0)
    sdh_stack_observers0                     0x000289c8   Section        8  nrf_sdh_soc.o(sdh_stack_observers0)
    __tagsym$$used                           0x000289c8   Number         0  nrf_sdh_soc.o(sdh_stack_observers0)
    m_nrf_sdh_soc_evts_poll                  0x000289c8   Data           8  nrf_sdh_soc.o(sdh_stack_observers0)
    sdh_state_observers0                     0x000289d0   Section        8  nrf_drv_clock.o(sdh_state_observers0)
    __tagsym$$used                           0x000289d0   Number         0  nrf_drv_clock.o(sdh_state_observers0)
    m_sd_state_observer                      0x000289d0   Data           8  nrf_drv_clock.o(sdh_state_observers0)
    .data                                    0x20002180   Section       14  main.o(.data)
    m_sample                                 0x20002181   Data           1  main.o(.data)
    m_conn_handle                            0x20002182   Data           2  main.o(.data)
    .data                                    0x20002190   Section      128  bme680.o(.data)
    .data                                    0x20002210   Section        8  ble_conn_params.o(.data)
    m_preferred_conn_params                  0x20002210   Data           8  ble_conn_params.o(.data)
    .data                                    0x20002218   Section       20  app_button.o(.data)
    m_button_count                           0x20002218   Data           1  app_button.o(.data)
    mp_buttons                               0x2000221c   Data           4  app_button.o(.data)
    m_detection_delay                        0x20002220   Data           4  app_button.o(.data)
    m_pin_state                              0x20002224   Data           4  app_button.o(.data)
    m_pin_transition                         0x20002228   Data           4  app_button.o(.data)
    .data                                    0x2000222c   Section       20  app_timer.o(.data)
    m_ticks_elapsed_q_read_ind               0x2000222c   Data           1  app_timer.o(.data)
    m_ticks_elapsed_q_write_ind              0x2000222d   Data           1  app_timer.o(.data)
    m_rtc1_running                           0x2000222e   Data           1  app_timer.o(.data)
    m_rtc1_reset                             0x2000222f   Data           1  app_timer.o(.data)
    mp_timer_id_head                         0x20002230   Data           4  app_timer.o(.data)
    m_ticks_latest                           0x20002234   Data           4  app_timer.o(.data)
    m_ticks_elapsed                          0x20002238   Data           8  app_timer.o(.data)
    .data                                    0x20002240   Section        3  nrf_sdh.o(.data)
    m_nrf_sdh_enabled                        0x20002240   Data           1  nrf_sdh.o(.data)
    m_nrf_sdh_suspended                      0x20002241   Data           1  nrf_sdh.o(.data)
    m_nrf_sdh_continue                       0x20002242   Data           1  nrf_sdh.o(.data)
    .data                                    0x20002244   Section        4  system_nrf52.o(.data)
    __tagsym$$used                           0x20002244   Number         0  system_nrf52.o(.data)
    .data                                    0x20002248   Section        4  errno.o(.data)
    _errno                                   0x20002248   Data           4  errno.o(.data)
    .bss                                     0x2000224c   Section       32  main.o(.bss)
    m_mein_timer_id_data                     0x2000224c   Data          32  main.o(.bss)
    .bss                                     0x2000226c   Section      212  main.o(.bss)
    advdata                                  0x20002280   Data          60  main.o(.bss)
    m_lbs                                    0x20002314   Data          24  main.o(.bss)
    m_gatt                                   0x2000232c   Data          20  main.o(.bss)
    .bss                                     0x20002340   Section       80  ble_conn_params.o(.bss)
    m_timer_data                             0x20002340   Data          32  ble_conn_params.o(.bss)
    m_conn_params_instances                  0x20002360   Data          20  ble_conn_params.o(.bss)
    m_conn_params_config                     0x20002374   Data          28  ble_conn_params.o(.bss)
    .bss                                     0x20002390   Section      184  ble_conn_state.o(.bss)
    m_bcs                                    0x20002390   Data         184  ble_conn_state.o(.bss)
    .bss                                     0x20002448   Section       20  nrf_drv_clock.o(.bss)
    m_clock_cb                               0x20002448   Data          20  nrf_drv_clock.o(.bss)
    .bss                                     0x2000245c   Section       88  nrf_drv_gpiote.o(.bss)
    m_cb                                     0x2000245c   Data          88  nrf_drv_gpiote.o(.bss)
    .bss                                     0x200024b4   Section       32  nrf_drv_uart.o(.bss)
    m_cb                                     0x200024b4   Data          32  nrf_drv_uart.o(.bss)
    .bss                                     0x200024d4   Section       40  nrf_drv_twi.o(.bss)
    m_cb                                     0x200024d4   Data          40  nrf_drv_twi.o(.bss)
    .bss                                     0x200024fc   Section       32  app_button.o(.bss)
    m_detection_delay_timer_id_data          0x200024fc   Data          32  app_button.o(.bss)
    .bss                                     0x2000251c   Section      268  app_timer.o(.bss)
    m_op_queue                               0x2000251c   Data         268  app_timer.o(.bss)
    .bss                                     0x20002628   Section       12  app_util_platform.o(.bss)
    STACK                                    0x20002638   Section     8192  arm_startup_nrf52.o(STACK)

    Global Symbols

    Symbol Name                              Value     Ov Type        Size  Object(Section)

    BuildAttributes$$THM_ISAv4$E$P$D$K$B$S$7EM$VFPi3$EXTD16$VFPS$VFMA$PE$A:L22UL41UL21$X:L11$S22US41US21$IEEE1$IW$USESV6$~STKCKD$USESV7$~SHL$OTIME$ROPI$IEEEX$EBA8$MICROLIB$REQ8$PRES8$EABIv2 0x00000000   Number         0  anon$$obj.o ABSOLUTE
    __ARM_use_no_argv                        0x00000000   Number         0  main.o ABSOLUTE
    _printf_a                                0x00000000   Number         0  stubs.o ABSOLUTE
    _printf_c                                0x00000000   Number         0  stubs.o ABSOLUTE
    _printf_charcount                        0x00000000   Number         0  stubs.o ABSOLUTE
    _printf_d                                0x00000000   Number         0  stubs.o ABSOLUTE
    _printf_e                                0x00000000   Number         0  stubs.o ABSOLUTE
    _printf_f                                0x00000000   Number         0  stubs.o ABSOLUTE
    _printf_flags                            0x00000000   Number         0  stubs.o ABSOLUTE
    _printf_fp_dec                           0x00000000   Number         0  stubs.o ABSOLUTE
    _printf_fp_hex                           0x00000000   Number         0  stubs.o ABSOLUTE
    _printf_g                                0x00000000   Number         0  stubs.o ABSOLUTE
    _printf_i                                0x00000000   Number         0  stubs.o ABSOLUTE
    _printf_int_dec                          0x00000000   Number         0  stubs.o ABSOLUTE
    _printf_l                                0x00000000   Number         0  stubs.o ABSOLUTE
    _printf_lc                               0x00000000   Number         0  stubs.o ABSOLUTE
    _printf_ll                               0x00000000   Number         0  stubs.o ABSOLUTE
    _printf_lld                              0x00000000   Number         0  stubs.o ABSOLUTE
    _printf_lli                              0x00000000   Number         0  stubs.o ABSOLUTE
    _printf_llo                              0x00000000   Number         0  stubs.o ABSOLUTE
    _printf_llu                              0x00000000   Number         0  stubs.o ABSOLUTE
    _printf_llx                              0x00000000   Number         0  stubs.o ABSOLUTE
    _printf_longlong_dec                     0x00000000   Number         0  stubs.o ABSOLUTE
    _printf_longlong_hex                     0x00000000   Number         0  stubs.o ABSOLUTE
    _printf_longlong_oct                     0x00000000   Number         0  stubs.o ABSOLUTE
    _printf_ls                               0x00000000   Number         0  stubs.o ABSOLUTE
    _printf_mbtowc                           0x00000000   Number         0  stubs.o ABSOLUTE
    _printf_n                                0x00000000   Number         0  stubs.o ABSOLUTE
    _printf_o                                0x00000000   Number         0  stubs.o ABSOLUTE
    _printf_p                                0x00000000   Number         0  stubs.o ABSOLUTE
    _printf_percent                          0x00000000   Number         0  stubs.o ABSOLUTE
    _printf_pre_padding                      0x00000000   Number         0  stubs.o ABSOLUTE
    _printf_return_value                     0x00000000   Number         0  stubs.o ABSOLUTE
    _printf_s                                0x00000000   Number         0  stubs.o ABSOLUTE
    _printf_sizespec                         0x00000000   Number         0  stubs.o ABSOLUTE
    _printf_str                              0x00000000   Number         0  stubs.o ABSOLUTE
    _printf_truncate_signed                  0x00000000   Number         0  stubs.o ABSOLUTE
    _printf_truncate_unsigned                0x00000000   Number         0  stubs.o ABSOLUTE
    _printf_u                                0x00000000   Number         0  stubs.o ABSOLUTE
    _printf_wc                               0x00000000   Number         0  stubs.o ABSOLUTE
    _printf_wctomb                           0x00000000   Number         0  stubs.o ABSOLUTE
    _printf_widthprec                        0x00000000   Number         0  stubs.o ABSOLUTE
    _printf_x                                0x00000000   Number         0  stubs.o ABSOLUTE
    __cpp_initialize__aeabi_                  - Undefined Weak Reference
    __cxa_finalize                            - Undefined Weak Reference
    __decompress                              - Undefined Weak Reference
    _clock_init                               - Undefined Weak Reference
    _microlib_exit                            - Undefined Weak Reference
    pwr_mgmt_data0$$Base                      - Undefined Reference
    pwr_mgmt_data0$$Limit                     - Undefined Reference
    pwr_mgmt_data1$$Base                      - Undefined Reference
    pwr_mgmt_data1$$Limit                     - Undefined Reference
    pwr_mgmt_data2$$Base                      - Undefined Reference
    pwr_mgmt_data2$$Limit                     - Undefined Reference
    sdh_req_observers0$$Base                  - Undefined Reference
    sdh_req_observers0$$Limit                 - Undefined Reference
    sdh_req_observers1$$Base                  - Undefined Reference
    sdh_req_observers1$$Limit                 - Undefined Reference
    sdh_soc_observers1$$Base                  - Undefined Reference
    sdh_soc_observers1$$Limit                 - Undefined Reference
    sdh_stack_observers1$$Base                - Undefined Reference
    sdh_stack_observers1$$Limit               - Undefined Reference
    sdh_state_observers1$$Base                - Undefined Reference
    sdh_state_observers1$$Limit               - Undefined Reference
    __Vectors_Size                           0x00000200   Number         0  arm_startup_nrf52.o ABSOLUTE
    __Vectors                                0x00023000   Data           4  arm_startup_nrf52.o(RESET)
    __Vectors_End                            0x00023200   Data           0  arm_startup_nrf52.o(RESET)
    __main                                   0x00023201   Thumb Code     0  entry.o(.ARM.Collect$$$$00000000)
    _main_stk                                0x00023201   Thumb Code     0  entry2.o(.ARM.Collect$$$$00000001)
    _main_scatterload                        0x00023205   Thumb Code     0  entry5.o(.ARM.Collect$$$$00000004)
    __main_after_scatterload                 0x00023209   Thumb Code     0  entry5.o(.ARM.Collect$$$$00000004)
    _main_clock                              0x00023209   Thumb Code     0  entry7b.o(.ARM.Collect$$$$00000008)
    _main_cpp_init                           0x00023209   Thumb Code     0  entry8b.o(.ARM.Collect$$$$0000000A)
    _main_init                               0x00023209   Thumb Code     0  entry9a.o(.ARM.Collect$$$$0000000B)
    __rt_final_cpp                           0x00023211   Thumb Code     0  entry10a.o(.ARM.Collect$$$$0000000D)
    __rt_final_exit                          0x00023211   Thumb Code     0  entry11a.o(.ARM.Collect$$$$0000000F)
    Reset_Handler                            0x00023215   Thumb Code     8  arm_startup_nrf52.o(.text)
    NMI_Handler                              0x0002321d   Thumb Code     2  arm_startup_nrf52.o(.text)
    HardFault_Handler                        0x0002321f   Thumb Code     2  arm_startup_nrf52.o(.text)
    MemoryManagement_Handler                 0x00023221   Thumb Code     2  arm_startup_nrf52.o(.text)
    BusFault_Handler                         0x00023223   Thumb Code     2  arm_startup_nrf52.o(.text)
    UsageFault_Handler                       0x00023225   Thumb Code     2  arm_startup_nrf52.o(.text)
    SVC_Handler                              0x00023227   Thumb Code     2  arm_startup_nrf52.o(.text)
    DebugMon_Handler                         0x00023229   Thumb Code     2  arm_startup_nrf52.o(.text)
    PendSV_Handler                           0x0002322b   Thumb Code     2  arm_startup_nrf52.o(.text)
    SysTick_Handler                          0x0002322d   Thumb Code     2  arm_startup_nrf52.o(.text)
    CCM_AAR_IRQHandler                       0x0002322f   Thumb Code     0  arm_startup_nrf52.o(.text)
    COMP_LPCOMP_IRQHandler                   0x0002322f   Thumb Code     0  arm_startup_nrf52.o(.text)
    ECB_IRQHandler                           0x0002322f   Thumb Code     0  arm_startup_nrf52.o(.text)
    FPU_IRQHandler                           0x0002322f   Thumb Code     0  arm_startup_nrf52.o(.text)
    I2S_IRQHandler                           0x0002322f   Thumb Code     0  arm_startup_nrf52.o(.text)
    MWU_IRQHandler                           0x0002322f   Thumb Code     0  arm_startup_nrf52.o(.text)
    NFCT_IRQHandler                          0x0002322f   Thumb Code     0  arm_startup_nrf52.o(.text)
    PDM_IRQHandler                           0x0002322f   Thumb Code     0  arm_startup_nrf52.o(.text)
    PWM0_IRQHandler                          0x0002322f   Thumb Code     0  arm_startup_nrf52.o(.text)
    PWM1_IRQHandler                          0x0002322f   Thumb Code     0  arm_startup_nrf52.o(.text)
    PWM2_IRQHandler                          0x0002322f   Thumb Code     0  arm_startup_nrf52.o(.text)
    QDEC_IRQHandler                          0x0002322f   Thumb Code     0  arm_startup_nrf52.o(.text)
    RADIO_IRQHandler                         0x0002322f   Thumb Code     0  arm_startup_nrf52.o(.text)
    RNG_IRQHandler                           0x0002322f   Thumb Code     0  arm_startup_nrf52.o(.text)
    RTC0_IRQHandler                          0x0002322f   Thumb Code     0  arm_startup_nrf52.o(.text)
    RTC2_IRQHandler                          0x0002322f   Thumb Code     0  arm_startup_nrf52.o(.text)
    SAADC_IRQHandler                         0x0002322f   Thumb Code     0  arm_startup_nrf52.o(.text)
    SPIM1_SPIS1_TWIM1_TWIS1_SPI1_TWI1_IRQHandler 0x0002322f   Thumb Code     0  arm_startup_nrf52.o(.text)
    SPIM2_SPIS2_SPI2_IRQHandler              0x0002322f   Thumb Code     0  arm_startup_nrf52.o(.text)
    SWI1_EGU1_IRQHandler                     0x0002322f   Thumb Code     0  arm_startup_nrf52.o(.text)
    SWI3_EGU3_IRQHandler                     0x0002322f   Thumb Code     0  arm_startup_nrf52.o(.text)
    SWI4_EGU4_IRQHandler                     0x0002322f   Thumb Code     0  arm_startup_nrf52.o(.text)
    SWI5_EGU5_IRQHandler                     0x0002322f   Thumb Code     0  arm_startup_nrf52.o(.text)
    TEMP_IRQHandler                          0x0002322f   Thumb Code     0  arm_startup_nrf52.o(.text)
    TIMER0_IRQHandler                        0x0002322f   Thumb Code     0  arm_startup_nrf52.o(.text)
    TIMER1_IRQHandler                        0x0002322f   Thumb Code     0  arm_startup_nrf52.o(.text)
    TIMER2_IRQHandler                        0x0002322f   Thumb Code     0  arm_startup_nrf52.o(.text)
    TIMER3_IRQHandler                        0x0002322f   Thumb Code     0  arm_startup_nrf52.o(.text)
    TIMER4_IRQHandler                        0x0002322f   Thumb Code     0  arm_startup_nrf52.o(.text)
    WDT_IRQHandler                           0x0002322f   Thumb Code     0  arm_startup_nrf52.o(.text)
    __aeabi_ldivmod                          0x00023239   Thumb Code    98  ldiv.o(.text)
    __aeabi_memcpy                           0x0002329b   Thumb Code    36  memcpya.o(.text)
    __aeabi_memcpy4                          0x0002329b   Thumb Code     0  memcpya.o(.text)
    __aeabi_memcpy8                          0x0002329b   Thumb Code     0  memcpya.o(.text)
    __aeabi_memset                           0x000232bf   Thumb Code    14  memseta.o(.text)
    __aeabi_memset4                          0x000232bf   Thumb Code     0  memseta.o(.text)
    __aeabi_memset8                          0x000232bf   Thumb Code     0  memseta.o(.text)
    __aeabi_memclr                           0x000232cd   Thumb Code     4  memseta.o(.text)
    __aeabi_memclr4                          0x000232cd   Thumb Code     0  memseta.o(.text)
    __aeabi_memclr8                          0x000232cd   Thumb Code     0  memseta.o(.text)
    _memset$wrapper                          0x000232d1   Thumb Code    18  memseta.o(.text)
    strlen                                   0x000232e3   Thumb Code    14  strlen.o(.text)
    __aeabi_dmul                             0x000232f1   Thumb Code   228  dmul.o(.text)
    __aeabi_ui2d                             0x000233d5   Thumb Code    26  dfltui.o(.text)
    __aeabi_d2f                              0x000233ef   Thumb Code    56  d2f.o(.text)
    __aeabi_uldivmod                         0x00023427   Thumb Code    98  uldiv.o(.text)
    __I$use$fp                               0x00023489   Thumb Code     0  iusefp.o(.text)
    _float_round                             0x00023489   Thumb Code    18  fepilogue.o(.text)
    _float_epilogue                          0x0002349b   Thumb Code    92  fepilogue.o(.text)
    _double_round                            0x000234f7   Thumb Code    30  depilogue.o(.text)
    _double_epilogue                         0x00023515   Thumb Code   156  depilogue.o(.text)
    __aeabi_dadd                             0x000235b1   Thumb Code   322  dadd.o(.text)
    __aeabi_dsub                             0x000236f3   Thumb Code     6  dadd.o(.text)
    __aeabi_drsub                            0x000236f9   Thumb Code     6  dadd.o(.text)
    __aeabi_ddiv                             0x000236ff   Thumb Code   222  ddiv.o(.text)
    __ARM_scalbn                             0x000237dd   Thumb Code    46  dscalb.o(.text)
    scalbn                                   0x000237dd   Thumb Code     0  dscalb.o(.text)
    __aeabi_i2d                              0x0002380b   Thumb Code    34  dflti.o(.text)
    __aeabi_cdrcmple                         0x0002382d   Thumb Code    48  cdrcmple.o(.text)
    __scatterload                            0x0002385d   Thumb Code    28  init.o(.text)
    __scatterload_rt2                        0x0002385d   Thumb Code     0  init.o(.text)
    __aeabi_llsl                             0x00023881   Thumb Code    30  llshl.o(.text)
    _ll_shift_l                              0x00023881   Thumb Code     0  llshl.o(.text)
    __aeabi_llsr                             0x0002389f   Thumb Code    32  llushr.o(.text)
    _ll_ushift_r                             0x0002389f   Thumb Code     0  llushr.o(.text)
    __aeabi_lasr                             0x000238bf   Thumb Code    36  llsshr.o(.text)
    _ll_sshift_r                             0x000238bf   Thumb Code     0  llsshr.o(.text)
    _dsqrt                                   0x000238e3   Thumb Code   162  dsqrt.o(.text)
    GPIOTE_IRQHandler                        0x00023985   Thumb Code   362  nrf_drv_gpiote.o(i.GPIOTE_IRQHandler)
    POWER_CLOCK_IRQHandler                   0x00023b5d   Thumb Code    84  nrf_drv_clock.o(i.POWER_CLOCK_IRQHandler)
    RTC1_IRQHandler                          0x00023bb5   Thumb Code    32  app_timer.o(i.RTC1_IRQHandler)
    SPIM0_SPIS0_TWIM0_TWIS0_SPI0_TWI0_IRQHandler 0x00023bd9   Thumb Code     8  nrf_drv_twi.o(i.SPIM0_SPIS0_TWIM0_TWIS0_SPI0_TWI0_IRQHandler)
    SWI0_EGU0_IRQHandler                     0x00023be9   Thumb Code     4  app_timer.o(i.SWI0_EGU0_IRQHandler)
    SWI2_EGU2_IRQHandler                     0x00023bed   Thumb Code     4  nrf_sdh.o(i.SWI2_EGU2_IRQHandler)
    SystemInit                               0x00023bf1   Thumb Code   700  system_nrf52.o(i.SystemInit)
    UARTE0_UART0_IRQHandler                  0x00023eed   Thumb Code    20  nrf_drv_uart.o(i.UARTE0_UART0_IRQHandler)
    __0sprintf$8                             0x00023f09   Thumb Code    34  printf8.o(i.__0sprintf$8)
    __1sprintf$8                             0x00023f09   Thumb Code     0  printf8.o(i.__0sprintf$8)
    __2sprintf                               0x00023f09   Thumb Code     0  printf8.o(i.__0sprintf$8)
    __ARM_fpclassify                         0x00023f31   Thumb Code    48  fpclassify.o(i.__ARM_fpclassify)
    __hardfp_pow                             0x00023f61   Thumb Code  3072  pow.o(i.__hardfp_pow)
    __kernel_poly                            0x00024bb1   Thumb Code   248  poly.o(i.__kernel_poly)
    __mathlib_dbl_divzero                    0x00024ca9   Thumb Code    28  dunder.o(i.__mathlib_dbl_divzero)
    __mathlib_dbl_infnan2                    0x00024cd9   Thumb Code    20  dunder.o(i.__mathlib_dbl_infnan2)
    __mathlib_dbl_invalid                    0x00024cf1   Thumb Code    24  dunder.o(i.__mathlib_dbl_invalid)
    __mathlib_dbl_overflow                   0x00024d11   Thumb Code    24  dunder.o(i.__mathlib_dbl_overflow)
    __mathlib_dbl_underflow                  0x00024d31   Thumb Code    24  dunder.o(i.__mathlib_dbl_underflow)
    __scatterload_copy                       0x00024d51   Thumb Code    14  handlers.o(i.__scatterload_copy)
    __scatterload_null                       0x00024d5f   Thumb Code     2  handlers.o(i.__scatterload_null)
    __scatterload_zeroinit                   0x00024d61   Thumb Code    14  handlers.o(i.__scatterload_zeroinit)
    __set_errno                              0x00024d95   Thumb Code     6  errno.o(i.__set_errno)
    app_button_disable                       0x00025241   Thumb Code    38  app_button.o(i.app_button_disable)
    app_button_enable                        0x00025271   Thumb Code    32  app_button.o(i.app_button_enable)
    app_error_fault_handler                  0x00025295   Thumb Code    38  app_error_weak.o(i.app_error_fault_handler)
    app_error_handler_bare                   0x000252c5   Thumb Code    22  app_error.o(i.app_error_handler_bare)
    app_timer_create                         0x000252dd   Thumb Code    32  app_timer.o(i.app_timer_create)
    app_timer_init                           0x00025301   Thumb Code    70  app_timer.o(i.app_timer_init)
    app_timer_start                          0x00025355   Thumb Code   128  app_timer.o(i.app_timer_start)
    app_timer_stop                           0x000253dd   Thumb Code    26  app_timer.o(i.app_timer_stop)
    app_util_critical_region_enter           0x000253fd   Thumb Code    64  app_util_platform.o(i.app_util_critical_region_enter)
    app_util_critical_region_exit            0x00025445   Thumb Code    46  app_util_platform.o(i.app_util_critical_region_exit)
    ble_advdata_encode                       0x00025479   Thumb Code   386  ble_advdata.o(i.ble_advdata_encode)
    ble_advdata_set                          0x000255fb   Thumb Code   104  ble_advdata.o(i.ble_advdata_set)
    ble_conn_params_init                     0x00025665   Thumb Code    90  ble_conn_params.o(i.ble_conn_params_init)
    ble_lbs_init                             0x00025a35   Thumb Code    82  ble_lbs.o(i.ble_lbs_init)
    ble_lbs_on_ble_evt                       0x00025a8d   Thumb Code    46  ble_lbs.o(i.ble_lbs_on_ble_evt)
    ble_srv_is_notification_enabled          0x00025abb   Thumb Code     8  ble_srv_common.o(i.ble_srv_is_notification_enabled)
    bme680_get_profile_dur                   0x00025ac3   Thumb Code    50  bme680.o(i.bme680_get_profile_dur)
    bme680_get_regs                          0x00025af5   Thumb Code    72  bme680.o(i.bme680_get_regs)
    bme680_get_sensor_data                   0x00025b3d   Thumb Code    46  bme680.o(i.bme680_get_sensor_data)
    bme680_init                              0x00025b6b   Thumb Code    60  bme680.o(i.bme680_init)
    bme680_read                              0x00025ba9   Thumb Code    40  main.o(i.bme680_read)
    bme680_set_regs                          0x00025bd9   Thumb Code   150  bme680.o(i.bme680_set_regs)
    bme680_set_sensor_mode                   0x00025c6f   Thumb Code   116  bme680.o(i.bme680_set_sensor_mode)
    bme680_set_sensor_settings               0x00025ce3   Thumb Code   484  bme680.o(i.bme680_set_sensor_settings)
    bme680_setup                             0x00025ec9   Thumb Code    68  main.o(i.bme680_setup)
    bme680_soft_reset                        0x00025f1d   Thumb Code    78  bme680.o(i.bme680_soft_reset)
    bsp_board_led_off                        0x00025fa1   Thumb Code    10  boards.o(i.bsp_board_led_off)
    bsp_board_led_on                         0x00025fb1   Thumb Code    10  boards.o(i.bsp_board_led_on)
    calc_lux                                 0x000261e1   Thumb Code    92  main.o(i.calc_lux)
    fabs                                     0x000265e1   Thumb Code    24  fabs.o(i.fabs)
    main                                     0x00026aed   Thumb Code   336  main.o(i.main)
    max44009_read                            0x00026cd1   Thumb Code   108  main.o(i.max44009_read)
    nrf_ble_gatt_init                        0x00026f0d   Thumb Code    34  nrf_ble_gatt.o(i.nrf_ble_gatt_init)
    nrf_ble_gatt_on_ble_evt                  0x00026f31   Thumb Code   332  nrf_ble_gatt.o(i.nrf_ble_gatt_on_ble_evt)
    nrf_drv_clock_init                       0x00027245   Thumb Code    64  nrf_drv_clock.o(i.nrf_drv_clock_init)
    nrf_drv_clock_lfclk_release              0x0002728d   Thumb Code    40  nrf_drv_clock.o(i.nrf_drv_clock_lfclk_release)
    nrf_drv_common_irq_enable                0x000272b9   Thumb Code    56  nrf_drv_common.o(i.nrf_drv_common_irq_enable)
    nrf_drv_gpiote_in_event_disable          0x000272f1   Thumb Code    66  nrf_drv_gpiote.o(i.nrf_drv_gpiote_in_event_disable)
    nrf_drv_gpiote_in_event_enable           0x00027339   Thumb Code   156  nrf_drv_gpiote.o(i.nrf_drv_gpiote_in_event_enable)
    nrf_drv_twi_enable                       0x000273ed   Thumb Code    28  nrf_drv_twi.o(i.nrf_drv_twi_enable)
    nrf_drv_twi_init                         0x0002740d   Thumb Code   134  nrf_drv_twi.o(i.nrf_drv_twi_init)
    nrf_drv_twi_rx                           0x00027499   Thumb Code    32  nrf_drv_twi.o(i.nrf_drv_twi_rx)
    nrf_drv_twi_tx                           0x000274bd   Thumb Code    36  nrf_drv_twi.o(i.nrf_drv_twi_tx)
    nrf_drv_twi_xfer                         0x000274e1   Thumb Code    30  nrf_drv_twi.o(i.nrf_drv_twi_xfer)
    nrf_sdh_ble_app_ram_start_get            0x00027599   Thumb Code    16  nrf_sdh_ble.o(i.nrf_sdh_ble_app_ram_start_get)
    nrf_sdh_ble_default_cfg_set              0x000275ad   Thumb Code   134  nrf_sdh_ble.o(i.nrf_sdh_ble_default_cfg_set)
    nrf_sdh_ble_enable                       0x00027639   Thumb Code     4  nrf_sdh_ble.o(i.nrf_sdh_ble_enable)
    nrf_sdh_enable_request                   0x0002768d   Thumb Code    74  nrf_sdh.o(i.nrf_sdh_enable_request)
    nrf_sdh_evts_poll                        0x000276e5   Thumb Code    32  nrf_sdh.o(i.nrf_sdh_evts_poll)
    nrf_sdh_is_enabled                       0x00027709   Thumb Code     6  nrf_sdh.o(i.nrf_sdh_is_enabled)
    nrf_section_iter_init                    0x00027751   Thumb Code    10  nrf_section_iter.o(i.nrf_section_iter_init)
    nrf_section_iter_next                    0x0002777f   Thumb Code    32  nrf_section_iter.o(i.nrf_section_iter_next)
    sdk_mapped_flags_bulk_update_by_key      0x00027b49   Thumb Code    68  sdk_mapped_flags.o(i.sdk_mapped_flags_bulk_update_by_key)
    sdk_mapped_flags_first_key_index_get     0x00027b8d   Thumb Code    34  sdk_mapped_flags.o(i.sdk_mapped_flags_first_key_index_get)
    sdk_mapped_flags_key_list_get            0x00027bbf   Thumb Code    74  sdk_mapped_flags.o(i.sdk_mapped_flags_key_list_get)
    sdk_mapped_flags_update_by_key           0x00027c09   Thumb Code    14  sdk_mapped_flags.o(i.sdk_mapped_flags_update_by_key)
    sqrt                                     0x00027e0d   Thumb Code   110  sqrt.o(i.sqrt)
    twi_handler                              0x00028101   Thumb Code    12  main.o(i.twi_handler)
    twi_init                                 0x00028111   Thumb Code    40  main.o(i.twi_init)
    user_delay_ms                            0x00028635   Thumb Code    10  main.o(i.user_delay_ms)
    user_i2c_read                            0x00028641   Thumb Code    60  main.o(i.user_i2c_read)
    user_i2c_write                           0x00028685   Thumb Code    70  main.o(i.user_i2c_write)
    m_ram_start                              0x000288ac   Data           4  nrf_sdh_ble.o(.constdata)
    __mathlib_zero                           0x00028968   Data           8  qnan.o(.constdata)
    Region$$Table$$Base                      0x00028970   Number         0  anon$$obj.o(Region$$Table)
    Region$$Table$$Limit                     0x00028990   Number         0  anon$$obj.o(Region$$Table)
    sdh_ble_observers0$$Base                 0x00028990   Number         0  ble_conn_state.o(sdh_ble_observers0)
    sdh_ble_observers0$$Limit                0x00028998   Number         0  ble_conn_state.o(sdh_ble_observers0)
    sdh_ble_observers1$$Base                 0x00028998   Number         0  main.o(sdh_ble_observers1)
    sdh_ble_observers1$$Limit                0x000289a0   Number         0  main.o(sdh_ble_observers1)
    sdh_ble_observers2$$Base                 0x000289a0   Number         0  main.o(sdh_ble_observers2)
    sdh_ble_observers2$$Limit                0x000289b8   Number         0  ble_conn_params.o(sdh_ble_observers2)
    sdh_soc_observers0$$Base                 0x000289b8   Number         0  nrf_drv_clock.o(sdh_soc_observers0)
    sdh_soc_observers0$$Limit                0x000289c0   Number         0  nrf_drv_clock.o(sdh_soc_observers0)
    sdh_stack_observers0$$Base               0x000289c0   Number         0  nrf_sdh_ble.o(sdh_stack_observers0)
    sdh_stack_observers0$$Limit              0x000289d0   Number         0  nrf_sdh_soc.o(sdh_stack_observers0)
    sdh_state_observers0$$Base               0x000289d0   Number         0  nrf_drv_clock.o(sdh_state_observers0)
    sdh_state_observers0$$Limit              0x000289d8   Number         0  nrf_drv_clock.o(sdh_state_observers0)
    Image$$RW_IRAM1$$Base                    0x20002180   Number         0  anon$$obj.o ABSOLUTE
    TransferPending                          0x20002180   Data           1  main.o(.data)
    meas_period                              0x20002184   Data           2  main.o(.data)
    max44009_data                            0x20002186   Data           8  main.o(.data)
    lookupTable1                             0x20002190   Data          64  bme680.o(.data)
    lookupTable2                             0x200021d0   Data          64  bme680.o(.data)
    SystemCoreClock                          0x20002244   Data           4  system_nrf52.o(.data)
    bme680_data                              0x2000226c   Data          20  main.o(.bss)
    gas_sensor                               0x200022bc   Data          88  main.o(.bss)
    nrf_nvic_state                           0x20002628   Data          12  app_util_platform.o(.bss)
    __initial_sp                             0x20004638   Data           0  arm_startup_nrf52.o(STACK)



==============================================================================

Memory Map of the image

  Image Entry point : 0x00023201

  Load Region LR_IROM1 (Base: 0x00023000, Size: 0x00005aa4, Max: 0x0005d000, ABSOLUTE)

    Execution Region ER_IROM1 (Exec base: 0x00023000, Load base: 0x00023000, Size: 0x000059d8, Max: 0x0005d000, ABSOLUTE)

    Exec Addr    Load Addr    Size         Type   Attr      Idx    E Section Name        Object

    0x00023000   0x00023000   0x00000200   Data   RO         3512    RESET               arm_startup_nrf52.o
    0x00023200   0x00023200   0x00000000   Code   RO         3567  * .ARM.Collect$$$$00000000  mc_w.l(entry.o)
    0x00023200   0x00023200   0x00000004   Code   RO         3886    .ARM.Collect$$$$00000001  mc_w.l(entry2.o)
    0x00023204   0x00023204   0x00000004   Code   RO         3889    .ARM.Collect$$$$00000004  mc_w.l(entry5.o)
    0x00023208   0x00023208   0x00000000   Code   RO         3891    .ARM.Collect$$$$00000008  mc_w.l(entry7b.o)
    0x00023208   0x00023208   0x00000000   Code   RO         3893    .ARM.Collect$$$$0000000A  mc_w.l(entry8b.o)
    0x00023208   0x00023208   0x00000008   Code   RO         3894    .ARM.Collect$$$$0000000B  mc_w.l(entry9a.o)
    0x00023210   0x00023210   0x00000000   Code   RO         3896    .ARM.Collect$$$$0000000D  mc_w.l(entry10a.o)
    0x00023210   0x00023210   0x00000000   Code   RO         3898    .ARM.Collect$$$$0000000F  mc_w.l(entry11a.o)
    0x00023210   0x00023210   0x00000004   Code   RO         3887    .ARM.Collect$$$$00002712  mc_w.l(entry2.o)
    0x00023214   0x00023214   0x00000024   Code   RO         3513    .text               arm_startup_nrf52.o
    0x00023238   0x00023238   0x00000062   Code   RO         3570    .text               mc_w.l(ldiv.o)
    0x0002329a   0x0002329a   0x00000024   Code   RO         3572    .text               mc_w.l(memcpya.o)
    0x000232be   0x000232be   0x00000024   Code   RO         3574    .text               mc_w.l(memseta.o)
    0x000232e2   0x000232e2   0x0000000e   Code   RO         3576    .text               mc_w.l(strlen.o)
    0x000232f0   0x000232f0   0x000000e4   Code   RO         3843    .text               mf_w.l(dmul.o)
    0x000233d4   0x000233d4   0x0000001a   Code   RO         3845    .text               mf_w.l(dfltui.o)
    0x000233ee   0x000233ee   0x00000038   Code   RO         3847    .text               mf_w.l(d2f.o)
    0x00023426   0x00023426   0x00000062   Code   RO         3905    .text               mc_w.l(uldiv.o)
    0x00023488   0x00023488   0x00000000   Code   RO         3914    .text               mc_w.l(iusefp.o)
    0x00023488   0x00023488   0x0000006e   Code   RO         3915    .text               mf_w.l(fepilogue.o)
    0x000234f6   0x000234f6   0x000000ba   Code   RO         3917    .text               mf_w.l(depilogue.o)
    0x000235b0   0x000235b0   0x0000014e   Code   RO         3919    .text               mf_w.l(dadd.o)
    0x000236fe   0x000236fe   0x000000de   Code   RO         3921    .text               mf_w.l(ddiv.o)
    0x000237dc   0x000237dc   0x0000002e   Code   RO         3925    .text               mf_w.l(dscalb.o)
    0x0002380a   0x0002380a   0x00000022   Code   RO         3927    .text               mf_w.l(dflti.o)
    0x0002382c   0x0002382c   0x00000030   Code   RO         3931    .text               mf_w.l(cdrcmple.o)
    0x0002385c   0x0002385c   0x00000024   Code   RO         3933    .text               mc_w.l(init.o)
    0x00023880   0x00023880   0x0000001e   Code   RO         3936    .text               mc_w.l(llshl.o)
    0x0002389e   0x0002389e   0x00000020   Code   RO         3938    .text               mc_w.l(llushr.o)
    0x000238be   0x000238be   0x00000024   Code   RO         3940    .text               mc_w.l(llsshr.o)
    0x000238e2   0x000238e2   0x000000a2   Code   RO         3943    .text               mf_w.l(dsqrt.o)
    0x00023984   0x00023984   0x00000174   Code   RO         1360    i.GPIOTE_IRQHandler  nrf_drv_gpiote.o
    0x00023af8   0x00023af8   0x00000016   Code   RO         2179    i.NVIC_ClearPendingIRQ  app_timer.o
    0x00023b0e   0x00023b0e   0x00000016   Code   RO         2180    i.NVIC_EnableIRQ    app_timer.o
    0x00023b24   0x00023b24   0x00000016   Code   RO         2181    i.NVIC_SetPendingIRQ  app_timer.o
    0x00023b3a   0x00023b3a   0x00000020   Code   RO         2182    i.NVIC_SetPriority  app_timer.o
    0x00023b5a   0x00023b5a   0x00000002   PAD
    0x00023b5c   0x00023b5c   0x00000058   Code   RO         1151    i.POWER_CLOCK_IRQHandler  nrf_drv_clock.o
    0x00023bb4   0x00023bb4   0x00000024   Code   RO         2183    i.RTC1_IRQHandler   app_timer.o
    0x00023bd8   0x00023bd8   0x00000010   Code   RO         1838    i.SPIM0_SPIS0_TWIM0_TWIS0_SPI0_TWI0_IRQHandler  nrf_drv_twi.o
    0x00023be8   0x00023be8   0x00000004   Code   RO         2184    i.SWI0_EGU0_IRQHandler  app_timer.o
    0x00023bec   0x00023bec   0x00000004   Code   RO         3307    i.SWI2_EGU2_IRQHandler  nrf_sdh.o
    0x00023bf0   0x00023bf0   0x000002fc   Code   RO         3521    i.SystemInit        system_nrf52.o
    0x00023eec   0x00023eec   0x0000001c   Code   RO         1607    i.UARTE0_UART0_IRQHandler  nrf_drv_uart.o
    0x00023f08   0x00023f08   0x00000028   Code   RO         3791    i.__0sprintf$8      mc_w.l(printf8.o)
    0x00023f30   0x00023f30   0x00000030   Code   RO         3869    i.__ARM_fpclassify  m_wm.l(fpclassify.o)
    0x00023f60   0x00023f60   0x00000c50   Code   RO         3553    i.__hardfp_pow      m_wm.l(pow.o)
    0x00024bb0   0x00024bb0   0x000000f8   Code   RO         3871    i.__kernel_poly     m_wm.l(poly.o)
    0x00024ca8   0x00024ca8   0x00000030   Code   RO         3849    i.__mathlib_dbl_divzero  m_wm.l(dunder.o)
    0x00024cd8   0x00024cd8   0x00000014   Code   RO         3851    i.__mathlib_dbl_infnan2  m_wm.l(dunder.o)
    0x00024cec   0x00024cec   0x00000004   PAD
    0x00024cf0   0x00024cf0   0x00000020   Code   RO         3852    i.__mathlib_dbl_invalid  m_wm.l(dunder.o)
    0x00024d10   0x00024d10   0x00000020   Code   RO         3853    i.__mathlib_dbl_overflow  m_wm.l(dunder.o)
    0x00024d30   0x00024d30   0x00000020   Code   RO         3855    i.__mathlib_dbl_underflow  m_wm.l(dunder.o)
    0x00024d50   0x00024d50   0x0000000e   Code   RO         3949    i.__scatterload_copy  mc_w.l(handlers.o)
    0x00024d5e   0x00024d5e   0x00000002   Code   RO         3950    i.__scatterload_null  mc_w.l(handlers.o)
    0x00024d60   0x00024d60   0x0000000e   Code   RO         3951    i.__scatterload_zeroinit  mc_w.l(handlers.o)
    0x00024d6e   0x00024d6e   0x00000002   PAD
    0x00024d70   0x00024d70   0x00000024   Code   RO         3308    i.__sd_nvic_app_accessible_irq  nrf_sdh.o
    0x00024d94   0x00024d94   0x0000000c   Code   RO         3909    i.__set_errno       mc_w.l(errno.o)
    0x00024da0   0x00024da0   0x00000410   Code   RO         3796    i._printf_core      mc_w.l(printf8.o)
    0x000251b0   0x000251b0   0x00000024   Code   RO         3797    i._printf_post_padding  mc_w.l(printf8.o)
    0x000251d4   0x000251d4   0x0000002e   Code   RO         3798    i._printf_pre_padding  mc_w.l(printf8.o)
    0x00025202   0x00025202   0x0000000a   Code   RO         3800    i._sputc            mc_w.l(printf8.o)
    0x0002520c   0x0002520c   0x00000034   Code   RO            4    i.advertising_start  main.o
    0x00025240   0x00025240   0x00000030   Code   RO         1989    i.app_button_disable  app_button.o
    0x00025270   0x00025270   0x00000024   Code   RO         1990    i.app_button_enable  app_button.o
    0x00025294   0x00025294   0x00000030   Code   RO         2091    i.app_error_fault_handler  app_error_weak.o
    0x000252c4   0x000252c4   0x00000016   Code   RO         2052    i.app_error_handler_bare  app_error.o
    0x000252da   0x000252da   0x00000002   PAD
    0x000252dc   0x000252dc   0x00000024   Code   RO         2187    i.app_timer_create  app_timer.o
    0x00025300   0x00025300   0x00000054   Code   RO         2188    i.app_timer_init    app_timer.o
    0x00025354   0x00025354   0x00000088   Code   RO         2191    i.app_timer_start   app_timer.o
    0x000253dc   0x000253dc   0x00000020   Code   RO         2192    i.app_timer_stop    app_timer.o
    0x000253fc   0x000253fc   0x00000048   Code   RO         2345    i.app_util_critical_region_enter  app_util_platform.o
    0x00025444   0x00025444   0x00000034   Code   RO         2346    i.app_util_critical_region_exit  app_util_platform.o
    0x00025478   0x00025478   0x00000182   Code   RO          623    i.ble_advdata_encode  ble_advdata.o
    0x000255fa   0x000255fa   0x00000068   Code   RO          624    i.ble_advdata_set   ble_advdata.o
    0x00025662   0x00025662   0x00000002   PAD
    0x00025664   0x00025664   0x00000068   Code   RO          719    i.ble_conn_params_init  ble_conn_params.o
    0x000256cc   0x000256cc   0x00000060   Code   RO          625    i.ble_device_addr_encode  ble_advdata.o
    0x0002572c   0x0002572c   0x00000100   Code   RO            6    i.ble_evt_handler   main.o
    0x0002582c   0x0002582c   0x000000fc   Code   RO          721    i.ble_evt_handler   ble_conn_params.o
    0x00025928   0x00025928   0x0000010c   Code   RO          821    i.ble_evt_handler   ble_conn_state.o
    0x00025a34   0x00025a34   0x00000058   Code   RO         1101    i.ble_lbs_init      ble_lbs.o
    0x00025a8c   0x00025a8c   0x0000002e   Code   RO         1102    i.ble_lbs_on_ble_evt  ble_lbs.o
    0x00025aba   0x00025aba   0x00000008   Code   RO          957    i.ble_srv_is_notification_enabled  ble_srv_common.o
    0x00025ac2   0x00025ac2   0x00000032   Code   RO          363    i.bme680_get_profile_dur  bme680.o
    0x00025af4   0x00025af4   0x00000048   Code   RO          364    i.bme680_get_regs   bme680.o
    0x00025b3c   0x00025b3c   0x0000002e   Code   RO          365    i.bme680_get_sensor_data  bme680.o
    0x00025b6a   0x00025b6a   0x0000003c   Code   RO          368    i.bme680_init       bme680.o
    0x00025ba6   0x00025ba6   0x00000002   PAD
    0x00025ba8   0x00025ba8   0x00000030   Code   RO            7    i.bme680_read       main.o
    0x00025bd8   0x00025bd8   0x00000096   Code   RO          370    i.bme680_set_regs   bme680.o
    0x00025c6e   0x00025c6e   0x00000074   Code   RO          371    i.bme680_set_sensor_mode  bme680.o
    0x00025ce2   0x00025ce2   0x000001e4   Code   RO          372    i.bme680_set_sensor_settings  bme680.o
    0x00025ec6   0x00025ec6   0x00000002   PAD
    0x00025ec8   0x00025ec8   0x00000054   Code   RO            8    i.bme680_setup      main.o
    0x00025f1c   0x00025f1c   0x0000004e   Code   RO          373    i.bme680_soft_reset  bme680.o
    0x00025f6a   0x00025f6a   0x00000036   Code   RO          374    i.boundary_check    bme680.o
    0x00025fa0   0x00025fa0   0x00000010   Code   RO          512    i.bsp_board_led_off  boards.o
    0x00025fb0   0x00025fb0   0x00000010   Code   RO          513    i.bsp_board_led_on  boards.o
    0x00025fc0   0x00025fc0   0x000000d2   Code   RO         1104    i.button_char_add   ble_lbs.o
    0x00026092   0x00026092   0x00000002   PAD
    0x00026094   0x00026094   0x00000090   Code   RO          375    i.calc_gas_resistance  bme680.o
    0x00026124   0x00026124   0x000000bc   Code   RO          376    i.calc_humidity     bme680.o
    0x000261e0   0x000261e0   0x0000006c   Code   RO            9    i.calc_lux          main.o
    0x0002624c   0x0002624c   0x00000104   Code   RO          377    i.calc_pressure     bme680.o
    0x00026350   0x00026350   0x00000098   Code   RO          378    i.calc_temperature  bme680.o
    0x000263e8   0x000263e8   0x00000010   Code   RO         1363    i.channel_port_get  nrf_drv_gpiote.o
    0x000263f8   0x000263f8   0x00000028   Code   RO         1152    i.clock_clk_started_notify  nrf_drv_clock.o
    0x00026420   0x00026420   0x000000ac   Code   RO         2194    i.compare_reg_update  app_timer.o
    0x000264cc   0x000264cc   0x00000088   Code   RO          626    i.conn_int_encode   ble_advdata.o
    0x00026554   0x00026554   0x00000004   Code   RO           10    i.conn_params_error_handler  main.o
    0x00026558   0x00026558   0x00000048   Code   RO          722    i.conn_params_negotiation  ble_conn_params.o
    0x000265a0   0x000265a0   0x00000040   Code   RO         2195    i.elapsed_ticks_acquire  app_timer.o
    0x000265e0   0x000265e0   0x00000018   Code   RO         3865    i.fabs              m_wm.l(fabs.o)
    0x000265f8   0x000265f8   0x0000013a   Code   RO          379    i.get_calib_data    bme680.o
    0x00026732   0x00026732   0x00000030   Code   RO          381    i.get_mem_page      bme680.o
    0x00026762   0x00026762   0x00000002   PAD
    0x00026764   0x00026764   0x00000014   Code   RO          723    i.instance_get      ble_conn_params.o
    0x00026778   0x00026778   0x0000014e   Code   RO         1839    i.irq_handler_twim  nrf_drv_twi.o
    0x000268c6   0x000268c6   0x00000044   Code   RO          724    i.is_conn_params_ok  ble_conn_params.o
    0x0002690a   0x0002690a   0x0000009e   Code   RO         1105    i.led_char_add      ble_lbs.o
    0x000269a8   0x000269a8   0x0000000e   Code   RO           11    i.led_write_handler  main.o
    0x000269b6   0x000269b6   0x00000002   PAD
    0x000269b8   0x000269b8   0x00000028   Code   RO         1155    i.lfclk_stop        nrf_drv_clock.o
    0x000269e0   0x000269e0   0x00000014   Code   RO         1014    i.link_init         nrf_ble_gatt.o
    0x000269f4   0x000269f4   0x000000f8   Code   RO         2196    i.list_insertions_handler  app_timer.o
    0x00026aec   0x00026aec   0x00000180   Code   RO           12    i.main              main.o
    0x00026c6c   0x00026c6c   0x00000064   Code   RO          627    i.manuf_specific_data_encode  ble_advdata.o
    0x00026cd0   0x00026cd0   0x00000074   Code   RO           13    i.max44009_read     main.o
    0x00026d44   0x00026d44   0x0000011c   Code   RO           14    i.mein_timer_timeout_handler  main.o
    0x00026e60   0x00026e60   0x0000009c   Code   RO          628    i.name_encode       ble_advdata.o
    0x00026efc   0x00026efc   0x00000010   Code   RO         1364    i.nrf_bitmask_bit_is_set  nrf_drv_gpiote.o
    0x00026f0c   0x00026f0c   0x00000022   Code   RO         1020    i.nrf_ble_gatt_init  nrf_ble_gatt.o
    0x00026f2e   0x00026f2e   0x00000002   PAD
    0x00026f30   0x00026f30   0x00000150   Code   RO         1021    i.nrf_ble_gatt_on_ble_evt  nrf_ble_gatt.o
    0x00027080   0x00027080   0x0000000e   Code   RO         1156    i.nrf_clock_event_check  nrf_drv_clock.o
    0x0002708e   0x0002708e   0x00000010   Code   RO         1157    i.nrf_clock_event_clear  nrf_drv_clock.o
    0x0002709e   0x0002709e   0x00000002   PAD
    0x000270a0   0x000270a0   0x0000008c   Code   RO           15    i.nrf_delay_us      main.o
    0x0002712c   0x0002712c   0x0000008c   Code   RO         1840    i.nrf_delay_us      nrf_drv_twi.o
    0x000271b8   0x000271b8   0x0000008c   Code   RO         2197    i.nrf_delay_us      app_timer.o
    0x00027244   0x00027244   0x00000048   Code   RO         1164    i.nrf_drv_clock_init  nrf_drv_clock.o
    0x0002728c   0x0002728c   0x0000002c   Code   RO         1168    i.nrf_drv_clock_lfclk_release  nrf_drv_clock.o
    0x000272b8   0x000272b8   0x00000038   Code   RO         1324    i.nrf_drv_common_irq_enable  nrf_drv_common.o
    0x000272f0   0x000272f0   0x00000048   Code   RO         1368    i.nrf_drv_gpiote_in_event_disable  nrf_drv_gpiote.o
    0x00027338   0x00027338   0x000000a4   Code   RO         1369    i.nrf_drv_gpiote_in_event_enable  nrf_drv_gpiote.o
    0x000273dc   0x000273dc   0x00000010   Code   RO         1841    i.nrf_drv_is_in_RAM  nrf_drv_twi.o
    0x000273ec   0x000273ec   0x00000020   Code   RO         1844    i.nrf_drv_twi_enable  nrf_drv_twi.o
    0x0002740c   0x0002740c   0x0000008c   Code   RO         1845    i.nrf_drv_twi_init  nrf_drv_twi.o
    0x00027498   0x00027498   0x00000024   Code   RO         1847    i.nrf_drv_twi_rx    nrf_drv_twi.o
    0x000274bc   0x000274bc   0x00000024   Code   RO         1850    i.nrf_drv_twi_tx    nrf_drv_twi.o
    0x000274e0   0x000274e0   0x00000024   Code   RO         1852    i.nrf_drv_twi_xfer  nrf_drv_twi.o
    0x00027504   0x00027504   0x00000022   Code   RO         1390    i.nrf_gpio_cfg_sense_set  nrf_drv_gpiote.o
    0x00027526   0x00027526   0x0000000e   Code   RO         1853    i.nrf_gpio_pin_set  nrf_drv_twi.o
    0x00027534   0x00027534   0x00000016   Code   RO          521    i.nrf_gpio_pin_write  boards.o
    0x0002754a   0x0002754a   0x00000002   PAD
    0x0002754c   0x0002754c   0x00000028   Code   RO         1391    i.nrf_gpio_ports_read  nrf_drv_gpiote.o
    0x00027574   0x00027574   0x00000014   Code   RO         1392    i.nrf_gpiote_event_clear  nrf_drv_gpiote.o
    0x00027588   0x00027588   0x00000010   Code   RO         1393    i.nrf_gpiote_event_is_set  nrf_drv_gpiote.o
    0x00027598   0x00027598   0x00000014   Code   RO         3431    i.nrf_sdh_ble_app_ram_start_get  nrf_sdh_ble.o
    0x000275ac   0x000275ac   0x0000008c   Code   RO         3432    i.nrf_sdh_ble_default_cfg_set  nrf_sdh_ble.o
    0x00027638   0x00027638   0x00000004   Code   RO         3433    i.nrf_sdh_ble_enable  nrf_sdh_ble.o
    0x0002763c   0x0002763c   0x00000050   Code   RO         3434    i.nrf_sdh_ble_evts_poll  nrf_sdh_ble.o
    0x0002768c   0x0002768c   0x00000058   Code   RO         3310    i.nrf_sdh_enable_request  nrf_sdh.o
    0x000276e4   0x000276e4   0x00000024   Code   RO         3311    i.nrf_sdh_evts_poll  nrf_sdh.o
    0x00027708   0x00027708   0x0000000c   Code   RO         3312    i.nrf_sdh_is_enabled  nrf_sdh.o
    0x00027714   0x00027714   0x0000003c   Code   RO         3481    i.nrf_sdh_soc_evts_poll  nrf_sdh_soc.o
    0x00027750   0x00027750   0x0000000a   Code   RO         2822    i.nrf_section_iter_init  nrf_section_iter.o
    0x0002775a   0x0002775a   0x00000024   Code   RO         2823    i.nrf_section_iter_item_set  nrf_section_iter.o
    0x0002777e   0x0002777e   0x00000020   Code   RO         2824    i.nrf_section_iter_next  nrf_section_iter.o
    0x0002779e   0x0002779e   0x0000000a   Code   RO         1854    i.nrf_twim_event_check  nrf_drv_twi.o
    0x000277a8   0x000277a8   0x0000000c   Code   RO         1855    i.nrf_twim_event_clear  nrf_drv_twi.o
    0x000277b4   0x000277b4   0x0000000a   Code   RO         1630    i.nrf_uart_event_check  nrf_drv_uart.o
    0x000277be   0x000277be   0x0000000c   Code   RO         1631    i.nrf_uart_event_clear  nrf_drv_uart.o
    0x000277ca   0x000277ca   0x0000000c   Code   RO         1632    i.nrf_uart_int_enable_check  nrf_drv_uart.o
    0x000277d6   0x000277d6   0x0000000a   Code   RO         1633    i.nrf_uarte_event_check  nrf_drv_uart.o
    0x000277e0   0x000277e0   0x0000000c   Code   RO         1634    i.nrf_uarte_event_clear  nrf_drv_uart.o
    0x000277ec   0x000277ec   0x00000018   Code   RO          382    i.null_ptr_check    bme680.o
    0x00027804   0x00027804   0x0000001c   Code   RO           16    i.on_conn_params_evt  main.o
    0x00027820   0x00027820   0x00000062   Code   RO         1022    i.on_connected_evt  nrf_ble_gatt.o
    0x00027882   0x00027882   0x00000002   PAD
    0x00027884   0x00027884   0x00000018   Code   RO         1394    i.pin_in_use_by_port  nrf_drv_gpiote.o
    0x0002789c   0x0002789c   0x00000018   Code   RO         1395    i.pin_in_use_by_te  nrf_drv_gpiote.o
    0x000278b4   0x000278b4   0x000000ec   Code   RO          383    i.read_field_data   bme680.o
    0x000279a0   0x000279a0   0x0000003c   Code   RO         2198    i.rtc1_stop         app_timer.o
    0x000279dc   0x000279dc   0x00000032   Code   RO         1636    i.rx_byte           nrf_drv_uart.o
    0x00027a0e   0x00027a0e   0x00000018   Code   RO         1637    i.rx_done_event     nrf_drv_uart.o
    0x00027a26   0x00027a26   0x00000002   PAD
    0x00027a28   0x00027a28   0x00000070   Code   RO         3318    i.sd_nvic_EnableIRQ  nrf_sdh.o
    0x00027a98   0x00027a98   0x00000054   Code   RO         1171    i.sd_state_evt_handler  nrf_drv_clock.o
    0x00027aec   0x00027aec   0x00000030   Code   RO         3319    i.sdh_request_observer_notify  nrf_sdh.o
    0x00027b1c   0x00027b1c   0x0000002c   Code   RO         3320    i.sdh_state_observer_notify  nrf_sdh.o
    0x00027b48   0x00027b48   0x00000044   Code   RO         2893    i.sdk_mapped_flags_bulk_update_by_key  sdk_mapped_flags.o
    0x00027b8c   0x00027b8c   0x00000022   Code   RO         2894    i.sdk_mapped_flags_first_key_index_get  sdk_mapped_flags.o
    0x00027bae   0x00027bae   0x00000010   Code   RO         2895    i.sdk_mapped_flags_get_by_index  sdk_mapped_flags.o
    0x00027bbe   0x00027bbe   0x0000004a   Code   RO         2898    i.sdk_mapped_flags_key_list_get  sdk_mapped_flags.o
    0x00027c08   0x00027c08   0x0000000e   Code   RO         2900    i.sdk_mapped_flags_update_by_key  sdk_mapped_flags.o
    0x00027c16   0x00027c16   0x00000002   PAD
    0x00027c18   0x00027c18   0x00000010   Code   RO          725    i.send_error_evt    ble_conn_params.o
    0x00027c28   0x00027c28   0x00000088   Code   RO          629    i.service_data_encode  ble_advdata.o
    0x00027cb0   0x00027cb0   0x000000ec   Code   RO          384    i.set_gas_config    bme680.o
    0x00027d9c   0x00027d9c   0x00000066   Code   RO          385    i.set_mem_page      bme680.o
    0x00027e02   0x00027e02   0x0000000a   Code   RO         1172    i.soc_evt_handler   nrf_drv_clock.o
    0x00027e0c   0x00027e0c   0x0000006e   Code   RO         3876    i.sqrt              m_wm.l(sqrt.o)
    0x00027e7a   0x00027e7a   0x00000002   PAD
    0x00027e7c   0x00027e7c   0x00000080   Code   RO         2199    i.timer_list_handler  app_timer.o
    0x00027efc   0x00027efc   0x0000003c   Code   RO         2200    i.timer_list_insert  app_timer.o
    0x00027f38   0x00027f38   0x00000060   Code   RO         2201    i.timer_list_remove  app_timer.o
    0x00027f98   0x00027f98   0x00000048   Code   RO         2202    i.timer_stop_op_schedule  app_timer.o
    0x00027fe0   0x00027fe0   0x00000074   Code   RO         2203    i.timer_timeouts_check  app_timer.o
    0x00028054   0x00028054   0x000000aa   Code   RO         1856    i.twi_clear_bus     nrf_drv_twi.o
    0x000280fe   0x000280fe   0x00000002   PAD
    0x00028100   0x00028100   0x00000010   Code   RO           17    i.twi_handler       main.o
    0x00028110   0x00028110   0x00000030   Code   RO           18    i.twi_init          main.o
    0x00028140   0x00028140   0x00000238   Code   RO         1857    i.twim_xfer         nrf_drv_twi.o
    0x00028378   0x00028378   0x00000020   Code   RO         1639    i.tx_byte           nrf_drv_uart.o
    0x00028398   0x00028398   0x0000001c   Code   RO         1640    i.tx_done_event     nrf_drv_uart.o
    0x000283b4   0x000283b4   0x0000011e   Code   RO         1641    i.uart_irq_handler  nrf_drv_uart.o
    0x000284d2   0x000284d2   0x000000f0   Code   RO         1642    i.uarte_irq_handler  nrf_drv_uart.o
    0x000285c2   0x000285c2   0x0000000a   Code   RO          630    i.uint16_encode     ble_advdata.o
    0x000285cc   0x000285cc   0x00000068   Code   RO          726    i.update_timeout_handler  ble_conn_params.o
    0x00028634   0x00028634   0x0000000a   Code   RO           19    i.user_delay_ms     main.o
    0x0002863e   0x0002863e   0x00000002   PAD
    0x00028640   0x00028640   0x00000044   Code   RO           20    i.user_i2c_read     main.o
    0x00028684   0x00028684   0x00000050   Code   RO           21    i.user_i2c_write    main.o
    0x000286d4   0x000286d4   0x00000030   Code   RO         2204    i.user_op_alloc     app_timer.o
    0x00028704   0x00028704   0x00000030   Code   RO          631    i.uuid_list_encode  ble_advdata.o
    0x00028734   0x00028734   0x0000009e   Code   RO          632    i.uuid_list_sized_encode  ble_advdata.o
    0x000287d2   0x000287d2   0x00000002   PAD
    0x000287d4   0x000287d4   0x00000020   Data   RO           24    .constdata          main.o
    0x000287f4   0x000287f4   0x00000008   Data   RO          522    .constdata          boards.o
    0x000287fc   0x000287fc   0x00000016   Data   RO         1023    .constdata          nrf_ble_gatt.o
    0x00028812   0x00028812   0x00000002   PAD
    0x00028814   0x00028814   0x00000010   Data   RO         1106    .constdata          ble_lbs.o
    0x00028824   0x00028824   0x00000004   Data   RO         1397    .constdata          nrf_drv_gpiote.o
    0x00028828   0x00028828   0x0000000c   Data   RO         1862    .constdata          nrf_drv_twi.o
    0x00028834   0x00028834   0x00000008   Data   RO         1996    .constdata          app_button.o
    0x0002883c   0x0002883c   0x00000010   Data   RO         3321    .constdata          nrf_sdh.o
    0x0002884c   0x0002884c   0x00000028   Data   RO         3322    .constdata          nrf_sdh.o
    0x00028874   0x00028874   0x00000010   Data   RO         3323    .constdata          nrf_sdh.o
    0x00028884   0x00028884   0x00000010   Data   RO         3324    .constdata          nrf_sdh.o
    0x00028894   0x00028894   0x00000018   Data   RO         3435    .constdata          nrf_sdh_ble.o
    0x000288ac   0x000288ac   0x00000014   Data   RO         3436    .constdata          nrf_sdh_ble.o
    0x000288c0   0x000288c0   0x00000010   Data   RO         3482    .constdata          nrf_sdh_soc.o
    0x000288d0   0x000288d0   0x0000000c   Data   RO         3483    .constdata          nrf_sdh_soc.o
    0x000288dc   0x000288dc   0x00000004   PAD
    0x000288e0   0x000288e0   0x00000088   Data   RO         3556    .constdata          m_wm.l(pow.o)
    0x00028968   0x00028968   0x00000008   Data   RO         3873    .constdata          m_wm.l(qnan.o)
    0x00028970   0x00028970   0x00000020   Data   RO         3947    Region$$Table       anon$$obj.o
    0x00028990   0x00028990   0x00000008   Data   RO          824    sdh_ble_observers0  ble_conn_state.o
    0x00028998   0x00028998   0x00000008   Data   RO           26    sdh_ble_observers1  main.o
    0x000289a0   0x000289a0   0x00000010   Data   RO           27    sdh_ble_observers2  main.o
    0x000289b0   0x000289b0   0x00000008   Data   RO          729    sdh_ble_observers2  ble_conn_params.o
    0x000289b8   0x000289b8   0x00000008   Data   RO         1178    sdh_soc_observers0  nrf_drv_clock.o
    0x000289c0   0x000289c0   0x00000008   Data   RO         3437    sdh_stack_observers0  nrf_sdh_ble.o
    0x000289c8   0x000289c8   0x00000008   Data   RO         3484    sdh_stack_observers0  nrf_sdh_soc.o
    0x000289d0   0x000289d0   0x00000008   Data   RO         1179    sdh_state_observers0  nrf_drv_clock.o


    Execution Region RW_IRAM1 (Exec base: 0x20002180, Load base: 0x000289d8, Size: 0x000024b8, Max: 0x0000de80, ABSOLUTE)

    Exec Addr    Load Addr    Size         Type   Attr      Idx    E Section Name        Object

    0x20002180   0x000289d8   0x0000000e   Data   RW           25    .data               main.o
    0x2000218e   0x000289e6   0x00000002   PAD
    0x20002190   0x000289e8   0x00000080   Data   RW          386    .data               bme680.o
    0x20002210   0x00028a68   0x00000008   Data   RW          728    .data               ble_conn_params.o
    0x20002218   0x00028a70   0x00000014   Data   RW         1997    .data               app_button.o
    0x2000222c   0x00028a84   0x00000014   Data   RW         2206    .data               app_timer.o
    0x20002240   0x00028a98   0x00000003   Data   RW         3325    .data               nrf_sdh.o
    0x20002243   0x00028a9b   0x00000001   PAD
    0x20002244   0x00028a9c   0x00000004   Data   RW         3522    .data               system_nrf52.o
    0x20002248   0x00028aa0   0x00000004   Data   RW         3910    .data               mc_w.l(errno.o)
    0x2000224c        -       0x00000020   Zero   RW           22    .bss                main.o
    0x2000226c        -       0x000000d4   Zero   RW           23    .bss                main.o
    0x20002340        -       0x00000050   Zero   RW          727    .bss                ble_conn_params.o
    0x20002390        -       0x000000b8   Zero   RW          823    .bss                ble_conn_state.o
    0x20002448        -       0x00000014   Zero   RW         1173    .bss                nrf_drv_clock.o
    0x2000245c        -       0x00000058   Zero   RW         1396    .bss                nrf_drv_gpiote.o
    0x200024b4        -       0x00000020   Zero   RW         1643    .bss                nrf_drv_uart.o
    0x200024d4        -       0x00000028   Zero   RW         1858    .bss                nrf_drv_twi.o
    0x200024fc        -       0x00000020   Zero   RW         1995    .bss                app_button.o
    0x2000251c        -       0x0000010c   Zero   RW         2205    .bss                app_timer.o
    0x20002628        -       0x0000000c   Zero   RW         2351    .bss                app_util_platform.o
    0x20002634   0x00028aa4   0x00000004   PAD
    0x20002638        -       0x00002000   Zero   RW         3510    STACK               arm_startup_nrf52.o


==============================================================================

Image component sizes


      Code (inc. data)   RO Data    RW Data    ZI Data      Debug   Object Name

        84         14          8         20         32       1889   app_button.o
        22          0          0          0          0       1885   app_error.o
        48         10          0          0          0      27165   app_error_weak.o
      1630        122          0         20        268      44091   app_timer.o
       124         14          0          0         12       8458   app_util_platform.o
        36          8        512          0       8192        856   arm_startup_nrf52.o
      1330          0          0          0          0      59451   ble_advdata.o
       636         44          8          8         80      11963   ble_conn_params.o
       268          6          8          0        184       2843   ble_conn_state.o
       502          6         16          0          0       4432   ble_lbs.o
         8          0          0          0          0       1066   ble_srv_common.o
      2814         20          0        128          0      22834   bme680.o
        54         12          8          0          0       5548   boards.o
      1740        200         56         14        244     143228   main.o
       488          4         22          0          0      29374   nrf_ble_gatt.o
       408         40         16          0         20      39195   nrf_drv_clock.o
        56          0          0          0          0      27339   nrf_drv_common.o
       798         52          4          0         88      21183   nrf_drv_gpiote.o
      1560         42         12          0         40      25208   nrf_drv_twi.o
       744          8          0          0         32      21088   nrf_drv_uart.o
       380         44         88          3          0      39351   nrf_sdh.o
       244         16         52          0          0       4204   nrf_sdh_ble.o
        60          4         36          0          0       1664   nrf_sdh_soc.o
        78          0          0          0          0       1956   nrf_section_iter.o
       206          0          0          0          0       4422   sdk_mapped_flags.o
       764         64          0          4          0       2595   system_nrf52.o

    ----------------------------------------------------------------------
     15116        730        884        200       9196     553288   Object Totals
         0          0         32          0          0          0   (incl. Generated)
        34          0          6          3          4          0   (incl. Padding)

    ----------------------------------------------------------------------

      Code (inc. data)   RO Data    RW Data    ZI Data      Debug   Library Member Name

       164         44          0          0          0        620   dunder.o
        24          0          0          0          0        124   fabs.o
        48          0          0          0          0        124   fpclassify.o
       248          0          0          0          0        152   poly.o
      3152        296        136          0          0        352   pow.o
         0          0          8          0          0          0   qnan.o
       110          0          0          0          0        148   sqrt.o
         0          0          0          0          0          0   entry.o
         0          0          0          0          0          0   entry10a.o
         0          0          0          0          0          0   entry11a.o
         8          4          0          0          0          0   entry2.o
         4          0          0          0          0          0   entry5.o
         0          0          0          0          0          0   entry7b.o
         0          0          0          0          0          0   entry8b.o
         8          4          0          0          0          0   entry9a.o
        12          6          0          4          0         68   errno.o
        30          0          0          0          0          0   handlers.o
        36          8          0          0          0         68   init.o
         0          0          0          0          0          0   iusefp.o
        98          0          0          0          0         84   ldiv.o
        30          0          0          0          0         68   llshl.o
        36          0          0          0          0         68   llsshr.o
        32          0          0          0          0         68   llushr.o
        36          0          0          0          0         68   memcpya.o
        36          0          0          0          0        108   memseta.o
      1172         50          0          0          0        420   printf8.o
        14          0          0          0          0         68   strlen.o
        98          0          0          0          0         92   uldiv.o
        48          0          0          0          0         68   cdrcmple.o
        56          0          0          0          0         88   d2f.o
       334          0          0          0          0        148   dadd.o
       222          0          0          0          0        100   ddiv.o
       186          0          0          0          0        176   depilogue.o
        34          0          0          0          0         76   dflti.o
        26          0          0          0          0         76   dfltui.o
       228          0          0          0          0         96   dmul.o
        46          0          0          0          0         80   dscalb.o
       162          0          0          0          0        100   dsqrt.o
       110          0          0          0          0        168   fepilogue.o

    ----------------------------------------------------------------------
      6856        412        144          4          0       3876   Library Totals
         8          0          0          0          0          0   (incl. Padding)

    ----------------------------------------------------------------------

      Code (inc. data)   RO Data    RW Data    ZI Data      Debug   Library Name

      3746        340        144          0          0       1520   m_wm.l
      1650         72          0          4          0       1180   mc_w.l
      1452          0          0          0          0       1176   mf_w.l

    ----------------------------------------------------------------------
      6856        412        144          4          0       3876   Library Totals

    ----------------------------------------------------------------------

==============================================================================


      Code (inc. data)   RO Data    RW Data    ZI Data      Debug   

     21972       1142       1028        204       9196     539572   Grand Totals
     21972       1142       1028        204       9196     539572   ELF Image Totals
     21972       1142       1028        204          0          0   ROM Totals

==============================================================================

    Total RO  Size (Code + RO Data)                23000 (  22.46kB)
    Total RW  Size (RW Data + ZI Data)              9400 (   9.18kB)
    Total ROM Size (Code + RO Data + RW Data)      23204 (  22.66kB)

==============================================================================

